09:58:12 **** Build of configuration Release for project XMC2AD9833 ****
"\"C:\\Programs\\Dave4\\eclipse\\ARM-GCC-49\\bin\\make\"" --output-sync -j4 all 
'Building file: ../Startup/system_XMC1100.c'
'Invoking: ARM-GCC C Compiler'
"C:\Programs\Dave4\eclipse\ARM-GCC-49/bin/arm-none-eabi-gcc" -MMD -MT "Startup/system_XMC1100.o" -DXMC1100_Q024x0064 -I"C:\Users\Bernd\Documents\AD9833DDS\AD9833FreqGen\XMC2AD9833\Libraries\XMCLib\inc" -I"C:\Users\Bernd\Documents\AD9833DDS\AD9833FreqGen\XMC2AD9833/Libraries/CMSIS/Include" -I"C:\Users\Bernd\Documents\AD9833DDS\AD9833FreqGen\XMC2AD9833/Libraries/CMSIS/Infineon/XMC1100_series/Include" -I"C:\Users\Bernd\Documents\AD9833DDS\AD9833FreqGen\XMC2AD9833" -I"C:\Users\Bernd\Documents\AD9833DDS\AD9833FreqGen\XMC2AD9833\Dave\Generated" -I"C:\Users\Bernd\Documents\AD9833DDS\AD9833FreqGen\XMC2AD9833\Libraries" -Os -ffunction-sections -fdata-sections -Wall -std=gnu99 -Wa,-adhlns="Startup/system_XMC1100.o.lst" -pipe -c -fmessage-length=0 -MMD -MP -MF"Startup/system_XMC1100.d" -MT"Startup/system_XMC1100.d Startup/system_XMC1100.o" -mcpu=cortex-m0 -mthumb -o "Startup/system_XMC1100.o" "../Startup/system_XMC1100.c"
'Finished building: ../Startup/system_XMC1100.c'

'Building file: ../Startup/startup_XMC1100.S'
'Invoking: ARM-GCC Assembler'
"C:\Programs\Dave4\eclipse\ARM-GCC-49/bin/arm-none-eabi-gcc" -MMD -MT "Startup/startup_XMC1100.o" -x assembler-with-cpp -DXMC1100_Q024x0064 -I"C:\Users\Bernd\Documents\AD9833DDS\AD9833FreqGen\XMC2AD9833\Libraries\XMCLib\inc" -I"C:\Users\Bernd\Documents\AD9833DDS\AD9833FreqGen\XMC2AD9833" -I"C:\Users\Bernd\Documents\AD9833DDS\AD9833FreqGen\XMC2AD9833\Dave\Generated" -Wall -Wa,-adhlns="Startup/startup_XMC1100.o.lst" -c -fmessage-length=0 -MMD -MP -MF"Startup/startup_XMC1100.d" -MT"Startup/startup_XMC1100.d Startup/startup_XMC1100.o" -mcpu=cortex-m0 -mthumb -o "Startup/startup_XMC1100.o" "../Startup/startup_XMC1100.S"
'Finished building: ../Startup/startup_XMC1100.S'

'Building file: ../Libraries/XMCLib/src/xmc1_eru.c'
'Invoking: ARM-GCC C Compiler'
"C:\Programs\Dave4\eclipse\ARM-GCC-49/bin/arm-none-eabi-gcc" -MMD -MT "Libraries/XMCLib/src/xmc1_eru.o" -DXMC1100_Q024x0064 -I"C:\Users\Bernd\Documents\AD9833DDS\AD9833FreqGen\XMC2AD9833\Libraries\XMCLib\inc" -I"C:\Users\Bernd\Documents\AD9833DDS\AD9833FreqGen\XMC2AD9833/Libraries/CMSIS/Include" -I"C:\Users\Bernd\Documents\AD9833DDS\AD9833FreqGen\XMC2AD9833/Libraries/CMSIS/Infineon/XMC1100_series/Include" -I"C:\Users\Bernd\Documents\AD9833DDS\AD9833FreqGen\XMC2AD9833" -I"C:\Users\Bernd\Documents\AD9833DDS\AD9833FreqGen\XMC2AD9833\Dave\Generated" -I"C:\Users\Bernd\Documents\AD9833DDS\AD9833FreqGen\XMC2AD9833\Libraries" -Os -ffunction-sections -fdata-sections -Wall -std=gnu99 -Wa,-adhlns="Libraries/XMCLib/src/xmc1_eru.o.lst" -pipe -c -fmessage-length=0 -MMD -MP -MF"Libraries/XMCLib/src/xmc1_eru.d" -MT"Libraries/XMCLib/src/xmc1_eru.d Libraries/XMCLib/src/xmc1_eru.o" -mcpu=cortex-m0 -mthumb -o "Libraries/XMCLib/src/xmc1_eru.o" "../Libraries/XMCLib/src/xmc1_eru.c"
'Finished building: ../Libraries/XMCLib/src/xmc1_eru.c'

'Building file: ../Libraries/XMCLib/src/xmc1_flash.c'
'Invoking: ARM-GCC C Compiler'
"C:\Programs\Dave4\eclipse\ARM-GCC-49/bin/arm-none-eabi-gcc" -MMD -MT "Libraries/XMCLib/src/xmc1_flash.o" -DXMC1100_Q024x0064 -I"C:\Users\Bernd\Documents\AD9833DDS\AD9833FreqGen\XMC2AD9833\Libraries\XMCLib\inc" -I"C:\Users\Bernd\Documents\AD9833DDS\AD9833FreqGen\XMC2AD9833/Libraries/CMSIS/Include" -I"C:\Users\Bernd\Documents\AD9833DDS\AD9833FreqGen\XMC2AD9833/Libraries/CMSIS/Infineon/XMC1100_series/Include" -I"C:\Users\Bernd\Documents\AD9833DDS\AD9833FreqGen\XMC2AD9833" -I"C:\Users\Bernd\Documents\AD9833DDS\AD9833FreqGen\XMC2AD9833\Dave\Generated" -I"C:\Users\Bernd\Documents\AD9833DDS\AD9833FreqGen\XMC2AD9833\Libraries" -Os -ffunction-sections -fdata-sections -Wall -std=gnu99 -Wa,-adhlns="Libraries/XMCLib/src/xmc1_flash.o.lst" -pipe -c -fmessage-length=0 -MMD -MP -MF"Libraries/XMCLib/src/xmc1_flash.d" -MT"Libraries/XMCLib/src/xmc1_flash.d Libraries/XMCLib/src/xmc1_flash.o" -mcpu=cortex-m0 -mthumb -o "Libraries/XMCLib/src/xmc1_flash.o" "../Libraries/XMCLib/src/xmc1_flash.c"
'Finished building: ../Libraries/XMCLib/src/xmc1_flash.c'

'Building file: ../Libraries/XMCLib/src/xmc_acmp.c'
'Invoking: ARM-GCC C Compiler'
"C:\Programs\Dave4\eclipse\ARM-GCC-49/bin/arm-none-eabi-gcc" -MMD -MT "Libraries/XMCLib/src/xmc_acmp.o" -DXMC1100_Q024x0064 -I"C:\Users\Bernd\Documents\AD9833DDS\AD9833FreqGen\XMC2AD9833\Libraries\XMCLib\inc" -I"C:\Users\Bernd\Documents\AD9833DDS\AD9833FreqGen\XMC2AD9833/Libraries/CMSIS/Include" -I"C:\Users\Bernd\Documents\AD9833DDS\AD9833FreqGen\XMC2AD9833/Libraries/CMSIS/Infineon/XMC1100_series/Include" -I"C:\Users\Bernd\Documents\AD9833DDS\AD9833FreqGen\XMC2AD9833" -I"C:\Users\Bernd\Documents\AD9833DDS\AD9833FreqGen\XMC2AD9833\Dave\Generated" -I"C:\Users\Bernd\Documents\AD9833DDS\AD9833FreqGen\XMC2AD9833\Libraries" -Os -ffunction-sections -fdata-sections -Wall -std=gnu99 -Wa,-adhlns="Libraries/XMCLib/src/xmc_acmp.o.lst" -pipe -c -fmessage-length=0 -MMD -MP -MF"Libraries/XMCLib/src/xmc_acmp.d" -MT"Libraries/XMCLib/src/xmc_acmp.d Libraries/XMCLib/src/xmc_acmp.o" -mcpu=cortex-m0 -mthumb -o "Libraries/XMCLib/src/xmc_acmp.o" "../Libraries/XMCLib/src/xmc_acmp.c"
'Finished building: ../Libraries/XMCLib/src/xmc_acmp.c'

'Building file: ../Libraries/XMCLib/src/xmc1_gpio.c'
'Invoking: ARM-GCC C Compiler'
"C:\Programs\Dave4\eclipse\ARM-GCC-49/bin/arm-none-eabi-gcc" -MMD -MT "Libraries/XMCLib/src/xmc1_gpio.o" -DXMC1100_Q024x0064 -I"C:\Users\Bernd\Documents\AD9833DDS\AD9833FreqGen\XMC2AD9833\Libraries\XMCLib\inc" -I"C:\Users\Bernd\Documents\AD9833DDS\AD9833FreqGen\XMC2AD9833/Libraries/CMSIS/Include" -I"C:\Users\Bernd\Documents\AD9833DDS\AD9833FreqGen\XMC2AD9833/Libraries/CMSIS/Infineon/XMC1100_series/Include" -I"C:\Users\Bernd\Documents\AD9833DDS\AD9833FreqGen\XMC2AD9833" -I"C:\Users\Bernd\Documents\AD9833DDS\AD9833FreqGen\XMC2AD9833\Dave\Generated" -I"C:\Users\Bernd\Documents\AD9833DDS\AD9833FreqGen\XMC2AD9833\Libraries" -Os -ffunction-sections -fdata-sections -Wall -std=gnu99 -Wa,-adhlns="Libraries/XMCLib/src/xmc1_gpio.o.lst" -pipe -c -fmessage-length=0 -MMD -MP -MF"Libraries/XMCLib/src/xmc1_gpio.d" -MT"Libraries/XMCLib/src/xmc1_gpio.d Libraries/XMCLib/src/xmc1_gpio.o" -mcpu=cortex-m0 -mthumb -o "Libraries/XMCLib/src/xmc1_gpio.o" "../Libraries/XMCLib/src/xmc1_gpio.c"
'Finished building: ../Libraries/XMCLib/src/xmc1_gpio.c'

'Building file: ../Libraries/XMCLib/src/xmc1_rtc.c'
'Invoking: ARM-GCC C Compiler'
"C:\Programs\Dave4\eclipse\ARM-GCC-49/bin/arm-none-eabi-gcc" -MMD -MT "Libraries/XMCLib/src/xmc1_rtc.o" -DXMC1100_Q024x0064 -I"C:\Users\Bernd\Documents\AD9833DDS\AD9833FreqGen\XMC2AD9833\Libraries\XMCLib\inc" -I"C:\Users\Bernd\Documents\AD9833DDS\AD9833FreqGen\XMC2AD9833/Libraries/CMSIS/Include" -I"C:\Users\Bernd\Documents\AD9833DDS\AD9833FreqGen\XMC2AD9833/Libraries/CMSIS/Infineon/XMC1100_series/Include" -I"C:\Users\Bernd\Documents\AD9833DDS\AD9833FreqGen\XMC2AD9833" -I"C:\Users\Bernd\Documents\AD9833DDS\AD9833FreqGen\XMC2AD9833\Dave\Generated" -I"C:\Users\Bernd\Documents\AD9833DDS\AD9833FreqGen\XMC2AD9833\Libraries" -Os -ffunction-sections -fdata-sections -Wall -std=gnu99 -Wa,-adhlns="Libraries/XMCLib/src/xmc1_rtc.o.lst" -pipe -c -fmessage-length=0 -MMD -MP -MF"Libraries/XMCLib/src/xmc1_rtc.d" -MT"Libraries/XMCLib/src/xmc1_rtc.d Libraries/XMCLib/src/xmc1_rtc.o" -mcpu=cortex-m0 -mthumb -o "Libraries/XMCLib/src/xmc1_rtc.o" "../Libraries/XMCLib/src/xmc1_rtc.c"
'Finished building: ../Libraries/XMCLib/src/xmc1_rtc.c'

'Building file: ../Libraries/XMCLib/src/xmc1_scu.c'
'Invoking: ARM-GCC C Compiler'
"C:\Programs\Dave4\eclipse\ARM-GCC-49/bin/arm-none-eabi-gcc" -MMD -MT "Libraries/XMCLib/src/xmc1_scu.o" -DXMC1100_Q024x0064 -I"C:\Users\Bernd\Documents\AD9833DDS\AD9833FreqGen\XMC2AD9833\Libraries\XMCLib\inc" -I"C:\Users\Bernd\Documents\AD9833DDS\AD9833FreqGen\XMC2AD9833/Libraries/CMSIS/Include" -I"C:\Users\Bernd\Documents\AD9833DDS\AD9833FreqGen\XMC2AD9833/Libraries/CMSIS/Infineon/XMC1100_series/Include" -I"C:\Users\Bernd\Documents\AD9833DDS\AD9833FreqGen\XMC2AD9833" -I"C:\Users\Bernd\Documents\AD9833DDS\AD9833FreqGen\XMC2AD9833\Dave\Generated" -I"C:\Users\Bernd\Documents\AD9833DDS\AD9833FreqGen\XMC2AD9833\Libraries" -Os -ffunction-sections -fdata-sections -Wall -std=gnu99 -Wa,-adhlns="Libraries/XMCLib/src/xmc1_scu.o.lst" -pipe -c -fmessage-length=0 -MMD -MP -MF"Libraries/XMCLib/src/xmc1_scu.d" -MT"Libraries/XMCLib/src/xmc1_scu.d Libraries/XMCLib/src/xmc1_scu.o" -mcpu=cortex-m0 -mthumb -o "Libraries/XMCLib/src/xmc1_scu.o" "../Libraries/XMCLib/src/xmc1_scu.c"
'Finished building: ../Libraries/XMCLib/src/xmc1_scu.c'

'Building file: ../Libraries/XMCLib/src/xmc_bccu.c'
'Invoking: ARM-GCC C Compiler'
"C:\Programs\Dave4\eclipse\ARM-GCC-49/bin/arm-none-eabi-gcc" -MMD -MT "Libraries/XMCLib/src/xmc_bccu.o" -DXMC1100_Q024x0064 -I"C:\Users\Bernd\Documents\AD9833DDS\AD9833FreqGen\XMC2AD9833\Libraries\XMCLib\inc" -I"C:\Users\Bernd\Documents\AD9833DDS\AD9833FreqGen\XMC2AD9833/Libraries/CMSIS/Include" -I"C:\Users\Bernd\Documents\AD9833DDS\AD9833FreqGen\XMC2AD9833/Libraries/CMSIS/Infineon/XMC1100_series/Include" -I"C:\Users\Bernd\Documents\AD9833DDS\AD9833FreqGen\XMC2AD9833" -I"C:\Users\Bernd\Documents\AD9833DDS\AD9833FreqGen\XMC2AD9833\Dave\Generated" -I"C:\Users\Bernd\Documents\AD9833DDS\AD9833FreqGen\XMC2AD9833\Libraries" -Os -ffunction-sections -fdata-sections -Wall -std=gnu99 -Wa,-adhlns="Libraries/XMCLib/src/xmc_bccu.o.lst" -pipe -c -fmessage-length=0 -MMD -MP -MF"Libraries/XMCLib/src/xmc_bccu.d" -MT"Libraries/XMCLib/src/xmc_bccu.d Libraries/XMCLib/src/xmc_bccu.o" -mcpu=cortex-m0 -mthumb -o "Libraries/XMCLib/src/xmc_bccu.o" "../Libraries/XMCLib/src/xmc_bccu.c"
'Finished building: ../Libraries/XMCLib/src/xmc_bccu.c'

'Building file: ../Libraries/XMCLib/src/xmc_can.c'
'Invoking: ARM-GCC C Compiler'
"C:\Programs\Dave4\eclipse\ARM-GCC-49/bin/arm-none-eabi-gcc" -MMD -MT "Libraries/XMCLib/src/xmc_can.o" -DXMC1100_Q024x0064 -I"C:\Users\Bernd\Documents\AD9833DDS\AD9833FreqGen\XMC2AD9833\Libraries\XMCLib\inc" -I"C:\Users\Bernd\Documents\AD9833DDS\AD9833FreqGen\XMC2AD9833/Libraries/CMSIS/Include" -I"C:\Users\Bernd\Documents\AD9833DDS\AD9833FreqGen\XMC2AD9833/Libraries/CMSIS/Infineon/XMC1100_series/Include" -I"C:\Users\Bernd\Documents\AD9833DDS\AD9833FreqGen\XMC2AD9833" -I"C:\Users\Bernd\Documents\AD9833DDS\AD9833FreqGen\XMC2AD9833\Dave\Generated" -I"C:\Users\Bernd\Documents\AD9833DDS\AD9833FreqGen\XMC2AD9833\Libraries" -Os -ffunction-sections -fdata-sections -Wall -std=gnu99 -Wa,-adhlns="Libraries/XMCLib/src/xmc_can.o.lst" -pipe -c -fmessage-length=0 -MMD -MP -MF"Libraries/XMCLib/src/xmc_can.d" -MT"Libraries/XMCLib/src/xmc_can.d Libraries/XMCLib/src/xmc_can.o" -mcpu=cortex-m0 -mthumb -o "Libraries/XMCLib/src/xmc_can.o" "../Libraries/XMCLib/src/xmc_can.c"
'Finished building: ../Libraries/XMCLib/src/xmc_can.c'

'Building file: ../Libraries/XMCLib/src/xmc_ccu8.c'
'Invoking: ARM-GCC C Compiler'
"C:\Programs\Dave4\eclipse\ARM-GCC-49/bin/arm-none-eabi-gcc" -MMD -MT "Libraries/XMCLib/src/xmc_ccu8.o" -DXMC1100_Q024x0064 -I"C:\Users\Bernd\Documents\AD9833DDS\AD9833FreqGen\XMC2AD9833\Libraries\XMCLib\inc" -I"C:\Users\Bernd\Documents\AD9833DDS\AD9833FreqGen\XMC2AD9833/Libraries/CMSIS/Include" -I"C:\Users\Bernd\Documents\AD9833DDS\AD9833FreqGen\XMC2AD9833/Libraries/CMSIS/Infineon/XMC1100_series/Include" -I"C:\Users\Bernd\Documents\AD9833DDS\AD9833FreqGen\XMC2AD9833" -I"C:\Users\Bernd\Documents\AD9833DDS\AD9833FreqGen\XMC2AD9833\Dave\Generated" -I"C:\Users\Bernd\Documents\AD9833DDS\AD9833FreqGen\XMC2AD9833\Libraries" -Os -ffunction-sections -fdata-sections -Wall -std=gnu99 -Wa,-adhlns="Libraries/XMCLib/src/xmc_ccu8.o.lst" -pipe -c -fmessage-length=0 -MMD -MP -MF"Libraries/XMCLib/src/xmc_ccu8.d" -MT"Libraries/XMCLib/src/xmc_ccu8.d Libraries/XMCLib/src/xmc_ccu8.o" -mcpu=cortex-m0 -mthumb -o "Libraries/XMCLib/src/xmc_ccu8.o" "../Libraries/XMCLib/src/xmc_ccu8.c"
'Finished building: ../Libraries/XMCLib/src/xmc_ccu8.c'

'Building file: ../Libraries/XMCLib/src/xmc_ccu4.c'
'Invoking: ARM-GCC C Compiler'
"C:\Programs\Dave4\eclipse\ARM-GCC-49/bin/arm-none-eabi-gcc" -MMD -MT "Libraries/XMCLib/src/xmc_ccu4.o" -DXMC1100_Q024x0064 -I"C:\Users\Bernd\Documents\AD9833DDS\AD9833FreqGen\XMC2AD9833\Libraries\XMCLib\inc" -I"C:\Users\Bernd\Documents\AD9833DDS\AD9833FreqGen\XMC2AD9833/Libraries/CMSIS/Include" -I"C:\Users\Bernd\Documents\AD9833DDS\AD9833FreqGen\XMC2AD9833/Libraries/CMSIS/Infineon/XMC1100_series/Include" -I"C:\Users\Bernd\Documents\AD9833DDS\AD9833FreqGen\XMC2AD9833" -I"C:\Users\Bernd\Documents\AD9833DDS\AD9833FreqGen\XMC2AD9833\Dave\Generated" -I"C:\Users\Bernd\Documents\AD9833DDS\AD9833FreqGen\XMC2AD9833\Libraries" -Os -ffunction-sections -fdata-sections -Wall -std=gnu99 -Wa,-adhlns="Libraries/XMCLib/src/xmc_ccu4.o.lst" -pipe -c -fmessage-length=0 -MMD -MP -MF"Libraries/XMCLib/src/xmc_ccu4.d" -MT"Libraries/XMCLib/src/xmc_ccu4.d Libraries/XMCLib/src/xmc_ccu4.o" -mcpu=cortex-m0 -mthumb -o "Libraries/XMCLib/src/xmc_ccu4.o" "../Libraries/XMCLib/src/xmc_ccu4.c"
'Finished building: ../Libraries/XMCLib/src/xmc_ccu4.c'

'Building file: ../Libraries/XMCLib/src/xmc_common.c'
'Invoking: ARM-GCC C Compiler'
"C:\Programs\Dave4\eclipse\ARM-GCC-49/bin/arm-none-eabi-gcc" -MMD -MT "Libraries/XMCLib/src/xmc_common.o" -DXMC1100_Q024x0064 -I"C:\Users\Bernd\Documents\AD9833DDS\AD9833FreqGen\XMC2AD9833\Libraries\XMCLib\inc" -I"C:\Users\Bernd\Documents\AD9833DDS\AD9833FreqGen\XMC2AD9833/Libraries/CMSIS/Include" -I"C:\Users\Bernd\Documents\AD9833DDS\AD9833FreqGen\XMC2AD9833/Libraries/CMSIS/Infineon/XMC1100_series/Include" -I"C:\Users\Bernd\Documents\AD9833DDS\AD9833FreqGen\XMC2AD9833" -I"C:\Users\Bernd\Documents\AD9833DDS\AD9833FreqGen\XMC2AD9833\Dave\Generated" -I"C:\Users\Bernd\Documents\AD9833DDS\AD9833FreqGen\XMC2AD9833\Libraries" -Os -ffunction-sections -fdata-sections -Wall -std=gnu99 -Wa,-adhlns="Libraries/XMCLib/src/xmc_common.o.lst" -pipe -c -fmessage-length=0 -MMD -MP -MF"Libraries/XMCLib/src/xmc_common.d" -MT"Libraries/XMCLib/src/xmc_common.d Libraries/XMCLib/src/xmc_common.o" -mcpu=cortex-m0 -mthumb -o "Libraries/XMCLib/src/xmc_common.o" "../Libraries/XMCLib/src/xmc_common.c"
'Finished building: ../Libraries/XMCLib/src/xmc_common.c'

'Building file: ../Libraries/XMCLib/src/xmc_eru.c'
'Invoking: ARM-GCC C Compiler'
"C:\Programs\Dave4\eclipse\ARM-GCC-49/bin/arm-none-eabi-gcc" -MMD -MT "Libraries/XMCLib/src/xmc_eru.o" -DXMC1100_Q024x0064 -I"C:\Users\Bernd\Documents\AD9833DDS\AD9833FreqGen\XMC2AD9833\Libraries\XMCLib\inc" -I"C:\Users\Bernd\Documents\AD9833DDS\AD9833FreqGen\XMC2AD9833/Libraries/CMSIS/Include" -I"C:\Users\Bernd\Documents\AD9833DDS\AD9833FreqGen\XMC2AD9833/Libraries/CMSIS/Infineon/XMC1100_series/Include" -I"C:\Users\Bernd\Documents\AD9833DDS\AD9833FreqGen\XMC2AD9833" -I"C:\Users\Bernd\Documents\AD9833DDS\AD9833FreqGen\XMC2AD9833\Dave\Generated" -I"C:\Users\Bernd\Documents\AD9833DDS\AD9833FreqGen\XMC2AD9833\Libraries" -Os -ffunction-sections -fdata-sections -Wall -std=gnu99 -Wa,-adhlns="Libraries/XMCLib/src/xmc_eru.o.lst" -pipe -c -fmessage-length=0 -MMD -MP -MF"Libraries/XMCLib/src/xmc_eru.d" -MT"Libraries/XMCLib/src/xmc_eru.d Libraries/XMCLib/src/xmc_eru.o" -mcpu=cortex-m0 -mthumb -o "Libraries/XMCLib/src/xmc_eru.o" "../Libraries/XMCLib/src/xmc_eru.c"
'Finished building: ../Libraries/XMCLib/src/xmc_eru.c'

'Building file: ../Libraries/XMCLib/src/xmc_gpio.c'
'Invoking: ARM-GCC C Compiler'
"C:\Programs\Dave4\eclipse\ARM-GCC-49/bin/arm-none-eabi-gcc" -MMD -MT "Libraries/XMCLib/src/xmc_gpio.o" -DXMC1100_Q024x0064 -I"C:\Users\Bernd\Documents\AD9833DDS\AD9833FreqGen\XMC2AD9833\Libraries\XMCLib\inc" -I"C:\Users\Bernd\Documents\AD9833DDS\AD9833FreqGen\XMC2AD9833/Libraries/CMSIS/Include" -I"C:\Users\Bernd\Documents\AD9833DDS\AD9833FreqGen\XMC2AD9833/Libraries/CMSIS/Infineon/XMC1100_series/Include" -I"C:\Users\Bernd\Documents\AD9833DDS\AD9833FreqGen\XMC2AD9833" -I"C:\Users\Bernd\Documents\AD9833DDS\AD9833FreqGen\XMC2AD9833\Dave\Generated" -I"C:\Users\Bernd\Documents\AD9833DDS\AD9833FreqGen\XMC2AD9833\Libraries" -Os -ffunction-sections -fdata-sections -Wall -std=gnu99 -Wa,-adhlns="Libraries/XMCLib/src/xmc_gpio.o.lst" -pipe -c -fmessage-length=0 -MMD -MP -MF"Libraries/XMCLib/src/xmc_gpio.d" -MT"Libraries/XMCLib/src/xmc_gpio.d Libraries/XMCLib/src/xmc_gpio.o" -mcpu=cortex-m0 -mthumb -o "Libraries/XMCLib/src/xmc_gpio.o" "../Libraries/XMCLib/src/xmc_gpio.c"
'Finished building: ../Libraries/XMCLib/src/xmc_gpio.c'

'Building file: ../Libraries/XMCLib/src/xmc_ledts.c'
'Invoking: ARM-GCC C Compiler'
"C:\Programs\Dave4\eclipse\ARM-GCC-49/bin/arm-none-eabi-gcc" -MMD -MT "Libraries/XMCLib/src/xmc_ledts.o" -DXMC1100_Q024x0064 -I"C:\Users\Bernd\Documents\AD9833DDS\AD9833FreqGen\XMC2AD9833\Libraries\XMCLib\inc" -I"C:\Users\Bernd\Documents\AD9833DDS\AD9833FreqGen\XMC2AD9833/Libraries/CMSIS/Include" -I"C:\Users\Bernd\Documents\AD9833DDS\AD9833FreqGen\XMC2AD9833/Libraries/CMSIS/Infineon/XMC1100_series/Include" -I"C:\Users\Bernd\Documents\AD9833DDS\AD9833FreqGen\XMC2AD9833" -I"C:\Users\Bernd\Documents\AD9833DDS\AD9833FreqGen\XMC2AD9833\Dave\Generated" -I"C:\Users\Bernd\Documents\AD9833DDS\AD9833FreqGen\XMC2AD9833\Libraries" -Os -ffunction-sections -fdata-sections -Wall -std=gnu99 -Wa,-adhlns="Libraries/XMCLib/src/xmc_ledts.o.lst" -pipe -c -fmessage-length=0 -MMD -MP -MF"Libraries/XMCLib/src/xmc_ledts.d" -MT"Libraries/XMCLib/src/xmc_ledts.d Libraries/XMCLib/src/xmc_ledts.o" -mcpu=cortex-m0 -mthumb -o "Libraries/XMCLib/src/xmc_ledts.o" "../Libraries/XMCLib/src/xmc_ledts.c"
'Finished building: ../Libraries/XMCLib/src/xmc_ledts.c'

'Building file: ../Libraries/XMCLib/src/xmc_i2s.c'
'Invoking: ARM-GCC C Compiler'
"C:\Programs\Dave4\eclipse\ARM-GCC-49/bin/arm-none-eabi-gcc" -MMD -MT "Libraries/XMCLib/src/xmc_i2s.o" -DXMC1100_Q024x0064 -I"C:\Users\Bernd\Documents\AD9833DDS\AD9833FreqGen\XMC2AD9833\Libraries\XMCLib\inc" -I"C:\Users\Bernd\Documents\AD9833DDS\AD9833FreqGen\XMC2AD9833/Libraries/CMSIS/Include" -I"C:\Users\Bernd\Documents\AD9833DDS\AD9833FreqGen\XMC2AD9833/Libraries/CMSIS/Infineon/XMC1100_series/Include" -I"C:\Users\Bernd\Documents\AD9833DDS\AD9833FreqGen\XMC2AD9833" -I"C:\Users\Bernd\Documents\AD9833DDS\AD9833FreqGen\XMC2AD9833\Dave\Generated" -I"C:\Users\Bernd\Documents\AD9833DDS\AD9833FreqGen\XMC2AD9833\Libraries" -Os -ffunction-sections -fdata-sections -Wall -std=gnu99 -Wa,-adhlns="Libraries/XMCLib/src/xmc_i2s.o.lst" -pipe -c -fmessage-length=0 -MMD -MP -MF"Libraries/XMCLib/src/xmc_i2s.d" -MT"Libraries/XMCLib/src/xmc_i2s.d Libraries/XMCLib/src/xmc_i2s.o" -mcpu=cortex-m0 -mthumb -o "Libraries/XMCLib/src/xmc_i2s.o" "../Libraries/XMCLib/src/xmc_i2s.c"
'Finished building: ../Libraries/XMCLib/src/xmc_i2s.c'

'Building file: ../Libraries/XMCLib/src/xmc_i2c.c'
'Invoking: ARM-GCC C Compiler'
"C:\Programs\Dave4\eclipse\ARM-GCC-49/bin/arm-none-eabi-gcc" -MMD -MT "Libraries/XMCLib/src/xmc_i2c.o" -DXMC1100_Q024x0064 -I"C:\Users\Bernd\Documents\AD9833DDS\AD9833FreqGen\XMC2AD9833\Libraries\XMCLib\inc" -I"C:\Users\Bernd\Documents\AD9833DDS\AD9833FreqGen\XMC2AD9833/Libraries/CMSIS/Include" -I"C:\Users\Bernd\Documents\AD9833DDS\AD9833FreqGen\XMC2AD9833/Libraries/CMSIS/Infineon/XMC1100_series/Include" -I"C:\Users\Bernd\Documents\AD9833DDS\AD9833FreqGen\XMC2AD9833" -I"C:\Users\Bernd\Documents\AD9833DDS\AD9833FreqGen\XMC2AD9833\Dave\Generated" -I"C:\Users\Bernd\Documents\AD9833DDS\AD9833FreqGen\XMC2AD9833\Libraries" -Os -ffunction-sections -fdata-sections -Wall -std=gnu99 -Wa,-adhlns="Libraries/XMCLib/src/xmc_i2c.o.lst" -pipe -c -fmessage-length=0 -MMD -MP -MF"Libraries/XMCLib/src/xmc_i2c.d" -MT"Libraries/XMCLib/src/xmc_i2c.d Libraries/XMCLib/src/xmc_i2c.o" -mcpu=cortex-m0 -mthumb -o "Libraries/XMCLib/src/xmc_i2c.o" "../Libraries/XMCLib/src/xmc_i2c.c"
'Finished building: ../Libraries/XMCLib/src/xmc_i2c.c'

'Building file: ../Libraries/XMCLib/src/xmc_math.c'
'Invoking: ARM-GCC C Compiler'
"C:\Programs\Dave4\eclipse\ARM-GCC-49/bin/arm-none-eabi-gcc" -MMD -MT "Libraries/XMCLib/src/xmc_math.o" -DXMC1100_Q024x0064 -I"C:\Users\Bernd\Documents\AD9833DDS\AD9833FreqGen\XMC2AD9833\Libraries\XMCLib\inc" -I"C:\Users\Bernd\Documents\AD9833DDS\AD9833FreqGen\XMC2AD9833/Libraries/CMSIS/Include" -I"C:\Users\Bernd\Documents\AD9833DDS\AD9833FreqGen\XMC2AD9833/Libraries/CMSIS/Infineon/XMC1100_series/Include" -I"C:\Users\Bernd\Documents\AD9833DDS\AD9833FreqGen\XMC2AD9833" -I"C:\Users\Bernd\Documents\AD9833DDS\AD9833FreqGen\XMC2AD9833\Dave\Generated" -I"C:\Users\Bernd\Documents\AD9833DDS\AD9833FreqGen\XMC2AD9833\Libraries" -Os -ffunction-sections -fdata-sections -Wall -std=gnu99 -Wa,-adhlns="Libraries/XMCLib/src/xmc_math.o.lst" -pipe -c -fmessage-length=0 -MMD -MP -MF"Libraries/XMCLib/src/xmc_math.d" -MT"Libraries/XMCLib/src/xmc_math.d Libraries/XMCLib/src/xmc_math.o" -mcpu=cortex-m0 -mthumb -o "Libraries/XMCLib/src/xmc_math.o" "../Libraries/XMCLib/src/xmc_math.c"
'Finished building: ../Libraries/XMCLib/src/xmc_math.c'

'Building file: ../Libraries/XMCLib/src/xmc_pau.c'
'Invoking: ARM-GCC C Compiler'
"C:\Programs\Dave4\eclipse\ARM-GCC-49/bin/arm-none-eabi-gcc" -MMD -MT "Libraries/XMCLib/src/xmc_pau.o" -DXMC1100_Q024x0064 -I"C:\Users\Bernd\Documents\AD9833DDS\AD9833FreqGen\XMC2AD9833\Libraries\XMCLib\inc" -I"C:\Users\Bernd\Documents\AD9833DDS\AD9833FreqGen\XMC2AD9833/Libraries/CMSIS/Include" -I"C:\Users\Bernd\Documents\AD9833DDS\AD9833FreqGen\XMC2AD9833/Libraries/CMSIS/Infineon/XMC1100_series/Include" -I"C:\Users\Bernd\Documents\AD9833DDS\AD9833FreqGen\XMC2AD9833" -I"C:\Users\Bernd\Documents\AD9833DDS\AD9833FreqGen\XMC2AD9833\Dave\Generated" -I"C:\Users\Bernd\Documents\AD9833DDS\AD9833FreqGen\XMC2AD9833\Libraries" -Os -ffunction-sections -fdata-sections -Wall -std=gnu99 -Wa,-adhlns="Libraries/XMCLib/src/xmc_pau.o.lst" -pipe -c -fmessage-length=0 -MMD -MP -MF"Libraries/XMCLib/src/xmc_pau.d" -MT"Libraries/XMCLib/src/xmc_pau.d Libraries/XMCLib/src/xmc_pau.o" -mcpu=cortex-m0 -mthumb -o "Libraries/XMCLib/src/xmc_pau.o" "../Libraries/XMCLib/src/xmc_pau.c"
'Finished building: ../Libraries/XMCLib/src/xmc_pau.c'

'Building file: ../Libraries/XMCLib/src/xmc_posif.c'
'Invoking: ARM-GCC C Compiler'
"C:\Programs\Dave4\eclipse\ARM-GCC-49/bin/arm-none-eabi-gcc" -MMD -MT "Libraries/XMCLib/src/xmc_posif.o" -DXMC1100_Q024x0064 -I"C:\Users\Bernd\Documents\AD9833DDS\AD9833FreqGen\XMC2AD9833\Libraries\XMCLib\inc" -I"C:\Users\Bernd\Documents\AD9833DDS\AD9833FreqGen\XMC2AD9833/Libraries/CMSIS/Include" -I"C:\Users\Bernd\Documents\AD9833DDS\AD9833FreqGen\XMC2AD9833/Libraries/CMSIS/Infineon/XMC1100_series/Include" -I"C:\Users\Bernd\Documents\AD9833DDS\AD9833FreqGen\XMC2AD9833" -I"C:\Users\Bernd\Documents\AD9833DDS\AD9833FreqGen\XMC2AD9833\Dave\Generated" -I"C:\Users\Bernd\Documents\AD9833DDS\AD9833FreqGen\XMC2AD9833\Libraries" -Os -ffunction-sections -fdata-sections -Wall -std=gnu99 -Wa,-adhlns="Libraries/XMCLib/src/xmc_posif.o.lst" -pipe -c -fmessage-length=0 -MMD -MP -MF"Libraries/XMCLib/src/xmc_posif.d" -MT"Libraries/XMCLib/src/xmc_posif.d Libraries/XMCLib/src/xmc_posif.o" -mcpu=cortex-m0 -mthumb -o "Libraries/XMCLib/src/xmc_posif.o" "../Libraries/XMCLib/src/xmc_posif.c"
'Finished building: ../Libraries/XMCLib/src/xmc_posif.c'

'Building file: ../Libraries/XMCLib/src/xmc_prng.c'
'Invoking: ARM-GCC C Compiler'
"C:\Programs\Dave4\eclipse\ARM-GCC-49/bin/arm-none-eabi-gcc" -MMD -MT "Libraries/XMCLib/src/xmc_prng.o" -DXMC1100_Q024x0064 -I"C:\Users\Bernd\Documents\AD9833DDS\AD9833FreqGen\XMC2AD9833\Libraries\XMCLib\inc" -I"C:\Users\Bernd\Documents\AD9833DDS\AD9833FreqGen\XMC2AD9833/Libraries/CMSIS/Include" -I"C:\Users\Bernd\Documents\AD9833DDS\AD9833FreqGen\XMC2AD9833/Libraries/CMSIS/Infineon/XMC1100_series/Include" -I"C:\Users\Bernd\Documents\AD9833DDS\AD9833FreqGen\XMC2AD9833" -I"C:\Users\Bernd\Documents\AD9833DDS\AD9833FreqGen\XMC2AD9833\Dave\Generated" -I"C:\Users\Bernd\Documents\AD9833DDS\AD9833FreqGen\XMC2AD9833\Libraries" -Os -ffunction-sections -fdata-sections -Wall -std=gnu99 -Wa,-adhlns="Libraries/XMCLib/src/xmc_prng.o.lst" -pipe -c -fmessage-length=0 -MMD -MP -MF"Libraries/XMCLib/src/xmc_prng.d" -MT"Libraries/XMCLib/src/xmc_prng.d Libraries/XMCLib/src/xmc_prng.o" -mcpu=cortex-m0 -mthumb -o "Libraries/XMCLib/src/xmc_prng.o" "../Libraries/XMCLib/src/xmc_prng.c"
'Finished building: ../Libraries/XMCLib/src/xmc_prng.c'

'Building file: ../Libraries/XMCLib/src/xmc_rtc.c'
'Invoking: ARM-GCC C Compiler'
"C:\Programs\Dave4\eclipse\ARM-GCC-49/bin/arm-none-eabi-gcc" -MMD -MT "Libraries/XMCLib/src/xmc_rtc.o" -DXMC1100_Q024x0064 -I"C:\Users\Bernd\Documents\AD9833DDS\AD9833FreqGen\XMC2AD9833\Libraries\XMCLib\inc" -I"C:\Users\Bernd\Documents\AD9833DDS\AD9833FreqGen\XMC2AD9833/Libraries/CMSIS/Include" -I"C:\Users\Bernd\Documents\AD9833DDS\AD9833FreqGen\XMC2AD9833/Libraries/CMSIS/Infineon/XMC1100_series/Include" -I"C:\Users\Bernd\Documents\AD9833DDS\AD9833FreqGen\XMC2AD9833" -I"C:\Users\Bernd\Documents\AD9833DDS\AD9833FreqGen\XMC2AD9833\Dave\Generated" -I"C:\Users\Bernd\Documents\AD9833DDS\AD9833FreqGen\XMC2AD9833\Libraries" -Os -ffunction-sections -fdata-sections -Wall -std=gnu99 -Wa,-adhlns="Libraries/XMCLib/src/xmc_rtc.o.lst" -pipe -c -fmessage-length=0 -MMD -MP -MF"Libraries/XMCLib/src/xmc_rtc.d" -MT"Libraries/XMCLib/src/xmc_rtc.d Libraries/XMCLib/src/xmc_rtc.o" -mcpu=cortex-m0 -mthumb -o "Libraries/XMCLib/src/xmc_rtc.o" "../Libraries/XMCLib/src/xmc_rtc.c"
'Finished building: ../Libraries/XMCLib/src/xmc_rtc.c'

'Building file: ../Libraries/XMCLib/src/xmc_spi.c'
'Invoking: ARM-GCC C Compiler'
"C:\Programs\Dave4\eclipse\ARM-GCC-49/bin/arm-none-eabi-gcc" -MMD -MT "Libraries/XMCLib/src/xmc_spi.o" -DXMC1100_Q024x0064 -I"C:\Users\Bernd\Documents\AD9833DDS\AD9833FreqGen\XMC2AD9833\Libraries\XMCLib\inc" -I"C:\Users\Bernd\Documents\AD9833DDS\AD9833FreqGen\XMC2AD9833/Libraries/CMSIS/Include" -I"C:\Users\Bernd\Documents\AD9833DDS\AD9833FreqGen\XMC2AD9833/Libraries/CMSIS/Infineon/XMC1100_series/Include" -I"C:\Users\Bernd\Documents\AD9833DDS\AD9833FreqGen\XMC2AD9833" -I"C:\Users\Bernd\Documents\AD9833DDS\AD9833FreqGen\XMC2AD9833\Dave\Generated" -I"C:\Users\Bernd\Documents\AD9833DDS\AD9833FreqGen\XMC2AD9833\Libraries" -Os -ffunction-sections -fdata-sections -Wall -std=gnu99 -Wa,-adhlns="Libraries/XMCLib/src/xmc_spi.o.lst" -pipe -c -fmessage-length=0 -MMD -MP -MF"Libraries/XMCLib/src/xmc_spi.d" -MT"Libraries/XMCLib/src/xmc_spi.d Libraries/XMCLib/src/xmc_spi.o" -mcpu=cortex-m0 -mthumb -o "Libraries/XMCLib/src/xmc_spi.o" "../Libraries/XMCLib/src/xmc_spi.c"
'Finished building: ../Libraries/XMCLib/src/xmc_spi.c'

'Building file: ../Libraries/XMCLib/src/xmc_uart.c'
'Invoking: ARM-GCC C Compiler'
"C:\Programs\Dave4\eclipse\ARM-GCC-49/bin/arm-none-eabi-gcc" -MMD -MT "Libraries/XMCLib/src/xmc_uart.o" -DXMC1100_Q024x0064 -I"C:\Users\Bernd\Documents\AD9833DDS\AD9833FreqGen\XMC2AD9833\Libraries\XMCLib\inc" -I"C:\Users\Bernd\Documents\AD9833DDS\AD9833FreqGen\XMC2AD9833/Libraries/CMSIS/Include" -I"C:\Users\Bernd\Documents\AD9833DDS\AD9833FreqGen\XMC2AD9833/Libraries/CMSIS/Infineon/XMC1100_series/Include" -I"C:\Users\Bernd\Documents\AD9833DDS\AD9833FreqGen\XMC2AD9833" -I"C:\Users\Bernd\Documents\AD9833DDS\AD9833FreqGen\XMC2AD9833\Dave\Generated" -I"C:\Users\Bernd\Documents\AD9833DDS\AD9833FreqGen\XMC2AD9833\Libraries" -Os -ffunction-sections -fdata-sections -Wall -std=gnu99 -Wa,-adhlns="Libraries/XMCLib/src/xmc_uart.o.lst" -pipe -c -fmessage-length=0 -MMD -MP -MF"Libraries/XMCLib/src/xmc_uart.d" -MT"Libraries/XMCLib/src/xmc_uart.d Libraries/XMCLib/src/xmc_uart.o" -mcpu=cortex-m0 -mthumb -o "Libraries/XMCLib/src/xmc_uart.o" "../Libraries/XMCLib/src/xmc_uart.c"
'Finished building: ../Libraries/XMCLib/src/xmc_uart.c'

'Building file: ../Libraries/XMCLib/src/xmc_vadc.c'
'Invoking: ARM-GCC C Compiler'
"C:\Programs\Dave4\eclipse\ARM-GCC-49/bin/arm-none-eabi-gcc" -MMD -MT "Libraries/XMCLib/src/xmc_vadc.o" -DXMC1100_Q024x0064 -I"C:\Users\Bernd\Documents\AD9833DDS\AD9833FreqGen\XMC2AD9833\Libraries\XMCLib\inc" -I"C:\Users\Bernd\Documents\AD9833DDS\AD9833FreqGen\XMC2AD9833/Libraries/CMSIS/Include" -I"C:\Users\Bernd\Documents\AD9833DDS\AD9833FreqGen\XMC2AD9833/Libraries/CMSIS/Infineon/XMC1100_series/Include" -I"C:\Users\Bernd\Documents\AD9833DDS\AD9833FreqGen\XMC2AD9833" -I"C:\Users\Bernd\Documents\AD9833DDS\AD9833FreqGen\XMC2AD9833\Dave\Generated" -I"C:\Users\Bernd\Documents\AD9833DDS\AD9833FreqGen\XMC2AD9833\Libraries" -Os -ffunction-sections -fdata-sections -Wall -std=gnu99 -Wa,-adhlns="Libraries/XMCLib/src/xmc_vadc.o.lst" -pipe -c -fmessage-length=0 -MMD -MP -MF"Libraries/XMCLib/src/xmc_vadc.d" -MT"Libraries/XMCLib/src/xmc_vadc.d Libraries/XMCLib/src/xmc_vadc.o" -mcpu=cortex-m0 -mthumb -o "Libraries/XMCLib/src/xmc_vadc.o" "../Libraries/XMCLib/src/xmc_vadc.c"
'Finished building: ../Libraries/XMCLib/src/xmc_vadc.c'

'Building file: ../Libraries/XMCLib/src/xmc_usic.c'
'Invoking: ARM-GCC C Compiler'
"C:\Programs\Dave4\eclipse\ARM-GCC-49/bin/arm-none-eabi-gcc" -MMD -MT "Libraries/XMCLib/src/xmc_usic.o" -DXMC1100_Q024x0064 -I"C:\Users\Bernd\Documents\AD9833DDS\AD9833FreqGen\XMC2AD9833\Libraries\XMCLib\inc" -I"C:\Users\Bernd\Documents\AD9833DDS\AD9833FreqGen\XMC2AD9833/Libraries/CMSIS/Include" -I"C:\Users\Bernd\Documents\AD9833DDS\AD9833FreqGen\XMC2AD9833/Libraries/CMSIS/Infineon/XMC1100_series/Include" -I"C:\Users\Bernd\Documents\AD9833DDS\AD9833FreqGen\XMC2AD9833" -I"C:\Users\Bernd\Documents\AD9833DDS\AD9833FreqGen\XMC2AD9833\Dave\Generated" -I"C:\Users\Bernd\Documents\AD9833DDS\AD9833FreqGen\XMC2AD9833\Libraries" -Os -ffunction-sections -fdata-sections -Wall -std=gnu99 -Wa,-adhlns="Libraries/XMCLib/src/xmc_usic.o.lst" -pipe -c -fmessage-length=0 -MMD -MP -MF"Libraries/XMCLib/src/xmc_usic.d" -MT"Libraries/XMCLib/src/xmc_usic.d Libraries/XMCLib/src/xmc_usic.o" -mcpu=cortex-m0 -mthumb -o "Libraries/XMCLib/src/xmc_usic.o" "../Libraries/XMCLib/src/xmc_usic.c"
'Finished building: ../Libraries/XMCLib/src/xmc_usic.c'

'Building file: ../Libraries/Newlib/syscalls.c'
'Invoking: ARM-GCC C Compiler'
"C:\Programs\Dave4\eclipse\ARM-GCC-49/bin/arm-none-eabi-gcc" -MMD -MT "Libraries/Newlib/syscalls.o" -DXMC1100_Q024x0064 -I"C:\Users\Bernd\Documents\AD9833DDS\AD9833FreqGen\XMC2AD9833\Libraries\XMCLib\inc" -I"C:\Users\Bernd\Documents\AD9833DDS\AD9833FreqGen\XMC2AD9833/Libraries/CMSIS/Include" -I"C:\Users\Bernd\Documents\AD9833DDS\AD9833FreqGen\XMC2AD9833/Libraries/CMSIS/Infineon/XMC1100_series/Include" -I"C:\Users\Bernd\Documents\AD9833DDS\AD9833FreqGen\XMC2AD9833" -I"C:\Users\Bernd\Documents\AD9833DDS\AD9833FreqGen\XMC2AD9833\Dave\Generated" -I"C:\Users\Bernd\Documents\AD9833DDS\AD9833FreqGen\XMC2AD9833\Libraries" -Os -ffunction-sections -fdata-sections -Wall -std=gnu99 -Wa,-adhlns="Libraries/Newlib/syscalls.o.lst" -pipe -c -fmessage-length=0 -MMD -MP -MF"Libraries/Newlib/syscalls.d" -MT"Libraries/Newlib/syscalls.d Libraries/Newlib/syscalls.o" -mcpu=cortex-m0 -mthumb -o "Libraries/Newlib/syscalls.o" "../Libraries/Newlib/syscalls.c"
'Finished building: ../Libraries/Newlib/syscalls.c'

'Building file: ../Libraries/XMCLib/src/xmc_wdt.c'
'Invoking: ARM-GCC C Compiler'
"C:\Programs\Dave4\eclipse\ARM-GCC-49/bin/arm-none-eabi-gcc" -MMD -MT "Libraries/XMCLib/src/xmc_wdt.o" -DXMC1100_Q024x0064 -I"C:\Users\Bernd\Documents\AD9833DDS\AD9833FreqGen\XMC2AD9833\Libraries\XMCLib\inc" -I"C:\Users\Bernd\Documents\AD9833DDS\AD9833FreqGen\XMC2AD9833/Libraries/CMSIS/Include" -I"C:\Users\Bernd\Documents\AD9833DDS\AD9833FreqGen\XMC2AD9833/Libraries/CMSIS/Infineon/XMC1100_series/Include" -I"C:\Users\Bernd\Documents\AD9833DDS\AD9833FreqGen\XMC2AD9833" -I"C:\Users\Bernd\Documents\AD9833DDS\AD9833FreqGen\XMC2AD9833\Dave\Generated" -I"C:\Users\Bernd\Documents\AD9833DDS\AD9833FreqGen\XMC2AD9833\Libraries" -Os -ffunction-sections -fdata-sections -Wall -std=gnu99 -Wa,-adhlns="Libraries/XMCLib/src/xmc_wdt.o.lst" -pipe -c -fmessage-length=0 -MMD -MP -MF"Libraries/XMCLib/src/xmc_wdt.d" -MT"Libraries/XMCLib/src/xmc_wdt.d Libraries/XMCLib/src/xmc_wdt.o" -mcpu=cortex-m0 -mthumb -o "Libraries/XMCLib/src/xmc_wdt.o" "../Libraries/XMCLib/src/xmc_wdt.c"
'Finished building: ../Libraries/XMCLib/src/xmc_wdt.c'

'Building file: ../Dave/Generated/UART/uart.c'
'Invoking: ARM-GCC C Compiler'
"C:\Programs\Dave4\eclipse\ARM-GCC-49/bin/arm-none-eabi-gcc" -MMD -MT "Dave/Generated/UART/uart.o" -DXMC1100_Q024x0064 -I"C:\Users\Bernd\Documents\AD9833DDS\AD9833FreqGen\XMC2AD9833\Libraries\XMCLib\inc" -I"C:\Users\Bernd\Documents\AD9833DDS\AD9833FreqGen\XMC2AD9833/Libraries/CMSIS/Include" -I"C:\Users\Bernd\Documents\AD9833DDS\AD9833FreqGen\XMC2AD9833/Libraries/CMSIS/Infineon/XMC1100_series/Include" -I"C:\Users\Bernd\Documents\AD9833DDS\AD9833FreqGen\XMC2AD9833" -I"C:\Users\Bernd\Documents\AD9833DDS\AD9833FreqGen\XMC2AD9833\Dave\Generated" -I"C:\Users\Bernd\Documents\AD9833DDS\AD9833FreqGen\XMC2AD9833\Libraries" -Os -ffunction-sections -fdata-sections -Wall -std=gnu99 -Wa,-adhlns="Dave/Generated/UART/uart.o.lst" -pipe -c -fmessage-length=0 -MMD -MP -MF"Dave/Generated/UART/uart.d" -MT"Dave/Generated/UART/uart.d Dave/Generated/UART/uart.o" -mcpu=cortex-m0 -mthumb -o "Dave/Generated/UART/uart.o" "../Dave/Generated/UART/uart.c"
'Finished building: ../Dave/Generated/UART/uart.c'

'Building file: ../Dave/Generated/UART/uart_conf.c'
'Invoking: ARM-GCC C Compiler'
"C:\Programs\Dave4\eclipse\ARM-GCC-49/bin/arm-none-eabi-gcc" -MMD -MT "Dave/Generated/UART/uart_conf.o" -DXMC1100_Q024x0064 -I"C:\Users\Bernd\Documents\AD9833DDS\AD9833FreqGen\XMC2AD9833\Libraries\XMCLib\inc" -I"C:\Users\Bernd\Documents\AD9833DDS\AD9833FreqGen\XMC2AD9833/Libraries/CMSIS/Include" -I"C:\Users\Bernd\Documents\AD9833DDS\AD9833FreqGen\XMC2AD9833/Libraries/CMSIS/Infineon/XMC1100_series/Include" -I"C:\Users\Bernd\Documents\AD9833DDS\AD9833FreqGen\XMC2AD9833" -I"C:\Users\Bernd\Documents\AD9833DDS\AD9833FreqGen\XMC2AD9833\Dave\Generated" -I"C:\Users\Bernd\Documents\AD9833DDS\AD9833FreqGen\XMC2AD9833\Libraries" -Os -ffunction-sections -fdata-sections -Wall -std=gnu99 -Wa,-adhlns="Dave/Generated/UART/uart_conf.o.lst" -pipe -c -fmessage-length=0 -MMD -MP -MF"Dave/Generated/UART/uart_conf.d" -MT"Dave/Generated/UART/uart_conf.d Dave/Generated/UART/uart_conf.o" -mcpu=cortex-m0 -mthumb -o "Dave/Generated/UART/uart_conf.o" "../Dave/Generated/UART/uart_conf.c"
'Finished building: ../Dave/Generated/UART/uart_conf.c'

'Building file: ../Dave/Generated/SPI_CONFIG/spi_config.c'
'Invoking: ARM-GCC C Compiler'
"C:\Programs\Dave4\eclipse\ARM-GCC-49/bin/arm-none-eabi-gcc" -MMD -MT "Dave/Generated/SPI_CONFIG/spi_config.o" -DXMC1100_Q024x0064 -I"C:\Users\Bernd\Documents\AD9833DDS\AD9833FreqGen\XMC2AD9833\Libraries\XMCLib\inc" -I"C:\Users\Bernd\Documents\AD9833DDS\AD9833FreqGen\XMC2AD9833/Libraries/CMSIS/Include" -I"C:\Users\Bernd\Documents\AD9833DDS\AD9833FreqGen\XMC2AD9833/Libraries/CMSIS/Infineon/XMC1100_series/Include" -I"C:\Users\Bernd\Documents\AD9833DDS\AD9833FreqGen\XMC2AD9833" -I"C:\Users\Bernd\Documents\AD9833DDS\AD9833FreqGen\XMC2AD9833\Dave\Generated" -I"C:\Users\Bernd\Documents\AD9833DDS\AD9833FreqGen\XMC2AD9833\Libraries" -Os -ffunction-sections -fdata-sections -Wall -std=gnu99 -Wa,-adhlns="Dave/Generated/SPI_CONFIG/spi_config.o.lst" -pipe -c -fmessage-length=0 -MMD -MP -MF"Dave/Generated/SPI_CONFIG/spi_config.d" -MT"Dave/Generated/SPI_CONFIG/spi_config.d Dave/Generated/SPI_CONFIG/spi_config.o" -mcpu=cortex-m0 -mthumb -o "Dave/Generated/SPI_CONFIG/spi_config.o" "../Dave/Generated/SPI_CONFIG/spi_config.c"
'Finished building: ../Dave/Generated/SPI_CONFIG/spi_config.c'

'Building file: ../Dave/Generated/SPI_CONFIG/spi_config_conf.c'
'Invoking: ARM-GCC C Compiler'
"C:\Programs\Dave4\eclipse\ARM-GCC-49/bin/arm-none-eabi-gcc" -MMD -MT "Dave/Generated/SPI_CONFIG/spi_config_conf.o" -DXMC1100_Q024x0064 -I"C:\Users\Bernd\Documents\AD9833DDS\AD9833FreqGen\XMC2AD9833\Libraries\XMCLib\inc" -I"C:\Users\Bernd\Documents\AD9833DDS\AD9833FreqGen\XMC2AD9833/Libraries/CMSIS/Include" -I"C:\Users\Bernd\Documents\AD9833DDS\AD9833FreqGen\XMC2AD9833/Libraries/CMSIS/Infineon/XMC1100_series/Include" -I"C:\Users\Bernd\Documents\AD9833DDS\AD9833FreqGen\XMC2AD9833" -I"C:\Users\Bernd\Documents\AD9833DDS\AD9833FreqGen\XMC2AD9833\Dave\Generated" -I"C:\Users\Bernd\Documents\AD9833DDS\AD9833FreqGen\XMC2AD9833\Libraries" -Os -ffunction-sections -fdata-sections -Wall -std=gnu99 -Wa,-adhlns="Dave/Generated/SPI_CONFIG/spi_config_conf.o.lst" -pipe -c -fmessage-length=0 -MMD -MP -MF"Dave/Generated/SPI_CONFIG/spi_config_conf.d" -MT"Dave/Generated/SPI_CONFIG/spi_config_conf.d Dave/Generated/SPI_CONFIG/spi_config_conf.o" -mcpu=cortex-m0 -mthumb -o "Dave/Generated/SPI_CONFIG/spi_config_conf.o" "../Dave/Generated/SPI_CONFIG/spi_config_conf.c"
'Finished building: ../Dave/Generated/SPI_CONFIG/spi_config_conf.c'

'Building file: ../Dave/Generated/DIGITAL_IO/digital_io_conf.c'
'Invoking: ARM-GCC C Compiler'
"C:\Programs\Dave4\eclipse\ARM-GCC-49/bin/arm-none-eabi-gcc" -MMD -MT "Dave/Generated/DIGITAL_IO/digital_io_conf.o" -DXMC1100_Q024x0064 -I"C:\Users\Bernd\Documents\AD9833DDS\AD9833FreqGen\XMC2AD9833\Libraries\XMCLib\inc" -I"C:\Users\Bernd\Documents\AD9833DDS\AD9833FreqGen\XMC2AD9833/Libraries/CMSIS/Include" -I"C:\Users\Bernd\Documents\AD9833DDS\AD9833FreqGen\XMC2AD9833/Libraries/CMSIS/Infineon/XMC1100_series/Include" -I"C:\Users\Bernd\Documents\AD9833DDS\AD9833FreqGen\XMC2AD9833" -I"C:\Users\Bernd\Documents\AD9833DDS\AD9833FreqGen\XMC2AD9833\Dave\Generated" -I"C:\Users\Bernd\Documents\AD9833DDS\AD9833FreqGen\XMC2AD9833\Libraries" -Os -ffunction-sections -fdata-sections -Wall -std=gnu99 -Wa,-adhlns="Dave/Generated/DIGITAL_IO/digital_io_conf.o.lst" -pipe -c -fmessage-length=0 -MMD -MP -MF"Dave/Generated/DIGITAL_IO/digital_io_conf.d" -MT"Dave/Generated/DIGITAL_IO/digital_io_conf.d Dave/Generated/DIGITAL_IO/digital_io_conf.o" -mcpu=cortex-m0 -mthumb -o "Dave/Generated/DIGITAL_IO/digital_io_conf.o" "../Dave/Generated/DIGITAL_IO/digital_io_conf.c"
'Finished building: ../Dave/Generated/DIGITAL_IO/digital_io_conf.c'

'Building file: ../Dave/Generated/DIGITAL_IO/digital_io.c'
'Invoking: ARM-GCC C Compiler'
"C:\Programs\Dave4\eclipse\ARM-GCC-49/bin/arm-none-eabi-gcc" -MMD -MT "Dave/Generated/DIGITAL_IO/digital_io.o" -DXMC1100_Q024x0064 -I"C:\Users\Bernd\Documents\AD9833DDS\AD9833FreqGen\XMC2AD9833\Libraries\XMCLib\inc" -I"C:\Users\Bernd\Documents\AD9833DDS\AD9833FreqGen\XMC2AD9833/Libraries/CMSIS/Include" -I"C:\Users\Bernd\Documents\AD9833DDS\AD9833FreqGen\XMC2AD9833/Libraries/CMSIS/Infineon/XMC1100_series/Include" -I"C:\Users\Bernd\Documents\AD9833DDS\AD9833FreqGen\XMC2AD9833" -I"C:\Users\Bernd\Documents\AD9833DDS\AD9833FreqGen\XMC2AD9833\Dave\Generated" -I"C:\Users\Bernd\Documents\AD9833DDS\AD9833FreqGen\XMC2AD9833\Libraries" -Os -ffunction-sections -fdata-sections -Wall -std=gnu99 -Wa,-adhlns="Dave/Generated/DIGITAL_IO/digital_io.o.lst" -pipe -c -fmessage-length=0 -MMD -MP -MF"Dave/Generated/DIGITAL_IO/digital_io.d" -MT"Dave/Generated/DIGITAL_IO/digital_io.d Dave/Generated/DIGITAL_IO/digital_io.o" -mcpu=cortex-m0 -mthumb -o "Dave/Generated/DIGITAL_IO/digital_io.o" "../Dave/Generated/DIGITAL_IO/digital_io.c"
'Finished building: ../Dave/Generated/DIGITAL_IO/digital_io.c'

'Building file: ../Dave/Generated/CLOCK_XMC1/clock_xmc1.c'
'Invoking: ARM-GCC C Compiler'
"C:\Programs\Dave4\eclipse\ARM-GCC-49/bin/arm-none-eabi-gcc" -MMD -MT "Dave/Generated/CLOCK_XMC1/clock_xmc1.o" -DXMC1100_Q024x0064 -I"C:\Users\Bernd\Documents\AD9833DDS\AD9833FreqGen\XMC2AD9833\Libraries\XMCLib\inc" -I"C:\Users\Bernd\Documents\AD9833DDS\AD9833FreqGen\XMC2AD9833/Libraries/CMSIS/Include" -I"C:\Users\Bernd\Documents\AD9833DDS\AD9833FreqGen\XMC2AD9833/Libraries/CMSIS/Infineon/XMC1100_series/Include" -I"C:\Users\Bernd\Documents\AD9833DDS\AD9833FreqGen\XMC2AD9833" -I"C:\Users\Bernd\Documents\AD9833DDS\AD9833FreqGen\XMC2AD9833\Dave\Generated" -I"C:\Users\Bernd\Documents\AD9833DDS\AD9833FreqGen\XMC2AD9833\Libraries" -Os -ffunction-sections -fdata-sections -Wall -std=gnu99 -Wa,-adhlns="Dave/Generated/CLOCK_XMC1/clock_xmc1.o.lst" -pipe -c -fmessage-length=0 -MMD -MP -MF"Dave/Generated/CLOCK_XMC1/clock_xmc1.d" -MT"Dave/Generated/CLOCK_XMC1/clock_xmc1.d Dave/Generated/CLOCK_XMC1/clock_xmc1.o" -mcpu=cortex-m0 -mthumb -o "Dave/Generated/CLOCK_XMC1/clock_xmc1.o" "../Dave/Generated/CLOCK_XMC1/clock_xmc1.c"
'Finished building: ../Dave/Generated/CLOCK_XMC1/clock_xmc1.c'

'Building file: ../Dave/Generated/CLOCK_XMC1/clock_xmc1_conf.c'
'Invoking: ARM-GCC C Compiler'
"C:\Programs\Dave4\eclipse\ARM-GCC-49/bin/arm-none-eabi-gcc" -MMD -MT "Dave/Generated/CLOCK_XMC1/clock_xmc1_conf.o" -DXMC1100_Q024x0064 -I"C:\Users\Bernd\Documents\AD9833DDS\AD9833FreqGen\XMC2AD9833\Libraries\XMCLib\inc" -I"C:\Users\Bernd\Documents\AD9833DDS\AD9833FreqGen\XMC2AD9833/Libraries/CMSIS/Include" -I"C:\Users\Bernd\Documents\AD9833DDS\AD9833FreqGen\XMC2AD9833/Libraries/CMSIS/Infineon/XMC1100_series/Include" -I"C:\Users\Bernd\Documents\AD9833DDS\AD9833FreqGen\XMC2AD9833" -I"C:\Users\Bernd\Documents\AD9833DDS\AD9833FreqGen\XMC2AD9833\Dave\Generated" -I"C:\Users\Bernd\Documents\AD9833DDS\AD9833FreqGen\XMC2AD9833\Libraries" -Os -ffunction-sections -fdata-sections -Wall -std=gnu99 -Wa,-adhlns="Dave/Generated/CLOCK_XMC1/clock_xmc1_conf.o.lst" -pipe -c -fmessage-length=0 -MMD -MP -MF"Dave/Generated/CLOCK_XMC1/clock_xmc1_conf.d" -MT"Dave/Generated/CLOCK_XMC1/clock_xmc1_conf.d Dave/Generated/CLOCK_XMC1/clock_xmc1_conf.o" -mcpu=cortex-m0 -mthumb -o "Dave/Generated/CLOCK_XMC1/clock_xmc1_conf.o" "../Dave/Generated/CLOCK_XMC1/clock_xmc1_conf.c"
'Finished building: ../Dave/Generated/CLOCK_XMC1/clock_xmc1_conf.c'

'Building file: ../Dave/Generated/DAVE.c'
'Invoking: ARM-GCC C Compiler'
"C:\Programs\Dave4\eclipse\ARM-GCC-49/bin/arm-none-eabi-gcc" -MMD -MT "Dave/Generated/DAVE.o" -DXMC1100_Q024x0064 -I"C:\Users\Bernd\Documents\AD9833DDS\AD9833FreqGen\XMC2AD9833\Libraries\XMCLib\inc" -I"C:\Users\Bernd\Documents\AD9833DDS\AD9833FreqGen\XMC2AD9833/Libraries/CMSIS/Include" -I"C:\Users\Bernd\Documents\AD9833DDS\AD9833FreqGen\XMC2AD9833/Libraries/CMSIS/Infineon/XMC1100_series/Include" -I"C:\Users\Bernd\Documents\AD9833DDS\AD9833FreqGen\XMC2AD9833" -I"C:\Users\Bernd\Documents\AD9833DDS\AD9833FreqGen\XMC2AD9833\Dave\Generated" -I"C:\Users\Bernd\Documents\AD9833DDS\AD9833FreqGen\XMC2AD9833\Libraries" -Os -ffunction-sections -fdata-sections -Wall -std=gnu99 -Wa,-adhlns="Dave/Generated/DAVE.o.lst" -pipe -c -fmessage-length=0 -MMD -MP -MF"Dave/Generated/DAVE.d" -MT"Dave/Generated/DAVE.d Dave/Generated/DAVE.o" -mcpu=cortex-m0 -mthumb -o "Dave/Generated/DAVE.o" "../Dave/Generated/DAVE.c"
'Finished building: ../Dave/Generated/DAVE.c'

'Building file: ../MCP41010.c'
'Invoking: ARM-GCC C Compiler'
"C:\Programs\Dave4\eclipse\ARM-GCC-49/bin/arm-none-eabi-gcc" -MMD -MT "MCP41010.o" -DXMC1100_Q024x0064 -I"C:\Users\Bernd\Documents\AD9833DDS\AD9833FreqGen\XMC2AD9833\Libraries\XMCLib\inc" -I"C:\Users\Bernd\Documents\AD9833DDS\AD9833FreqGen\XMC2AD9833/Libraries/CMSIS/Include" -I"C:\Users\Bernd\Documents\AD9833DDS\AD9833FreqGen\XMC2AD9833/Libraries/CMSIS/Infineon/XMC1100_series/Include" -I"C:\Users\Bernd\Documents\AD9833DDS\AD9833FreqGen\XMC2AD9833" -I"C:\Users\Bernd\Documents\AD9833DDS\AD9833FreqGen\XMC2AD9833\Dave\Generated" -I"C:\Users\Bernd\Documents\AD9833DDS\AD9833FreqGen\XMC2AD9833\Libraries" -Os -ffunction-sections -fdata-sections -Wall -std=gnu99 -Wa,-adhlns="MCP41010.o.lst" -pipe -c -fmessage-length=0 -MMD -MP -MF"MCP41010.d" -MT"MCP41010.d MCP41010.o" -mcpu=cortex-m0 -mthumb -o "MCP41010.o" "../MCP41010.c"
'Finished building: ../MCP41010.c'

'Building file: ../AD9833.c'
'Invoking: ARM-GCC C Compiler'
"C:\Programs\Dave4\eclipse\ARM-GCC-49/bin/arm-none-eabi-gcc" -MMD -MT "AD9833.o" -DXMC1100_Q024x0064 -I"C:\Users\Bernd\Documents\AD9833DDS\AD9833FreqGen\XMC2AD9833\Libraries\XMCLib\inc" -I"C:\Users\Bernd\Documents\AD9833DDS\AD9833FreqGen\XMC2AD9833/Libraries/CMSIS/Include" -I"C:\Users\Bernd\Documents\AD9833DDS\AD9833FreqGen\XMC2AD9833/Libraries/CMSIS/Infineon/XMC1100_series/Include" -I"C:\Users\Bernd\Documents\AD9833DDS\AD9833FreqGen\XMC2AD9833" -I"C:\Users\Bernd\Documents\AD9833DDS\AD9833FreqGen\XMC2AD9833\Dave\Generated" -I"C:\Users\Bernd\Documents\AD9833DDS\AD9833FreqGen\XMC2AD9833\Libraries" -Os -ffunction-sections -fdata-sections -Wall -std=gnu99 -Wa,-adhlns="AD9833.o.lst" -pipe -c -fmessage-length=0 -MMD -MP -MF"AD9833.d" -MT"AD9833.d AD9833.o" -mcpu=cortex-m0 -mthumb -o "AD9833.o" "../AD9833.c"
'Finished building: ../AD9833.c'

'Building file: ../main.c'
'Invoking: ARM-GCC C Compiler'
"C:\Programs\Dave4\eclipse\ARM-GCC-49/bin/arm-none-eabi-gcc" -MMD -MT "main.o" -DXMC1100_Q024x0064 -I"C:\Users\Bernd\Documents\AD9833DDS\AD9833FreqGen\XMC2AD9833\Libraries\XMCLib\inc" -I"C:\Users\Bernd\Documents\AD9833DDS\AD9833FreqGen\XMC2AD9833/Libraries/CMSIS/Include" -I"C:\Users\Bernd\Documents\AD9833DDS\AD9833FreqGen\XMC2AD9833/Libraries/CMSIS/Infineon/XMC1100_series/Include" -I"C:\Users\Bernd\Documents\AD9833DDS\AD9833FreqGen\XMC2AD9833" -I"C:\Users\Bernd\Documents\AD9833DDS\AD9833FreqGen\XMC2AD9833\Dave\Generated" -I"C:\Users\Bernd\Documents\AD9833DDS\AD9833FreqGen\XMC2AD9833\Libraries" -Os -ffunction-sections -fdata-sections -Wall -std=gnu99 -Wa,-adhlns="main.o.lst" -pipe -c -fmessage-length=0 -MMD -MP -MF"main.d" -MT"main.d main.o" -mcpu=cortex-m0 -mthumb -o "main.o" "../main.c"
'Finished building: ../main.c'

'Building target: XMC2AD9833.elf'
'Invoking: ARM-GCC C Linker'
"C:\Programs\Dave4\eclipse\ARM-GCC-49/bin/arm-none-eabi-gcc" -T"../linker_script.ld" -nostartfiles -Xlinker --gc-sections -specs=nano.specs -specs=nosys.specs -Wl,-Map,XMC2AD9833.map -mcpu=cortex-m0 -mthumb -o "XMC2AD9833.elf" "@objects.rsp"  -lm
'Finished building target: XMC2AD9833.elf'

'Invoking: ARM-GCC Create Flash Image'
"C:\Programs\Dave4\eclipse\ARM-GCC-49/bin/arm-none-eabi-objcopy" -O ihex "XMC2AD9833.elf"  "XMC2AD9833.hex"
'Finished building: XMC2AD9833.hex'

'Invoking: ARM-GCC Print Size'
"C:\Programs\Dave4\eclipse\ARM-GCC-49/bin/arm-none-eabi-size"  --format=berkeley "XMC2AD9833.elf"
   text	   data	    bss	    dec	    hex	filename
   6283	    192	   1120	   7595	   1dab	XMC2AD9833.elf
'Finished building: XMC2AD9833.siz'

'Invoking: ARM-GCC Create Listing'
"C:\Programs\Dave4\eclipse\ARM-GCC-49/bin/arm-none-eabi-objdump" -h -S "XMC2AD9833.elf" > "XMC2AD9833.lst"
'Finished building: XMC2AD9833.lst'

12:46:56 **** Clean-only build of configuration Release for project XMC2AD9833 ****
"\"C:\\Programs\\Dave4\\eclipse\\ARM-GCC-49\\bin\\make\"" --output-sync -j4 clean 
rm -rf  ./Startup/startup_XMC1100.o ./Startup/system_XMC1100.o  ./Libraries/XMCLib/src/xmc1_eru.o ./Libraries/XMCLib/src/xmc1_flash.o ./Libraries/XMCLib/src/xmc1_gpio.o ./Libraries/XMCLib/src/xmc1_rtc.o ./Libraries/XMCLib/src/xmc1_scu.o ./Libraries/XMCLib/src/xmc_acmp.o ./Libraries/XMCLib/src/xmc_bccu.o ./Libraries/XMCLib/src/xmc_can.o ./Libraries/XMCLib/src/xmc_ccu4.o ./Libraries/XMCLib/src/xmc_ccu8.o ./Libraries/XMCLib/src/xmc_common.o ./Libraries/XMCLib/src/xmc_eru.o ./Libraries/XMCLib/src/xmc_gpio.o ./Libraries/XMCLib/src/xmc_i2c.o ./Libraries/XMCLib/src/xmc_i2s.o ./Libraries/XMCLib/src/xmc_ledts.o ./Libraries/XMCLib/src/xmc_math.o ./Libraries/XMCLib/src/xmc_pau.o ./Libraries/XMCLib/src/xmc_posif.o ./Libraries/XMCLib/src/xmc_prng.o ./Libraries/XMCLib/src/xmc_rtc.o ./Libraries/XMCLib/src/xmc_spi.o ./Libraries/XMCLib/src/xmc_uart.o ./Libraries/XMCLib/src/xmc_usic.o ./Libraries/XMCLib/src/xmc_vadc.o ./Libraries/XMCLib/src/xmc_wdt.o  ./Libraries/Newlib/syscalls.o  ./Dave/Generated/UART/uart.o ./Dave/Generated/UART/uart_conf.o  ./Dave/Generated/SPI_CONFIG/spi_config.o ./Dave/Generated/SPI_CONFIG/spi_config_conf.o  ./Dave/Generated/DIGITAL_IO/digital_io.o ./Dave/Generated/DIGITAL_IO/digital_io_conf.o  ./Dave/Generated/CLOCK_XMC1/clock_xmc1.o ./Dave/Generated/CLOCK_XMC1/clock_xmc1_conf.o  ./Dave/Generated/DAVE.o  ./AD9833.o ./MCP41010.o ./main.o  XMC2AD9833.hex  XMC2AD9833.lst  XMC2AD9833.siz  ./Startup/startup_XMC1100.d  ./Startup/system_XMC1100.d  ./Libraries/XMCLib/src/xmc1_eru.d ./Libraries/XMCLib/src/xmc1_flash.d ./Libraries/XMCLib/src/xmc1_gpio.d ./Libraries/XMCLib/src/xmc1_rtc.d ./Libraries/XMCLib/src/xmc1_scu.d ./Libraries/XMCLib/src/xmc_acmp.d ./Libraries/XMCLib/src/xmc_bccu.d ./Libraries/XMCLib/src/xmc_can.d ./Libraries/XMCLib/src/xmc_ccu4.d ./Libraries/XMCLib/src/xmc_ccu8.d ./Libraries/XMCLib/src/xmc_common.d ./Libraries/XMCLib/src/xmc_eru.d ./Libraries/XMCLib/src/xmc_gpio.d ./Libraries/XMCLib/src/xmc_i2c.d ./Libraries/XMCLib/src/xmc_i2s.d ./Libraries/XMCLib/src/xmc_ledts.d ./Libraries/XMCLib/src/xmc_math.d ./Libraries/XMCLib/src/xmc_pau.d ./Libraries/XMCLib/src/xmc_posif.d ./Libraries/XMCLib/src/xmc_prng.d ./Libraries/XMCLib/src/xmc_rtc.d ./Libraries/XMCLib/src/xmc_spi.d ./Libraries/XMCLib/src/xmc_uart.d ./Libraries/XMCLib/src/xmc_usic.d ./Libraries/XMCLib/src/xmc_vadc.d ./Libraries/XMCLib/src/xmc_wdt.d  ./Libraries/Newlib/syscalls.d  ./Dave/Generated/UART/uart.d ./Dave/Generated/UART/uart_conf.d  ./Dave/Generated/SPI_CONFIG/spi_config.d ./Dave/Generated/SPI_CONFIG/spi_config_conf.d  ./Dave/Generated/DIGITAL_IO/digital_io.d ./Dave/Generated/DIGITAL_IO/digital_io_conf.d  ./Dave/Generated/CLOCK_XMC1/clock_xmc1.d ./Dave/Generated/CLOCK_XMC1/clock_xmc1_conf.d  ./Dave/Generated/DAVE.d  ./AD9833.d ./MCP41010.d ./main.d  XMC2AD9833.elf ./Startup/startup_XMC1100.o.lst ./Startup/system_XMC1100.o.lst ./Libraries/XMCLib/src/xmc1_eru.o.lst ./Libraries/XMCLib/src/xmc1_flash.o.lst ./Libraries/XMCLib/src/xmc1_gpio.o.lst ./Libraries/XMCLib/src/xmc1_rtc.o.lst ./Libraries/XMCLib/src/xmc1_scu.o.lst ./Libraries/XMCLib/src/xmc_acmp.o.lst ./Libraries/XMCLib/src/xmc_bccu.o.lst ./Libraries/XMCLib/src/xmc_can.o.lst ./Libraries/XMCLib/src/xmc_ccu4.o.lst ./Libraries/XMCLib/src/xmc_ccu8.o.lst ./Libraries/XMCLib/src/xmc_common.o.lst ./Libraries/XMCLib/src/xmc_eru.o.lst ./Libraries/XMCLib/src/xmc_gpio.o.lst ./Libraries/XMCLib/src/xmc_i2c.o.lst ./Libraries/XMCLib/src/xmc_i2s.o.lst ./Libraries/XMCLib/src/xmc_ledts.o.lst ./Libraries/XMCLib/src/xmc_math.o.lst ./Libraries/XMCLib/src/xmc_pau.o.lst ./Libraries/XMCLib/src/xmc_posif.o.lst ./Libraries/XMCLib/src/xmc_prng.o.lst ./Libraries/XMCLib/src/xmc_rtc.o.lst ./Libraries/XMCLib/src/xmc_spi.o.lst ./Libraries/XMCLib/src/xmc_uart.o.lst ./Libraries/XMCLib/src/xmc_usic.o.lst ./Libraries/XMCLib/src/xmc_vadc.o.lst ./Libraries/XMCLib/src/xmc_wdt.o.lst ./Libraries/Newlib/syscalls.o.lst ./Dave/Generated/UART/uart.o.lst ./Dave/Generated/UART/uart_conf.o.lst ./Dave/Generated/SPI_CONFIG/spi_config.o.lst ./Dave/Generated/SPI_CONFIG/spi_config_conf.o.lst ./Dave/Generated/DIGITAL_IO/digital_io.o.lst ./Dave/Generated/DIGITAL_IO/digital_io_conf.o.lst ./Dave/Generated/CLOCK_XMC1/clock_xmc1.o.lst ./Dave/Generated/CLOCK_XMC1/clock_xmc1_conf.o.lst ./Dave/Generated/DAVE.o.lst ./AD9833.o.lst ./MCP41010.o.lst ./main.o.lst  XMC2AD9833.map objects.rsp

12:46:57 **** Clean-only build of configuration Release for project XMC2AD9833 ****
"\"C:\\Programs\\Dave4\\eclipse\\ARM-GCC-49\\bin\\make\"" --output-sync -j4 clean 
rm -rf  ./Startup/startup_XMC1100.o ./Startup/system_XMC1100.o  ./Libraries/XMCLib/src/xmc1_eru.o ./Libraries/XMCLib/src/xmc1_flash.o ./Libraries/XMCLib/src/xmc1_gpio.o ./Libraries/XMCLib/src/xmc1_rtc.o ./Libraries/XMCLib/src/xmc1_scu.o ./Libraries/XMCLib/src/xmc_acmp.o ./Libraries/XMCLib/src/xmc_bccu.o ./Libraries/XMCLib/src/xmc_can.o ./Libraries/XMCLib/src/xmc_ccu4.o ./Libraries/XMCLib/src/xmc_ccu8.o ./Libraries/XMCLib/src/xmc_common.o ./Libraries/XMCLib/src/xmc_eru.o ./Libraries/XMCLib/src/xmc_gpio.o ./Libraries/XMCLib/src/xmc_i2c.o ./Libraries/XMCLib/src/xmc_i2s.o ./Libraries/XMCLib/src/xmc_ledts.o ./Libraries/XMCLib/src/xmc_math.o ./Libraries/XMCLib/src/xmc_pau.o ./Libraries/XMCLib/src/xmc_posif.o ./Libraries/XMCLib/src/xmc_prng.o ./Libraries/XMCLib/src/xmc_rtc.o ./Libraries/XMCLib/src/xmc_spi.o ./Libraries/XMCLib/src/xmc_uart.o ./Libraries/XMCLib/src/xmc_usic.o ./Libraries/XMCLib/src/xmc_vadc.o ./Libraries/XMCLib/src/xmc_wdt.o  ./Libraries/Newlib/syscalls.o  ./Dave/Generated/UART/uart.o ./Dave/Generated/UART/uart_conf.o  ./Dave/Generated/SPI_CONFIG/spi_config.o ./Dave/Generated/SPI_CONFIG/spi_config_conf.o  ./Dave/Generated/DIGITAL_IO/digital_io.o ./Dave/Generated/DIGITAL_IO/digital_io_conf.o  ./Dave/Generated/CLOCK_XMC1/clock_xmc1.o ./Dave/Generated/CLOCK_XMC1/clock_xmc1_conf.o  ./Dave/Generated/DAVE.o  ./AD9833.o ./MCP41010.o ./main.o  XMC2AD9833.hex  XMC2AD9833.lst  XMC2AD9833.siz  ./Startup/startup_XMC1100.d  ./Startup/system_XMC1100.d  ./Libraries/XMCLib/src/xmc1_eru.d ./Libraries/XMCLib/src/xmc1_flash.d ./Libraries/XMCLib/src/xmc1_gpio.d ./Libraries/XMCLib/src/xmc1_rtc.d ./Libraries/XMCLib/src/xmc1_scu.d ./Libraries/XMCLib/src/xmc_acmp.d ./Libraries/XMCLib/src/xmc_bccu.d ./Libraries/XMCLib/src/xmc_can.d ./Libraries/XMCLib/src/xmc_ccu4.d ./Libraries/XMCLib/src/xmc_ccu8.d ./Libraries/XMCLib/src/xmc_common.d ./Libraries/XMCLib/src/xmc_eru.d ./Libraries/XMCLib/src/xmc_gpio.d ./Libraries/XMCLib/src/xmc_i2c.d ./Libraries/XMCLib/src/xmc_i2s.d ./Libraries/XMCLib/src/xmc_ledts.d ./Libraries/XMCLib/src/xmc_math.d ./Libraries/XMCLib/src/xmc_pau.d ./Libraries/XMCLib/src/xmc_posif.d ./Libraries/XMCLib/src/xmc_prng.d ./Libraries/XMCLib/src/xmc_rtc.d ./Libraries/XMCLib/src/xmc_spi.d ./Libraries/XMCLib/src/xmc_uart.d ./Libraries/XMCLib/src/xmc_usic.d ./Libraries/XMCLib/src/xmc_vadc.d ./Libraries/XMCLib/src/xmc_wdt.d  ./Libraries/Newlib/syscalls.d  ./Dave/Generated/UART/uart.d ./Dave/Generated/UART/uart_conf.d  ./Dave/Generated/SPI_CONFIG/spi_config.d ./Dave/Generated/SPI_CONFIG/spi_config_conf.d  ./Dave/Generated/DIGITAL_IO/digital_io.d ./Dave/Generated/DIGITAL_IO/digital_io_conf.d  ./Dave/Generated/CLOCK_XMC1/clock_xmc1.d ./Dave/Generated/CLOCK_XMC1/clock_xmc1_conf.d  ./Dave/Generated/DAVE.d  ./AD9833.d ./MCP41010.d ./main.d  XMC2AD9833.elf ./Startup/startup_XMC1100.o.lst ./Startup/system_XMC1100.o.lst ./Libraries/XMCLib/src/xmc1_eru.o.lst ./Libraries/XMCLib/src/xmc1_flash.o.lst ./Libraries/XMCLib/src/xmc1_gpio.o.lst ./Libraries/XMCLib/src/xmc1_rtc.o.lst ./Libraries/XMCLib/src/xmc1_scu.o.lst ./Libraries/XMCLib/src/xmc_acmp.o.lst ./Libraries/XMCLib/src/xmc_bccu.o.lst ./Libraries/XMCLib/src/xmc_can.o.lst ./Libraries/XMCLib/src/xmc_ccu4.o.lst ./Libraries/XMCLib/src/xmc_ccu8.o.lst ./Libraries/XMCLib/src/xmc_common.o.lst ./Libraries/XMCLib/src/xmc_eru.o.lst ./Libraries/XMCLib/src/xmc_gpio.o.lst ./Libraries/XMCLib/src/xmc_i2c.o.lst ./Libraries/XMCLib/src/xmc_i2s.o.lst ./Libraries/XMCLib/src/xmc_ledts.o.lst ./Libraries/XMCLib/src/xmc_math.o.lst ./Libraries/XMCLib/src/xmc_pau.o.lst ./Libraries/XMCLib/src/xmc_posif.o.lst ./Libraries/XMCLib/src/xmc_prng.o.lst ./Libraries/XMCLib/src/xmc_rtc.o.lst ./Libraries/XMCLib/src/xmc_spi.o.lst ./Libraries/XMCLib/src/xmc_uart.o.lst ./Libraries/XMCLib/src/xmc_usic.o.lst ./Libraries/XMCLib/src/xmc_vadc.o.lst ./Libraries/XMCLib/src/xmc_wdt.o.lst ./Libraries/Newlib/syscalls.o.lst ./Dave/Generated/UART/uart.o.lst ./Dave/Generated/UART/uart_conf.o.lst ./Dave/Generated/SPI_CONFIG/spi_config.o.lst ./Dave/Generated/SPI_CONFIG/spi_config_conf.o.lst ./Dave/Generated/DIGITAL_IO/digital_io.o.lst ./Dave/Generated/DIGITAL_IO/digital_io_conf.o.lst ./Dave/Generated/CLOCK_XMC1/clock_xmc1.o.lst ./Dave/Generated/CLOCK_XMC1/clock_xmc1_conf.o.lst ./Dave/Generated/DAVE.o.lst ./AD9833.o.lst ./MCP41010.o.lst ./main.o.lst  XMC2AD9833.map objects.rsp

12:46:57 **** Build of configuration Release for project XMC2AD9833 ****
"\"C:\\Programs\\Dave4\\eclipse\\ARM-GCC-49\\bin\\make\"" --output-sync -j4 all 
'Building file: ../Startup/system_XMC1100.c'
'Invoking: ARM-GCC C Compiler'
"C:\Programs\Dave4\eclipse\ARM-GCC-49/bin/arm-none-eabi-gcc" -MMD -MT "Startup/system_XMC1100.o" -DXMC1100_Q024x0064 -I"C:\Users\Bernd\Documents\AD9833DDS\AD9833FreqGen\XMC2AD9833\Libraries\XMCLib\inc" -I"C:\Users\Bernd\Documents\AD9833DDS\AD9833FreqGen\XMC2AD9833/Libraries/CMSIS/Include" -I"C:\Users\Bernd\Documents\AD9833DDS\AD9833FreqGen\XMC2AD9833/Libraries/CMSIS/Infineon/XMC1100_series/Include" -I"C:\Users\Bernd\Documents\AD9833DDS\AD9833FreqGen\XMC2AD9833" -I"C:\Users\Bernd\Documents\AD9833DDS\AD9833FreqGen\XMC2AD9833\Dave\Generated" -I"C:\Users\Bernd\Documents\AD9833DDS\AD9833FreqGen\XMC2AD9833\Libraries" -Os -ffunction-sections -fdata-sections -Wall -std=gnu99 -Wa,-adhlns="Startup/system_XMC1100.o.lst" -pipe -c -fmessage-length=0 -MMD -MP -MF"Startup/system_XMC1100.d" -MT"Startup/system_XMC1100.d Startup/system_XMC1100.o" -mcpu=cortex-m0 -mthumb -o "Startup/system_XMC1100.o" "../Startup/system_XMC1100.c"
'Finished building: ../Startup/system_XMC1100.c'

'Building file: ../Startup/startup_XMC1100.S'
'Invoking: ARM-GCC Assembler'
"C:\Programs\Dave4\eclipse\ARM-GCC-49/bin/arm-none-eabi-gcc" -MMD -MT "Startup/startup_XMC1100.o" -x assembler-with-cpp -DXMC1100_Q024x0064 -I"C:\Users\Bernd\Documents\AD9833DDS\AD9833FreqGen\XMC2AD9833\Libraries\XMCLib\inc" -I"C:\Users\Bernd\Documents\AD9833DDS\AD9833FreqGen\XMC2AD9833" -I"C:\Users\Bernd\Documents\AD9833DDS\AD9833FreqGen\XMC2AD9833\Dave\Generated" -Wall -Wa,-adhlns="Startup/startup_XMC1100.o.lst" -c -fmessage-length=0 -MMD -MP -MF"Startup/startup_XMC1100.d" -MT"Startup/startup_XMC1100.d Startup/startup_XMC1100.o" -mcpu=cortex-m0 -mthumb -o "Startup/startup_XMC1100.o" "../Startup/startup_XMC1100.S"
'Finished building: ../Startup/startup_XMC1100.S'

'Building file: ../Libraries/XMCLib/src/xmc1_eru.c'
'Invoking: ARM-GCC C Compiler'
"C:\Programs\Dave4\eclipse\ARM-GCC-49/bin/arm-none-eabi-gcc" -MMD -MT "Libraries/XMCLib/src/xmc1_eru.o" -DXMC1100_Q024x0064 -I"C:\Users\Bernd\Documents\AD9833DDS\AD9833FreqGen\XMC2AD9833\Libraries\XMCLib\inc" -I"C:\Users\Bernd\Documents\AD9833DDS\AD9833FreqGen\XMC2AD9833/Libraries/CMSIS/Include" -I"C:\Users\Bernd\Documents\AD9833DDS\AD9833FreqGen\XMC2AD9833/Libraries/CMSIS/Infineon/XMC1100_series/Include" -I"C:\Users\Bernd\Documents\AD9833DDS\AD9833FreqGen\XMC2AD9833" -I"C:\Users\Bernd\Documents\AD9833DDS\AD9833FreqGen\XMC2AD9833\Dave\Generated" -I"C:\Users\Bernd\Documents\AD9833DDS\AD9833FreqGen\XMC2AD9833\Libraries" -Os -ffunction-sections -fdata-sections -Wall -std=gnu99 -Wa,-adhlns="Libraries/XMCLib/src/xmc1_eru.o.lst" -pipe -c -fmessage-length=0 -MMD -MP -MF"Libraries/XMCLib/src/xmc1_eru.d" -MT"Libraries/XMCLib/src/xmc1_eru.d Libraries/XMCLib/src/xmc1_eru.o" -mcpu=cortex-m0 -mthumb -o "Libraries/XMCLib/src/xmc1_eru.o" "../Libraries/XMCLib/src/xmc1_eru.c"
'Finished building: ../Libraries/XMCLib/src/xmc1_eru.c'

'Building file: ../Libraries/XMCLib/src/xmc1_flash.c'
'Invoking: ARM-GCC C Compiler'
"C:\Programs\Dave4\eclipse\ARM-GCC-49/bin/arm-none-eabi-gcc" -MMD -MT "Libraries/XMCLib/src/xmc1_flash.o" -DXMC1100_Q024x0064 -I"C:\Users\Bernd\Documents\AD9833DDS\AD9833FreqGen\XMC2AD9833\Libraries\XMCLib\inc" -I"C:\Users\Bernd\Documents\AD9833DDS\AD9833FreqGen\XMC2AD9833/Libraries/CMSIS/Include" -I"C:\Users\Bernd\Documents\AD9833DDS\AD9833FreqGen\XMC2AD9833/Libraries/CMSIS/Infineon/XMC1100_series/Include" -I"C:\Users\Bernd\Documents\AD9833DDS\AD9833FreqGen\XMC2AD9833" -I"C:\Users\Bernd\Documents\AD9833DDS\AD9833FreqGen\XMC2AD9833\Dave\Generated" -I"C:\Users\Bernd\Documents\AD9833DDS\AD9833FreqGen\XMC2AD9833\Libraries" -Os -ffunction-sections -fdata-sections -Wall -std=gnu99 -Wa,-adhlns="Libraries/XMCLib/src/xmc1_flash.o.lst" -pipe -c -fmessage-length=0 -MMD -MP -MF"Libraries/XMCLib/src/xmc1_flash.d" -MT"Libraries/XMCLib/src/xmc1_flash.d Libraries/XMCLib/src/xmc1_flash.o" -mcpu=cortex-m0 -mthumb -o "Libraries/XMCLib/src/xmc1_flash.o" "../Libraries/XMCLib/src/xmc1_flash.c"
'Finished building: ../Libraries/XMCLib/src/xmc1_flash.c'

'Building file: ../Libraries/XMCLib/src/xmc1_gpio.c'
'Invoking: ARM-GCC C Compiler'
"C:\Programs\Dave4\eclipse\ARM-GCC-49/bin/arm-none-eabi-gcc" -MMD -MT "Libraries/XMCLib/src/xmc1_gpio.o" -DXMC1100_Q024x0064 -I"C:\Users\Bernd\Documents\AD9833DDS\AD9833FreqGen\XMC2AD9833\Libraries\XMCLib\inc" -I"C:\Users\Bernd\Documents\AD9833DDS\AD9833FreqGen\XMC2AD9833/Libraries/CMSIS/Include" -I"C:\Users\Bernd\Documents\AD9833DDS\AD9833FreqGen\XMC2AD9833/Libraries/CMSIS/Infineon/XMC1100_series/Include" -I"C:\Users\Bernd\Documents\AD9833DDS\AD9833FreqGen\XMC2AD9833" -I"C:\Users\Bernd\Documents\AD9833DDS\AD9833FreqGen\XMC2AD9833\Dave\Generated" -I"C:\Users\Bernd\Documents\AD9833DDS\AD9833FreqGen\XMC2AD9833\Libraries" -Os -ffunction-sections -fdata-sections -Wall -std=gnu99 -Wa,-adhlns="Libraries/XMCLib/src/xmc1_gpio.o.lst" -pipe -c -fmessage-length=0 -MMD -MP -MF"Libraries/XMCLib/src/xmc1_gpio.d" -MT"Libraries/XMCLib/src/xmc1_gpio.d Libraries/XMCLib/src/xmc1_gpio.o" -mcpu=cortex-m0 -mthumb -o "Libraries/XMCLib/src/xmc1_gpio.o" "../Libraries/XMCLib/src/xmc1_gpio.c"
'Finished building: ../Libraries/XMCLib/src/xmc1_gpio.c'

'Building file: ../Libraries/XMCLib/src/xmc1_rtc.c'
'Invoking: ARM-GCC C Compiler'
"C:\Programs\Dave4\eclipse\ARM-GCC-49/bin/arm-none-eabi-gcc" -MMD -MT "Libraries/XMCLib/src/xmc1_rtc.o" -DXMC1100_Q024x0064 -I"C:\Users\Bernd\Documents\AD9833DDS\AD9833FreqGen\XMC2AD9833\Libraries\XMCLib\inc" -I"C:\Users\Bernd\Documents\AD9833DDS\AD9833FreqGen\XMC2AD9833/Libraries/CMSIS/Include" -I"C:\Users\Bernd\Documents\AD9833DDS\AD9833FreqGen\XMC2AD9833/Libraries/CMSIS/Infineon/XMC1100_series/Include" -I"C:\Users\Bernd\Documents\AD9833DDS\AD9833FreqGen\XMC2AD9833" -I"C:\Users\Bernd\Documents\AD9833DDS\AD9833FreqGen\XMC2AD9833\Dave\Generated" -I"C:\Users\Bernd\Documents\AD9833DDS\AD9833FreqGen\XMC2AD9833\Libraries" -Os -ffunction-sections -fdata-sections -Wall -std=gnu99 -Wa,-adhlns="Libraries/XMCLib/src/xmc1_rtc.o.lst" -pipe -c -fmessage-length=0 -MMD -MP -MF"Libraries/XMCLib/src/xmc1_rtc.d" -MT"Libraries/XMCLib/src/xmc1_rtc.d Libraries/XMCLib/src/xmc1_rtc.o" -mcpu=cortex-m0 -mthumb -o "Libraries/XMCLib/src/xmc1_rtc.o" "../Libraries/XMCLib/src/xmc1_rtc.c"
'Finished building: ../Libraries/XMCLib/src/xmc1_rtc.c'

'Building file: ../Libraries/XMCLib/src/xmc_acmp.c'
'Invoking: ARM-GCC C Compiler'
"C:\Programs\Dave4\eclipse\ARM-GCC-49/bin/arm-none-eabi-gcc" -MMD -MT "Libraries/XMCLib/src/xmc_acmp.o" -DXMC1100_Q024x0064 -I"C:\Users\Bernd\Documents\AD9833DDS\AD9833FreqGen\XMC2AD9833\Libraries\XMCLib\inc" -I"C:\Users\Bernd\Documents\AD9833DDS\AD9833FreqGen\XMC2AD9833/Libraries/CMSIS/Include" -I"C:\Users\Bernd\Documents\AD9833DDS\AD9833FreqGen\XMC2AD9833/Libraries/CMSIS/Infineon/XMC1100_series/Include" -I"C:\Users\Bernd\Documents\AD9833DDS\AD9833FreqGen\XMC2AD9833" -I"C:\Users\Bernd\Documents\AD9833DDS\AD9833FreqGen\XMC2AD9833\Dave\Generated" -I"C:\Users\Bernd\Documents\AD9833DDS\AD9833FreqGen\XMC2AD9833\Libraries" -Os -ffunction-sections -fdata-sections -Wall -std=gnu99 -Wa,-adhlns="Libraries/XMCLib/src/xmc_acmp.o.lst" -pipe -c -fmessage-length=0 -MMD -MP -MF"Libraries/XMCLib/src/xmc_acmp.d" -MT"Libraries/XMCLib/src/xmc_acmp.d Libraries/XMCLib/src/xmc_acmp.o" -mcpu=cortex-m0 -mthumb -o "Libraries/XMCLib/src/xmc_acmp.o" "../Libraries/XMCLib/src/xmc_acmp.c"
'Finished building: ../Libraries/XMCLib/src/xmc_acmp.c'

'Building file: ../Libraries/XMCLib/src/xmc1_scu.c'
'Invoking: ARM-GCC C Compiler'
"C:\Programs\Dave4\eclipse\ARM-GCC-49/bin/arm-none-eabi-gcc" -MMD -MT "Libraries/XMCLib/src/xmc1_scu.o" -DXMC1100_Q024x0064 -I"C:\Users\Bernd\Documents\AD9833DDS\AD9833FreqGen\XMC2AD9833\Libraries\XMCLib\inc" -I"C:\Users\Bernd\Documents\AD9833DDS\AD9833FreqGen\XMC2AD9833/Libraries/CMSIS/Include" -I"C:\Users\Bernd\Documents\AD9833DDS\AD9833FreqGen\XMC2AD9833/Libraries/CMSIS/Infineon/XMC1100_series/Include" -I"C:\Users\Bernd\Documents\AD9833DDS\AD9833FreqGen\XMC2AD9833" -I"C:\Users\Bernd\Documents\AD9833DDS\AD9833FreqGen\XMC2AD9833\Dave\Generated" -I"C:\Users\Bernd\Documents\AD9833DDS\AD9833FreqGen\XMC2AD9833\Libraries" -Os -ffunction-sections -fdata-sections -Wall -std=gnu99 -Wa,-adhlns="Libraries/XMCLib/src/xmc1_scu.o.lst" -pipe -c -fmessage-length=0 -MMD -MP -MF"Libraries/XMCLib/src/xmc1_scu.d" -MT"Libraries/XMCLib/src/xmc1_scu.d Libraries/XMCLib/src/xmc1_scu.o" -mcpu=cortex-m0 -mthumb -o "Libraries/XMCLib/src/xmc1_scu.o" "../Libraries/XMCLib/src/xmc1_scu.c"
'Finished building: ../Libraries/XMCLib/src/xmc1_scu.c'

'Building file: ../Libraries/XMCLib/src/xmc_bccu.c'
'Invoking: ARM-GCC C Compiler'
"C:\Programs\Dave4\eclipse\ARM-GCC-49/bin/arm-none-eabi-gcc" -MMD -MT "Libraries/XMCLib/src/xmc_bccu.o" -DXMC1100_Q024x0064 -I"C:\Users\Bernd\Documents\AD9833DDS\AD9833FreqGen\XMC2AD9833\Libraries\XMCLib\inc" -I"C:\Users\Bernd\Documents\AD9833DDS\AD9833FreqGen\XMC2AD9833/Libraries/CMSIS/Include" -I"C:\Users\Bernd\Documents\AD9833DDS\AD9833FreqGen\XMC2AD9833/Libraries/CMSIS/Infineon/XMC1100_series/Include" -I"C:\Users\Bernd\Documents\AD9833DDS\AD9833FreqGen\XMC2AD9833" -I"C:\Users\Bernd\Documents\AD9833DDS\AD9833FreqGen\XMC2AD9833\Dave\Generated" -I"C:\Users\Bernd\Documents\AD9833DDS\AD9833FreqGen\XMC2AD9833\Libraries" -Os -ffunction-sections -fdata-sections -Wall -std=gnu99 -Wa,-adhlns="Libraries/XMCLib/src/xmc_bccu.o.lst" -pipe -c -fmessage-length=0 -MMD -MP -MF"Libraries/XMCLib/src/xmc_bccu.d" -MT"Libraries/XMCLib/src/xmc_bccu.d Libraries/XMCLib/src/xmc_bccu.o" -mcpu=cortex-m0 -mthumb -o "Libraries/XMCLib/src/xmc_bccu.o" "../Libraries/XMCLib/src/xmc_bccu.c"
'Finished building: ../Libraries/XMCLib/src/xmc_bccu.c'

'Building file: ../Libraries/XMCLib/src/xmc_can.c'
'Invoking: ARM-GCC C Compiler'
"C:\Programs\Dave4\eclipse\ARM-GCC-49/bin/arm-none-eabi-gcc" -MMD -MT "Libraries/XMCLib/src/xmc_can.o" -DXMC1100_Q024x0064 -I"C:\Users\Bernd\Documents\AD9833DDS\AD9833FreqGen\XMC2AD9833\Libraries\XMCLib\inc" -I"C:\Users\Bernd\Documents\AD9833DDS\AD9833FreqGen\XMC2AD9833/Libraries/CMSIS/Include" -I"C:\Users\Bernd\Documents\AD9833DDS\AD9833FreqGen\XMC2AD9833/Libraries/CMSIS/Infineon/XMC1100_series/Include" -I"C:\Users\Bernd\Documents\AD9833DDS\AD9833FreqGen\XMC2AD9833" -I"C:\Users\Bernd\Documents\AD9833DDS\AD9833FreqGen\XMC2AD9833\Dave\Generated" -I"C:\Users\Bernd\Documents\AD9833DDS\AD9833FreqGen\XMC2AD9833\Libraries" -Os -ffunction-sections -fdata-sections -Wall -std=gnu99 -Wa,-adhlns="Libraries/XMCLib/src/xmc_can.o.lst" -pipe -c -fmessage-length=0 -MMD -MP -MF"Libraries/XMCLib/src/xmc_can.d" -MT"Libraries/XMCLib/src/xmc_can.d Libraries/XMCLib/src/xmc_can.o" -mcpu=cortex-m0 -mthumb -o "Libraries/XMCLib/src/xmc_can.o" "../Libraries/XMCLib/src/xmc_can.c"
'Finished building: ../Libraries/XMCLib/src/xmc_can.c'

'Building file: ../Libraries/XMCLib/src/xmc_ccu8.c'
'Invoking: ARM-GCC C Compiler'
"C:\Programs\Dave4\eclipse\ARM-GCC-49/bin/arm-none-eabi-gcc" -MMD -MT "Libraries/XMCLib/src/xmc_ccu8.o" -DXMC1100_Q024x0064 -I"C:\Users\Bernd\Documents\AD9833DDS\AD9833FreqGen\XMC2AD9833\Libraries\XMCLib\inc" -I"C:\Users\Bernd\Documents\AD9833DDS\AD9833FreqGen\XMC2AD9833/Libraries/CMSIS/Include" -I"C:\Users\Bernd\Documents\AD9833DDS\AD9833FreqGen\XMC2AD9833/Libraries/CMSIS/Infineon/XMC1100_series/Include" -I"C:\Users\Bernd\Documents\AD9833DDS\AD9833FreqGen\XMC2AD9833" -I"C:\Users\Bernd\Documents\AD9833DDS\AD9833FreqGen\XMC2AD9833\Dave\Generated" -I"C:\Users\Bernd\Documents\AD9833DDS\AD9833FreqGen\XMC2AD9833\Libraries" -Os -ffunction-sections -fdata-sections -Wall -std=gnu99 -Wa,-adhlns="Libraries/XMCLib/src/xmc_ccu8.o.lst" -pipe -c -fmessage-length=0 -MMD -MP -MF"Libraries/XMCLib/src/xmc_ccu8.d" -MT"Libraries/XMCLib/src/xmc_ccu8.d Libraries/XMCLib/src/xmc_ccu8.o" -mcpu=cortex-m0 -mthumb -o "Libraries/XMCLib/src/xmc_ccu8.o" "../Libraries/XMCLib/src/xmc_ccu8.c"
'Finished building: ../Libraries/XMCLib/src/xmc_ccu8.c'

'Building file: ../Libraries/XMCLib/src/xmc_ccu4.c'
'Invoking: ARM-GCC C Compiler'
"C:\Programs\Dave4\eclipse\ARM-GCC-49/bin/arm-none-eabi-gcc" -MMD -MT "Libraries/XMCLib/src/xmc_ccu4.o" -DXMC1100_Q024x0064 -I"C:\Users\Bernd\Documents\AD9833DDS\AD9833FreqGen\XMC2AD9833\Libraries\XMCLib\inc" -I"C:\Users\Bernd\Documents\AD9833DDS\AD9833FreqGen\XMC2AD9833/Libraries/CMSIS/Include" -I"C:\Users\Bernd\Documents\AD9833DDS\AD9833FreqGen\XMC2AD9833/Libraries/CMSIS/Infineon/XMC1100_series/Include" -I"C:\Users\Bernd\Documents\AD9833DDS\AD9833FreqGen\XMC2AD9833" -I"C:\Users\Bernd\Documents\AD9833DDS\AD9833FreqGen\XMC2AD9833\Dave\Generated" -I"C:\Users\Bernd\Documents\AD9833DDS\AD9833FreqGen\XMC2AD9833\Libraries" -Os -ffunction-sections -fdata-sections -Wall -std=gnu99 -Wa,-adhlns="Libraries/XMCLib/src/xmc_ccu4.o.lst" -pipe -c -fmessage-length=0 -MMD -MP -MF"Libraries/XMCLib/src/xmc_ccu4.d" -MT"Libraries/XMCLib/src/xmc_ccu4.d Libraries/XMCLib/src/xmc_ccu4.o" -mcpu=cortex-m0 -mthumb -o "Libraries/XMCLib/src/xmc_ccu4.o" "../Libraries/XMCLib/src/xmc_ccu4.c"
'Finished building: ../Libraries/XMCLib/src/xmc_ccu4.c'

'Building file: ../Libraries/XMCLib/src/xmc_common.c'
'Invoking: ARM-GCC C Compiler'
"C:\Programs\Dave4\eclipse\ARM-GCC-49/bin/arm-none-eabi-gcc" -MMD -MT "Libraries/XMCLib/src/xmc_common.o" -DXMC1100_Q024x0064 -I"C:\Users\Bernd\Documents\AD9833DDS\AD9833FreqGen\XMC2AD9833\Libraries\XMCLib\inc" -I"C:\Users\Bernd\Documents\AD9833DDS\AD9833FreqGen\XMC2AD9833/Libraries/CMSIS/Include" -I"C:\Users\Bernd\Documents\AD9833DDS\AD9833FreqGen\XMC2AD9833/Libraries/CMSIS/Infineon/XMC1100_series/Include" -I"C:\Users\Bernd\Documents\AD9833DDS\AD9833FreqGen\XMC2AD9833" -I"C:\Users\Bernd\Documents\AD9833DDS\AD9833FreqGen\XMC2AD9833\Dave\Generated" -I"C:\Users\Bernd\Documents\AD9833DDS\AD9833FreqGen\XMC2AD9833\Libraries" -Os -ffunction-sections -fdata-sections -Wall -std=gnu99 -Wa,-adhlns="Libraries/XMCLib/src/xmc_common.o.lst" -pipe -c -fmessage-length=0 -MMD -MP -MF"Libraries/XMCLib/src/xmc_common.d" -MT"Libraries/XMCLib/src/xmc_common.d Libraries/XMCLib/src/xmc_common.o" -mcpu=cortex-m0 -mthumb -o "Libraries/XMCLib/src/xmc_common.o" "../Libraries/XMCLib/src/xmc_common.c"
'Finished building: ../Libraries/XMCLib/src/xmc_common.c'

'Building file: ../Libraries/XMCLib/src/xmc_eru.c'
'Invoking: ARM-GCC C Compiler'
"C:\Programs\Dave4\eclipse\ARM-GCC-49/bin/arm-none-eabi-gcc" -MMD -MT "Libraries/XMCLib/src/xmc_eru.o" -DXMC1100_Q024x0064 -I"C:\Users\Bernd\Documents\AD9833DDS\AD9833FreqGen\XMC2AD9833\Libraries\XMCLib\inc" -I"C:\Users\Bernd\Documents\AD9833DDS\AD9833FreqGen\XMC2AD9833/Libraries/CMSIS/Include" -I"C:\Users\Bernd\Documents\AD9833DDS\AD9833FreqGen\XMC2AD9833/Libraries/CMSIS/Infineon/XMC1100_series/Include" -I"C:\Users\Bernd\Documents\AD9833DDS\AD9833FreqGen\XMC2AD9833" -I"C:\Users\Bernd\Documents\AD9833DDS\AD9833FreqGen\XMC2AD9833\Dave\Generated" -I"C:\Users\Bernd\Documents\AD9833DDS\AD9833FreqGen\XMC2AD9833\Libraries" -Os -ffunction-sections -fdata-sections -Wall -std=gnu99 -Wa,-adhlns="Libraries/XMCLib/src/xmc_eru.o.lst" -pipe -c -fmessage-length=0 -MMD -MP -MF"Libraries/XMCLib/src/xmc_eru.d" -MT"Libraries/XMCLib/src/xmc_eru.d Libraries/XMCLib/src/xmc_eru.o" -mcpu=cortex-m0 -mthumb -o "Libraries/XMCLib/src/xmc_eru.o" "../Libraries/XMCLib/src/xmc_eru.c"
'Finished building: ../Libraries/XMCLib/src/xmc_eru.c'

'Building file: ../Libraries/XMCLib/src/xmc_gpio.c'
'Invoking: ARM-GCC C Compiler'
"C:\Programs\Dave4\eclipse\ARM-GCC-49/bin/arm-none-eabi-gcc" -MMD -MT "Libraries/XMCLib/src/xmc_gpio.o" -DXMC1100_Q024x0064 -I"C:\Users\Bernd\Documents\AD9833DDS\AD9833FreqGen\XMC2AD9833\Libraries\XMCLib\inc" -I"C:\Users\Bernd\Documents\AD9833DDS\AD9833FreqGen\XMC2AD9833/Libraries/CMSIS/Include" -I"C:\Users\Bernd\Documents\AD9833DDS\AD9833FreqGen\XMC2AD9833/Libraries/CMSIS/Infineon/XMC1100_series/Include" -I"C:\Users\Bernd\Documents\AD9833DDS\AD9833FreqGen\XMC2AD9833" -I"C:\Users\Bernd\Documents\AD9833DDS\AD9833FreqGen\XMC2AD9833\Dave\Generated" -I"C:\Users\Bernd\Documents\AD9833DDS\AD9833FreqGen\XMC2AD9833\Libraries" -Os -ffunction-sections -fdata-sections -Wall -std=gnu99 -Wa,-adhlns="Libraries/XMCLib/src/xmc_gpio.o.lst" -pipe -c -fmessage-length=0 -MMD -MP -MF"Libraries/XMCLib/src/xmc_gpio.d" -MT"Libraries/XMCLib/src/xmc_gpio.d Libraries/XMCLib/src/xmc_gpio.o" -mcpu=cortex-m0 -mthumb -o "Libraries/XMCLib/src/xmc_gpio.o" "../Libraries/XMCLib/src/xmc_gpio.c"
'Finished building: ../Libraries/XMCLib/src/xmc_gpio.c'

'Building file: ../Libraries/XMCLib/src/xmc_ledts.c'
'Invoking: ARM-GCC C Compiler'
"C:\Programs\Dave4\eclipse\ARM-GCC-49/bin/arm-none-eabi-gcc" -MMD -MT "Libraries/XMCLib/src/xmc_ledts.o" -DXMC1100_Q024x0064 -I"C:\Users\Bernd\Documents\AD9833DDS\AD9833FreqGen\XMC2AD9833\Libraries\XMCLib\inc" -I"C:\Users\Bernd\Documents\AD9833DDS\AD9833FreqGen\XMC2AD9833/Libraries/CMSIS/Include" -I"C:\Users\Bernd\Documents\AD9833DDS\AD9833FreqGen\XMC2AD9833/Libraries/CMSIS/Infineon/XMC1100_series/Include" -I"C:\Users\Bernd\Documents\AD9833DDS\AD9833FreqGen\XMC2AD9833" -I"C:\Users\Bernd\Documents\AD9833DDS\AD9833FreqGen\XMC2AD9833\Dave\Generated" -I"C:\Users\Bernd\Documents\AD9833DDS\AD9833FreqGen\XMC2AD9833\Libraries" -Os -ffunction-sections -fdata-sections -Wall -std=gnu99 -Wa,-adhlns="Libraries/XMCLib/src/xmc_ledts.o.lst" -pipe -c -fmessage-length=0 -MMD -MP -MF"Libraries/XMCLib/src/xmc_ledts.d" -MT"Libraries/XMCLib/src/xmc_ledts.d Libraries/XMCLib/src/xmc_ledts.o" -mcpu=cortex-m0 -mthumb -o "Libraries/XMCLib/src/xmc_ledts.o" "../Libraries/XMCLib/src/xmc_ledts.c"
'Finished building: ../Libraries/XMCLib/src/xmc_ledts.c'

'Building file: ../Libraries/XMCLib/src/xmc_i2s.c'
'Invoking: ARM-GCC C Compiler'
"C:\Programs\Dave4\eclipse\ARM-GCC-49/bin/arm-none-eabi-gcc" -MMD -MT "Libraries/XMCLib/src/xmc_i2s.o" -DXMC1100_Q024x0064 -I"C:\Users\Bernd\Documents\AD9833DDS\AD9833FreqGen\XMC2AD9833\Libraries\XMCLib\inc" -I"C:\Users\Bernd\Documents\AD9833DDS\AD9833FreqGen\XMC2AD9833/Libraries/CMSIS/Include" -I"C:\Users\Bernd\Documents\AD9833DDS\AD9833FreqGen\XMC2AD9833/Libraries/CMSIS/Infineon/XMC1100_series/Include" -I"C:\Users\Bernd\Documents\AD9833DDS\AD9833FreqGen\XMC2AD9833" -I"C:\Users\Bernd\Documents\AD9833DDS\AD9833FreqGen\XMC2AD9833\Dave\Generated" -I"C:\Users\Bernd\Documents\AD9833DDS\AD9833FreqGen\XMC2AD9833\Libraries" -Os -ffunction-sections -fdata-sections -Wall -std=gnu99 -Wa,-adhlns="Libraries/XMCLib/src/xmc_i2s.o.lst" -pipe -c -fmessage-length=0 -MMD -MP -MF"Libraries/XMCLib/src/xmc_i2s.d" -MT"Libraries/XMCLib/src/xmc_i2s.d Libraries/XMCLib/src/xmc_i2s.o" -mcpu=cortex-m0 -mthumb -o "Libraries/XMCLib/src/xmc_i2s.o" "../Libraries/XMCLib/src/xmc_i2s.c"
'Finished building: ../Libraries/XMCLib/src/xmc_i2s.c'

'Building file: ../Libraries/XMCLib/src/xmc_i2c.c'
'Invoking: ARM-GCC C Compiler'
"C:\Programs\Dave4\eclipse\ARM-GCC-49/bin/arm-none-eabi-gcc" -MMD -MT "Libraries/XMCLib/src/xmc_i2c.o" -DXMC1100_Q024x0064 -I"C:\Users\Bernd\Documents\AD9833DDS\AD9833FreqGen\XMC2AD9833\Libraries\XMCLib\inc" -I"C:\Users\Bernd\Documents\AD9833DDS\AD9833FreqGen\XMC2AD9833/Libraries/CMSIS/Include" -I"C:\Users\Bernd\Documents\AD9833DDS\AD9833FreqGen\XMC2AD9833/Libraries/CMSIS/Infineon/XMC1100_series/Include" -I"C:\Users\Bernd\Documents\AD9833DDS\AD9833FreqGen\XMC2AD9833" -I"C:\Users\Bernd\Documents\AD9833DDS\AD9833FreqGen\XMC2AD9833\Dave\Generated" -I"C:\Users\Bernd\Documents\AD9833DDS\AD9833FreqGen\XMC2AD9833\Libraries" -Os -ffunction-sections -fdata-sections -Wall -std=gnu99 -Wa,-adhlns="Libraries/XMCLib/src/xmc_i2c.o.lst" -pipe -c -fmessage-length=0 -MMD -MP -MF"Libraries/XMCLib/src/xmc_i2c.d" -MT"Libraries/XMCLib/src/xmc_i2c.d Libraries/XMCLib/src/xmc_i2c.o" -mcpu=cortex-m0 -mthumb -o "Libraries/XMCLib/src/xmc_i2c.o" "../Libraries/XMCLib/src/xmc_i2c.c"
'Finished building: ../Libraries/XMCLib/src/xmc_i2c.c'

'Building file: ../Libraries/XMCLib/src/xmc_math.c'
'Invoking: ARM-GCC C Compiler'
"C:\Programs\Dave4\eclipse\ARM-GCC-49/bin/arm-none-eabi-gcc" -MMD -MT "Libraries/XMCLib/src/xmc_math.o" -DXMC1100_Q024x0064 -I"C:\Users\Bernd\Documents\AD9833DDS\AD9833FreqGen\XMC2AD9833\Libraries\XMCLib\inc" -I"C:\Users\Bernd\Documents\AD9833DDS\AD9833FreqGen\XMC2AD9833/Libraries/CMSIS/Include" -I"C:\Users\Bernd\Documents\AD9833DDS\AD9833FreqGen\XMC2AD9833/Libraries/CMSIS/Infineon/XMC1100_series/Include" -I"C:\Users\Bernd\Documents\AD9833DDS\AD9833FreqGen\XMC2AD9833" -I"C:\Users\Bernd\Documents\AD9833DDS\AD9833FreqGen\XMC2AD9833\Dave\Generated" -I"C:\Users\Bernd\Documents\AD9833DDS\AD9833FreqGen\XMC2AD9833\Libraries" -Os -ffunction-sections -fdata-sections -Wall -std=gnu99 -Wa,-adhlns="Libraries/XMCLib/src/xmc_math.o.lst" -pipe -c -fmessage-length=0 -MMD -MP -MF"Libraries/XMCLib/src/xmc_math.d" -MT"Libraries/XMCLib/src/xmc_math.d Libraries/XMCLib/src/xmc_math.o" -mcpu=cortex-m0 -mthumb -o "Libraries/XMCLib/src/xmc_math.o" "../Libraries/XMCLib/src/xmc_math.c"
'Finished building: ../Libraries/XMCLib/src/xmc_math.c'

'Building file: ../Libraries/XMCLib/src/xmc_posif.c'
'Invoking: ARM-GCC C Compiler'
"C:\Programs\Dave4\eclipse\ARM-GCC-49/bin/arm-none-eabi-gcc" -MMD -MT "Libraries/XMCLib/src/xmc_posif.o" -DXMC1100_Q024x0064 -I"C:\Users\Bernd\Documents\AD9833DDS\AD9833FreqGen\XMC2AD9833\Libraries\XMCLib\inc" -I"C:\Users\Bernd\Documents\AD9833DDS\AD9833FreqGen\XMC2AD9833/Libraries/CMSIS/Include" -I"C:\Users\Bernd\Documents\AD9833DDS\AD9833FreqGen\XMC2AD9833/Libraries/CMSIS/Infineon/XMC1100_series/Include" -I"C:\Users\Bernd\Documents\AD9833DDS\AD9833FreqGen\XMC2AD9833" -I"C:\Users\Bernd\Documents\AD9833DDS\AD9833FreqGen\XMC2AD9833\Dave\Generated" -I"C:\Users\Bernd\Documents\AD9833DDS\AD9833FreqGen\XMC2AD9833\Libraries" -Os -ffunction-sections -fdata-sections -Wall -std=gnu99 -Wa,-adhlns="Libraries/XMCLib/src/xmc_posif.o.lst" -pipe -c -fmessage-length=0 -MMD -MP -MF"Libraries/XMCLib/src/xmc_posif.d" -MT"Libraries/XMCLib/src/xmc_posif.d Libraries/XMCLib/src/xmc_posif.o" -mcpu=cortex-m0 -mthumb -o "Libraries/XMCLib/src/xmc_posif.o" "../Libraries/XMCLib/src/xmc_posif.c"
'Finished building: ../Libraries/XMCLib/src/xmc_posif.c'

'Building file: ../Libraries/XMCLib/src/xmc_pau.c'
'Invoking: ARM-GCC C Compiler'
"C:\Programs\Dave4\eclipse\ARM-GCC-49/bin/arm-none-eabi-gcc" -MMD -MT "Libraries/XMCLib/src/xmc_pau.o" -DXMC1100_Q024x0064 -I"C:\Users\Bernd\Documents\AD9833DDS\AD9833FreqGen\XMC2AD9833\Libraries\XMCLib\inc" -I"C:\Users\Bernd\Documents\AD9833DDS\AD9833FreqGen\XMC2AD9833/Libraries/CMSIS/Include" -I"C:\Users\Bernd\Documents\AD9833DDS\AD9833FreqGen\XMC2AD9833/Libraries/CMSIS/Infineon/XMC1100_series/Include" -I"C:\Users\Bernd\Documents\AD9833DDS\AD9833FreqGen\XMC2AD9833" -I"C:\Users\Bernd\Documents\AD9833DDS\AD9833FreqGen\XMC2AD9833\Dave\Generated" -I"C:\Users\Bernd\Documents\AD9833DDS\AD9833FreqGen\XMC2AD9833\Libraries" -Os -ffunction-sections -fdata-sections -Wall -std=gnu99 -Wa,-adhlns="Libraries/XMCLib/src/xmc_pau.o.lst" -pipe -c -fmessage-length=0 -MMD -MP -MF"Libraries/XMCLib/src/xmc_pau.d" -MT"Libraries/XMCLib/src/xmc_pau.d Libraries/XMCLib/src/xmc_pau.o" -mcpu=cortex-m0 -mthumb -o "Libraries/XMCLib/src/xmc_pau.o" "../Libraries/XMCLib/src/xmc_pau.c"
'Finished building: ../Libraries/XMCLib/src/xmc_pau.c'

'Building file: ../Libraries/XMCLib/src/xmc_prng.c'
'Invoking: ARM-GCC C Compiler'
"C:\Programs\Dave4\eclipse\ARM-GCC-49/bin/arm-none-eabi-gcc" -MMD -MT "Libraries/XMCLib/src/xmc_prng.o" -DXMC1100_Q024x0064 -I"C:\Users\Bernd\Documents\AD9833DDS\AD9833FreqGen\XMC2AD9833\Libraries\XMCLib\inc" -I"C:\Users\Bernd\Documents\AD9833DDS\AD9833FreqGen\XMC2AD9833/Libraries/CMSIS/Include" -I"C:\Users\Bernd\Documents\AD9833DDS\AD9833FreqGen\XMC2AD9833/Libraries/CMSIS/Infineon/XMC1100_series/Include" -I"C:\Users\Bernd\Documents\AD9833DDS\AD9833FreqGen\XMC2AD9833" -I"C:\Users\Bernd\Documents\AD9833DDS\AD9833FreqGen\XMC2AD9833\Dave\Generated" -I"C:\Users\Bernd\Documents\AD9833DDS\AD9833FreqGen\XMC2AD9833\Libraries" -Os -ffunction-sections -fdata-sections -Wall -std=gnu99 -Wa,-adhlns="Libraries/XMCLib/src/xmc_prng.o.lst" -pipe -c -fmessage-length=0 -MMD -MP -MF"Libraries/XMCLib/src/xmc_prng.d" -MT"Libraries/XMCLib/src/xmc_prng.d Libraries/XMCLib/src/xmc_prng.o" -mcpu=cortex-m0 -mthumb -o "Libraries/XMCLib/src/xmc_prng.o" "../Libraries/XMCLib/src/xmc_prng.c"
'Finished building: ../Libraries/XMCLib/src/xmc_prng.c'

'Building file: ../Libraries/XMCLib/src/xmc_rtc.c'
'Invoking: ARM-GCC C Compiler'
[...]
'Invoking: ARM-GCC C Linker'
"C:\Programs\Dave4\eclipse\ARM-GCC-49/bin/arm-none-eabi-gcc" -T"../linker_script.ld" -nostartfiles -Xlinker --gc-sections -specs=nano.specs -specs=nosys.specs -Wl,-Map,XMC2AD9833.map -mcpu=cortex-m0 -mthumb -g -gdwarf-2 -o "XMC2AD9833.elf" "@objects.rsp"  -lm
'Finished building target: XMC2AD9833.elf'

'Invoking: ARM-GCC Print Size'
"C:\Programs\Dave4\eclipse\ARM-GCC-49/bin/arm-none-eabi-size"  --format=berkeley "XMC2AD9833.elf"
   text	   data	    bss	    dec	    hex	filename
  11727	    188	   1124	  13039	   32ef	XMC2AD9833.elf
'Finished building: XMC2AD9833.siz'

'Invoking: ARM-GCC Create Flash Image'
"C:\Programs\Dave4\eclipse\ARM-GCC-49/bin/arm-none-eabi-objcopy" -O ihex "XMC2AD9833.elf"  "XMC2AD9833.hex"
'Finished building: XMC2AD9833.hex'

'Invoking: ARM-GCC Create Listing'
"C:\Programs\Dave4\eclipse\ARM-GCC-49/bin/arm-none-eabi-objdump" -h -S "XMC2AD9833.elf" > "XMC2AD9833.lst"
'Finished building: XMC2AD9833.lst'

13:20:32 **** Incremental Build of configuration Debug for project XMC2AD9833 ****
"\"C:\\Programs\\Dave4\\eclipse\\ARM-GCC-49\\bin\\make\"" --output-sync -j4 all 
'Building file: ../main.c'
'Invoking: ARM-GCC C Compiler'
"C:\Programs\Dave4\eclipse\ARM-GCC-49/bin/arm-none-eabi-gcc" -MMD -MT "main.o" -DXMC1100_Q024x0064 -I"C:\Users\Bernd\Documents\AD9833DDS\AD9833FreqGen\XMC2AD9833\Libraries\XMCLib\inc" -I"C:\Users\Bernd\Documents\AD9833DDS\AD9833FreqGen\XMC2AD9833/Libraries/CMSIS/Include" -I"C:\Users\Bernd\Documents\AD9833DDS\AD9833FreqGen\XMC2AD9833/Libraries/CMSIS/Infineon/XMC1100_series/Include" -I"C:\Users\Bernd\Documents\AD9833DDS\AD9833FreqGen\XMC2AD9833" -I"C:\Users\Bernd\Documents\AD9833DDS\AD9833FreqGen\XMC2AD9833\Dave\Generated" -I"C:\Users\Bernd\Documents\AD9833DDS\AD9833FreqGen\XMC2AD9833\Libraries" -O0 -ffunction-sections -fdata-sections -Wall -std=gnu99 -Wa,-adhlns="main.o.lst" -pipe -c -fmessage-length=0 -MMD -MP -MF"main.d" -MT"main.d main.o" -mcpu=cortex-m0 -mthumb -g -gdwarf-2 -o "main.o" "../main.c"
'Finished building: ../main.c'

'Building target: XMC2AD9833.elf'
'Invoking: ARM-GCC C Linker'
"C:\Programs\Dave4\eclipse\ARM-GCC-49/bin/arm-none-eabi-gcc" -T"../linker_script.ld" -nostartfiles -Xlinker --gc-sections -specs=nano.specs -specs=nosys.specs -Wl,-Map,XMC2AD9833.map -mcpu=cortex-m0 -mthumb -g -gdwarf-2 -o "XMC2AD9833.elf" "@objects.rsp"  -lm
'Finished building target: XMC2AD9833.elf'

'Invoking: ARM-GCC Print Size'
"C:\Programs\Dave4\eclipse\ARM-GCC-49/bin/arm-none-eabi-size"  --format=berkeley "XMC2AD9833.elf"
   text	   data	    bss	    dec	    hex	filename
  11751	    188	   1124	  13063	   3307	XMC2AD9833.elf
'Finished building: XMC2AD9833.siz'

'Invoking: ARM-GCC Create Flash Image'
"C:\Programs\Dave4\eclipse\ARM-GCC-49/bin/arm-none-eabi-objcopy" -O ihex "XMC2AD9833.elf"  "XMC2AD9833.hex"
'Finished building: XMC2AD9833.hex'

'Invoking: ARM-GCC Create Listing'
"C:\Programs\Dave4\eclipse\ARM-GCC-49/bin/arm-none-eabi-objdump" -h -S "XMC2AD9833.elf" > "XMC2AD9833.lst"
'Finished building: XMC2AD9833.lst'

13:23:32 **** Incremental Build of configuration Debug for project XMC2AD9833 ****
"\"C:\\Programs\\Dave4\\eclipse\\ARM-GCC-49\\bin\\make\"" --output-sync -j4 all 
'Building file: ../main.c'
'Invoking: ARM-GCC C Compiler'
"C:\Programs\Dave4\eclipse\ARM-GCC-49/bin/arm-none-eabi-gcc" -MMD -MT "main.o" -DXMC1100_Q024x0064 -I"C:\Users\Bernd\Documents\AD9833DDS\AD9833FreqGen\XMC2AD9833\Libraries\XMCLib\inc" -I"C:\Users\Bernd\Documents\AD9833DDS\AD9833FreqGen\XMC2AD9833/Libraries/CMSIS/Include" -I"C:\Users\Bernd\Documents\AD9833DDS\AD9833FreqGen\XMC2AD9833/Libraries/CMSIS/Infineon/XMC1100_series/Include" -I"C:\Users\Bernd\Documents\AD9833DDS\AD9833FreqGen\XMC2AD9833" -I"C:\Users\Bernd\Documents\AD9833DDS\AD9833FreqGen\XMC2AD9833\Dave\Generated" -I"C:\Users\Bernd\Documents\AD9833DDS\AD9833FreqGen\XMC2AD9833\Libraries" -O0 -ffunction-sections -fdata-sections -Wall -std=gnu99 -Wa,-adhlns="main.o.lst" -pipe -c -fmessage-length=0 -MMD -MP -MF"main.d" -MT"main.d main.o" -mcpu=cortex-m0 -mthumb -g -gdwarf-2 -o "main.o" "../main.c"
'Finished building: ../main.c'

'Building target: XMC2AD9833.elf'
'Invoking: ARM-GCC C Linker'
"C:\Programs\Dave4\eclipse\ARM-GCC-49/bin/arm-none-eabi-gcc" -T"../linker_script.ld" -nostartfiles -Xlinker --gc-sections -specs=nano.specs -specs=nosys.specs -Wl,-Map,XMC2AD9833.map -mcpu=cortex-m0 -mthumb -g -gdwarf-2 -o "XMC2AD9833.elf" "@objects.rsp"  -lm
'Finished building target: XMC2AD9833.elf'

'Invoking: ARM-GCC Create Flash Image'
"C:\Programs\Dave4\eclipse\ARM-GCC-49/bin/arm-none-eabi-objcopy" -O ihex "XMC2AD9833.elf"  "XMC2AD9833.hex"
'Finished building: XMC2AD9833.hex'

'Invoking: ARM-GCC Print Size'
"C:\Programs\Dave4\eclipse\ARM-GCC-49/bin/arm-none-eabi-size"  --format=berkeley "XMC2AD9833.elf"
   text	   data	    bss	    dec	    hex	filename
  11679	    188	   1124	  12991	   32bf	XMC2AD9833.elf
'Finished building: XMC2AD9833.siz'

'Invoking: ARM-GCC Create Listing'
"C:\Programs\Dave4\eclipse\ARM-GCC-49/bin/arm-none-eabi-objdump" -h -S "XMC2AD9833.elf" > "XMC2AD9833.lst"
'Finished building: XMC2AD9833.lst'

13:35:01 **** Incremental Build of configuration Debug for project XMC2AD9833 ****
"\"C:\\Programs\\Dave4\\eclipse\\ARM-GCC-49\\bin\\make\"" --output-sync -j4 all 
'Building file: ../main.c'
'Invoking: ARM-GCC C Compiler'
"C:\Programs\Dave4\eclipse\ARM-GCC-49/bin/arm-none-eabi-gcc" -MMD -MT "main.o" -DXMC1100_Q024x0064 -I"C:\Users\Bernd\Documents\AD9833DDS\AD9833FreqGen\XMC2AD9833\Libraries\XMCLib\inc" -I"C:\Users\Bernd\Documents\AD9833DDS\AD9833FreqGen\XMC2AD9833/Libraries/CMSIS/Include" -I"C:\Users\Bernd\Documents\AD9833DDS\AD9833FreqGen\XMC2AD9833/Libraries/CMSIS/Infineon/XMC1100_series/Include" -I"C:\Users\Bernd\Documents\AD9833DDS\AD9833FreqGen\XMC2AD9833" -I"C:\Users\Bernd\Documents\AD9833DDS\AD9833FreqGen\XMC2AD9833\Dave\Generated" -I"C:\Users\Bernd\Documents\AD9833DDS\AD9833FreqGen\XMC2AD9833\Libraries" -O0 -ffunction-sections -fdata-sections -Wall -std=gnu99 -Wa,-adhlns="main.o.lst" -pipe -c -fmessage-length=0 -MMD -MP -MF"main.d" -MT"main.d main.o" -mcpu=cortex-m0 -mthumb -g -gdwarf-2 -o "main.o" "../main.c"
'Finished building: ../main.c'

'Building target: XMC2AD9833.elf'
'Invoking: ARM-GCC C Linker'
"C:\Programs\Dave4\eclipse\ARM-GCC-49/bin/arm-none-eabi-gcc" -T"../linker_script.ld" -nostartfiles -Xlinker --gc-sections -specs=nano.specs -specs=nosys.specs -Wl,-Map,XMC2AD9833.map -mcpu=cortex-m0 -mthumb -g -gdwarf-2 -o "XMC2AD9833.elf" "@objects.rsp"  -lm
'Finished building target: XMC2AD9833.elf'

'Invoking: ARM-GCC Print Size'
"C:\Programs\Dave4\eclipse\ARM-GCC-49/bin/arm-none-eabi-size"  --format=berkeley "XMC2AD9833.elf"
   text	   data	    bss	    dec	    hex	filename
  11539	    188	   1124	  12851	   3233	XMC2AD9833.elf
'Finished building: XMC2AD9833.siz'

'Invoking: ARM-GCC Create Flash Image'
"C:\Programs\Dave4\eclipse\ARM-GCC-49/bin/arm-none-eabi-objcopy" -O ihex "XMC2AD9833.elf"  "XMC2AD9833.hex"
'Finished building: XMC2AD9833.hex'

'Invoking: ARM-GCC Create Listing'
"C:\Programs\Dave4\eclipse\ARM-GCC-49/bin/arm-none-eabi-objdump" -h -S "XMC2AD9833.elf" > "XMC2AD9833.lst"
'Finished building: XMC2AD9833.lst'

13:37:38 **** Incremental Build of configuration Debug for project XMC2AD9833 ****
"\"C:\\Programs\\Dave4\\eclipse\\ARM-GCC-49\\bin\\make\"" --output-sync -j4 all 
'Building file: ../main.c'
'Invoking: ARM-GCC C Compiler'
"C:\Programs\Dave4\eclipse\ARM-GCC-49/bin/arm-none-eabi-gcc" -MMD -MT "main.o" -DXMC1100_Q024x0064 -I"C:\Users\Bernd\Documents\AD9833DDS\AD9833FreqGen\XMC2AD9833\Libraries\XMCLib\inc" -I"C:\Users\Bernd\Documents\AD9833DDS\AD9833FreqGen\XMC2AD9833/Libraries/CMSIS/Include" -I"C:\Users\Bernd\Documents\AD9833DDS\AD9833FreqGen\XMC2AD9833/Libraries/CMSIS/Infineon/XMC1100_series/Include" -I"C:\Users\Bernd\Documents\AD9833DDS\AD9833FreqGen\XMC2AD9833" -I"C:\Users\Bernd\Documents\AD9833DDS\AD9833FreqGen\XMC2AD9833\Dave\Generated" -I"C:\Users\Bernd\Documents\AD9833DDS\AD9833FreqGen\XMC2AD9833\Libraries" -O0 -ffunction-sections -fdata-sections -Wall -std=gnu99 -Wa,-adhlns="main.o.lst" -pipe -c -fmessage-length=0 -MMD -MP -MF"main.d" -MT"main.d main.o" -mcpu=cortex-m0 -mthumb -g -gdwarf-2 -o "main.o" "../main.c"
'Finished building: ../main.c'

'Building target: XMC2AD9833.elf'
'Invoking: ARM-GCC C Linker'
"C:\Programs\Dave4\eclipse\ARM-GCC-49/bin/arm-none-eabi-gcc" -T"../linker_script.ld" -nostartfiles -Xlinker --gc-sections -specs=nano.specs -specs=nosys.specs -Wl,-Map,XMC2AD9833.map -mcpu=cortex-m0 -mthumb -g -gdwarf-2 -o "XMC2AD9833.elf" "@objects.rsp"  -lm
'Finished building target: XMC2AD9833.elf'

'Invoking: ARM-GCC Print Size'
"C:\Programs\Dave4\eclipse\ARM-GCC-49/bin/arm-none-eabi-size"  --format=berkeley "XMC2AD9833.elf"
   text	   data	    bss	    dec	    hex	filename
  11539	    188	   1124	  12851	   3233	XMC2AD9833.elf
'Finished building: XMC2AD9833.siz'

'Invoking: ARM-GCC Create Flash Image'
"C:\Programs\Dave4\eclipse\ARM-GCC-49/bin/arm-none-eabi-objcopy" -O ihex "XMC2AD9833.elf"  "XMC2AD9833.hex"
'Finished building: XMC2AD9833.hex'

'Invoking: ARM-GCC Create Listing'
"C:\Programs\Dave4\eclipse\ARM-GCC-49/bin/arm-none-eabi-objdump" -h -S "XMC2AD9833.elf" > "XMC2AD9833.lst"
'Finished building: XMC2AD9833.lst'

13:39:27 **** Incremental Build of configuration Debug for project XMC2AD9833 ****
"\"C:\\Programs\\Dave4\\eclipse\\ARM-GCC-49\\bin\\make\"" --output-sync -j4 all 
'Building file: ../main.c'
'Invoking: ARM-GCC C Compiler'
"C:\Programs\Dave4\eclipse\ARM-GCC-49/bin/arm-none-eabi-gcc" -MMD -MT "main.o" -DXMC1100_Q024x0064 -I"C:\Users\Bernd\Documents\AD9833DDS\AD9833FreqGen\XMC2AD9833\Libraries\XMCLib\inc" -I"C:\Users\Bernd\Documents\AD9833DDS\AD9833FreqGen\XMC2AD9833/Libraries/CMSIS/Include" -I"C:\Users\Bernd\Documents\AD9833DDS\AD9833FreqGen\XMC2AD9833/Libraries/CMSIS/Infineon/XMC1100_series/Include" -I"C:\Users\Bernd\Documents\AD9833DDS\AD9833FreqGen\XMC2AD9833" -I"C:\Users\Bernd\Documents\AD9833DDS\AD9833FreqGen\XMC2AD9833\Dave\Generated" -I"C:\Users\Bernd\Documents\AD9833DDS\AD9833FreqGen\XMC2AD9833\Libraries" -O0 -ffunction-sections -fdata-sections -Wall -std=gnu99 -Wa,-adhlns="main.o.lst" -pipe -c -fmessage-length=0 -MMD -MP -MF"main.d" -MT"main.d main.o" -mcpu=cortex-m0 -mthumb -g -gdwarf-2 -o "main.o" "../main.c"
'Finished building: ../main.c'

'Building target: XMC2AD9833.elf'
'Invoking: ARM-GCC C Linker'
"C:\Programs\Dave4\eclipse\ARM-GCC-49/bin/arm-none-eabi-gcc" -T"../linker_script.ld" -nostartfiles -Xlinker --gc-sections -specs=nano.specs -specs=nosys.specs -Wl,-Map,XMC2AD9833.map -mcpu=cortex-m0 -mthumb -g -gdwarf-2 -o "XMC2AD9833.elf" "@objects.rsp"  -lm
'Finished building target: XMC2AD9833.elf'

'Invoking: ARM-GCC Create Flash Image'
"C:\Programs\Dave4\eclipse\ARM-GCC-49/bin/arm-none-eabi-objcopy" -O ihex "XMC2AD9833.elf"  "XMC2AD9833.hex"
'Finished building: XMC2AD9833.hex'

'Invoking: ARM-GCC Print Size'
"C:\Programs\Dave4\eclipse\ARM-GCC-49/bin/arm-none-eabi-size"  --format=berkeley "XMC2AD9833.elf"
   text	   data	    bss	    dec	    hex	filename
  11551	    188	   1124	  12863	   323f	XMC2AD9833.elf
'Finished building: XMC2AD9833.siz'

'Invoking: ARM-GCC Create Listing'
"C:\Programs\Dave4\eclipse\ARM-GCC-49/bin/arm-none-eabi-objdump" -h -S "XMC2AD9833.elf" > "XMC2AD9833.lst"
'Finished building: XMC2AD9833.lst'

13:43:51 **** Incremental Build of configuration Debug for project XMC2AD9833 ****
"\"C:\\Programs\\Dave4\\eclipse\\ARM-GCC-49\\bin\\make\"" --output-sync -j4 all 
'Building file: ../main.c'
'Invoking: ARM-GCC C Compiler'
"C:\Programs\Dave4\eclipse\ARM-GCC-49/bin/arm-none-eabi-gcc" -MMD -MT "main.o" -DXMC1100_Q024x0064 -I"C:\Users\Bernd\Documents\AD9833DDS\AD9833FreqGen\XMC2AD9833\Libraries\XMCLib\inc" -I"C:\Users\Bernd\Documents\AD9833DDS\AD9833FreqGen\XMC2AD9833/Libraries/CMSIS/Include" -I"C:\Users\Bernd\Documents\AD9833DDS\AD9833FreqGen\XMC2AD9833/Libraries/CMSIS/Infineon/XMC1100_series/Include" -I"C:\Users\Bernd\Documents\AD9833DDS\AD9833FreqGen\XMC2AD9833" -I"C:\Users\Bernd\Documents\AD9833DDS\AD9833FreqGen\XMC2AD9833\Dave\Generated" -I"C:\Users\Bernd\Documents\AD9833DDS\AD9833FreqGen\XMC2AD9833\Libraries" -O0 -ffunction-sections -fdata-sections -Wall -std=gnu99 -Wa,-adhlns="main.o.lst" -pipe -c -fmessage-length=0 -MMD -MP -MF"main.d" -MT"main.d main.o" -mcpu=cortex-m0 -mthumb -g -gdwarf-2 -o "main.o" "../main.c"
'Finished building: ../main.c'

'Building target: XMC2AD9833.elf'
'Invoking: ARM-GCC C Linker'
"C:\Programs\Dave4\eclipse\ARM-GCC-49/bin/arm-none-eabi-gcc" -T"../linker_script.ld" -nostartfiles -Xlinker --gc-sections -specs=nano.specs -specs=nosys.specs -Wl,-Map,XMC2AD9833.map -mcpu=cortex-m0 -mthumb -g -gdwarf-2 -o "XMC2AD9833.elf" "@objects.rsp"  -lm
'Finished building target: XMC2AD9833.elf'

'Invoking: ARM-GCC Print Size'
"C:\Programs\Dave4\eclipse\ARM-GCC-49/bin/arm-none-eabi-size"  --format=berkeley "XMC2AD9833.elf"
   text	   data	    bss	    dec	    hex	filename
  11559	    188	   1124	  12871	   3247	XMC2AD9833.elf
'Finished building: XMC2AD9833.siz'

'Invoking: ARM-GCC Create Flash Image'
"C:\Programs\Dave4\eclipse\ARM-GCC-49/bin/arm-none-eabi-objcopy" -O ihex "XMC2AD9833.elf"  "XMC2AD9833.hex"
'Finished building: XMC2AD9833.hex'

'Invoking: ARM-GCC Create Listing'
"C:\Programs\Dave4\eclipse\ARM-GCC-49/bin/arm-none-eabi-objdump" -h -S "XMC2AD9833.elf" > "XMC2AD9833.lst"
'Finished building: XMC2AD9833.lst'

13:46:57 **** Incremental Build of configuration Debug for project XMC2AD9833 ****
"\"C:\\Programs\\Dave4\\eclipse\\ARM-GCC-49\\bin\\make\"" --output-sync -j4 all 
'Building file: ../main.c'
'Invoking: ARM-GCC C Compiler'
"C:\Programs\Dave4\eclipse\ARM-GCC-49/bin/arm-none-eabi-gcc" -MMD -MT "main.o" -DXMC1100_Q024x0064 -I"C:\Users\Bernd\Documents\AD9833DDS\AD9833FreqGen\XMC2AD9833\Libraries\XMCLib\inc" -I"C:\Users\Bernd\Documents\AD9833DDS\AD9833FreqGen\XMC2AD9833/Libraries/CMSIS/Include" -I"C:\Users\Bernd\Documents\AD9833DDS\AD9833FreqGen\XMC2AD9833/Libraries/CMSIS/Infineon/XMC1100_series/Include" -I"C:\Users\Bernd\Documents\AD9833DDS\AD9833FreqGen\XMC2AD9833" -I"C:\Users\Bernd\Documents\AD9833DDS\AD9833FreqGen\XMC2AD9833\Dave\Generated" -I"C:\Users\Bernd\Documents\AD9833DDS\AD9833FreqGen\XMC2AD9833\Libraries" -O0 -ffunction-sections -fdata-sections -Wall -std=gnu99 -Wa,-adhlns="main.o.lst" -pipe -c -fmessage-length=0 -MMD -MP -MF"main.d" -MT"main.d main.o" -mcpu=cortex-m0 -mthumb -g -gdwarf-2 -o "main.o" "../main.c"
'Finished building: ../main.c'

'Building target: XMC2AD9833.elf'
'Invoking: ARM-GCC C Linker'
"C:\Programs\Dave4\eclipse\ARM-GCC-49/bin/arm-none-eabi-gcc" -T"../linker_script.ld" -nostartfiles -Xlinker --gc-sections -specs=nano.specs -specs=nosys.specs -Wl,-Map,XMC2AD9833.map -mcpu=cortex-m0 -mthumb -g -gdwarf-2 -o "XMC2AD9833.elf" "@objects.rsp"  -lm
'Finished building target: XMC2AD9833.elf'

'Invoking: ARM-GCC Print Size'
"C:\Programs\Dave4\eclipse\ARM-GCC-49/bin/arm-none-eabi-size"  --format=berkeley "XMC2AD9833.elf"
   text	   data	    bss	    dec	    hex	filename
  11567	    188	   1124	  12879	   324f	XMC2AD9833.elf
'Finished building: XMC2AD9833.siz'

'Invoking: ARM-GCC Create Flash Image'
"C:\Programs\Dave4\eclipse\ARM-GCC-49/bin/arm-none-eabi-objcopy" -O ihex "XMC2AD9833.elf"  "XMC2AD9833.hex"
'Finished building: XMC2AD9833.hex'

'Invoking: ARM-GCC Create Listing'
"C:\Programs\Dave4\eclipse\ARM-GCC-49/bin/arm-none-eabi-objdump" -h -S "XMC2AD9833.elf" > "XMC2AD9833.lst"
'Finished building: XMC2AD9833.lst'

13:48:30 **** Incremental Build of configuration Debug for project XMC2AD9833 ****
"\"C:\\Programs\\Dave4\\eclipse\\ARM-GCC-49\\bin\\make\"" --output-sync -j4 all 
'Building file: ../main.c'
'Invoking: ARM-GCC C Compiler'
"C:\Programs\Dave4\eclipse\ARM-GCC-49/bin/arm-none-eabi-gcc" -MMD -MT "main.o" -DXMC1100_Q024x0064 -I"C:\Users\Bernd\Documents\AD9833DDS\AD9833FreqGen\XMC2AD9833\Libraries\XMCLib\inc" -I"C:\Users\Bernd\Documents\AD9833DDS\AD9833FreqGen\XMC2AD9833/Libraries/CMSIS/Include" -I"C:\Users\Bernd\Documents\AD9833DDS\AD9833FreqGen\XMC2AD9833/Libraries/CMSIS/Infineon/XMC1100_series/Include" -I"C:\Users\Bernd\Documents\AD9833DDS\AD9833FreqGen\XMC2AD9833" -I"C:\Users\Bernd\Documents\AD9833DDS\AD9833FreqGen\XMC2AD9833\Dave\Generated" -I"C:\Users\Bernd\Documents\AD9833DDS\AD9833FreqGen\XMC2AD9833\Libraries" -O0 -ffunction-sections -fdata-sections -Wall -std=gnu99 -Wa,-adhlns="main.o.lst" -pipe -c -fmessage-length=0 -MMD -MP -MF"main.d" -MT"main.d main.o" -mcpu=cortex-m0 -mthumb -g -gdwarf-2 -o "main.o" "../main.c"
'Finished building: ../main.c'

'Building target: XMC2AD9833.elf'
'Invoking: ARM-GCC C Linker'
"C:\Programs\Dave4\eclipse\ARM-GCC-49/bin/arm-none-eabi-gcc" -T"../linker_script.ld" -nostartfiles -Xlinker --gc-sections -specs=nano.specs -specs=nosys.specs -Wl,-Map,XMC2AD9833.map -mcpu=cortex-m0 -mthumb -g -gdwarf-2 -o "XMC2AD9833.elf" "@objects.rsp"  -lm
'Finished building target: XMC2AD9833.elf'

'Invoking: ARM-GCC Print Size'
"C:\Programs\Dave4\eclipse\ARM-GCC-49/bin/arm-none-eabi-size"  --format=berkeley "XMC2AD9833.elf"
   text	   data	    bss	    dec	    hex	filename
  11579	    188	   1124	  12891	   325b	XMC2AD9833.elf
'Finished building: XMC2AD9833.siz'

'Invoking: ARM-GCC Create Flash Image'
"C:\Programs\Dave4\eclipse\ARM-GCC-49/bin/arm-none-eabi-objcopy" -O ihex "XMC2AD9833.elf"  "XMC2AD9833.hex"
'Finished building: XMC2AD9833.hex'

'Invoking: ARM-GCC Create Listing'
"C:\Programs\Dave4\eclipse\ARM-GCC-49/bin/arm-none-eabi-objdump" -h -S "XMC2AD9833.elf" > "XMC2AD9833.lst"
'Finished building: XMC2AD9833.lst'

13:54:41 **** Incremental Build of configuration Debug for project XMC2AD9833 ****
"\"C:\\Programs\\Dave4\\eclipse\\ARM-GCC-49\\bin\\make\"" --output-sync -j4 all 
'Invoking: ARM-GCC Print Size'
"C:\Programs\Dave4\eclipse\ARM-GCC-49/bin/arm-none-eabi-size"  --format=berkeley "XMC2AD9833.elf"
   text	   data	    bss	    dec	    hex	filename
  11579	    188	   1124	  12891	   325b	XMC2AD9833.elf
'Finished building: XMC2AD9833.siz'

14:02:27 **** Incremental Build of configuration Debug for project XMC2AD9833 ****
"\"C:\\Programs\\Dave4\\eclipse\\ARM-GCC-49\\bin\\make\"" --output-sync -j4 all 
'Building file: ../main.c'
'Invoking: ARM-GCC C Compiler'
"C:\Programs\Dave4\eclipse\ARM-GCC-49/bin/arm-none-eabi-gcc" -MMD -MT "main.o" -DXMC1100_Q024x0064 -I"C:\Users\Bernd\Documents\AD9833DDS\AD9833FreqGen\XMC2AD9833\Libraries\XMCLib\inc" -I"C:\Users\Bernd\Documents\AD9833DDS\AD9833FreqGen\XMC2AD9833/Libraries/CMSIS/Include" -I"C:\Users\Bernd\Documents\AD9833DDS\AD9833FreqGen\XMC2AD9833/Libraries/CMSIS/Infineon/XMC1100_series/Include" -I"C:\Users\Bernd\Documents\AD9833DDS\AD9833FreqGen\XMC2AD9833" -I"C:\Users\Bernd\Documents\AD9833DDS\AD9833FreqGen\XMC2AD9833\Dave\Generated" -I"C:\Users\Bernd\Documents\AD9833DDS\AD9833FreqGen\XMC2AD9833\Libraries" -O0 -ffunction-sections -fdata-sections -Wall -std=gnu99 -Wa,-adhlns="main.o.lst" -pipe -c -fmessage-length=0 -MMD -MP -MF"main.d" -MT"main.d main.o" -mcpu=cortex-m0 -mthumb -g -gdwarf-2 -o "main.o" "../main.c"
'Finished building: ../main.c'

'Building target: XMC2AD9833.elf'
'Invoking: ARM-GCC C Linker'
"C:\Programs\Dave4\eclipse\ARM-GCC-49/bin/arm-none-eabi-gcc" -T"../linker_script.ld" -nostartfiles -Xlinker --gc-sections -specs=nano.specs -specs=nosys.specs -Wl,-Map,XMC2AD9833.map -mcpu=cortex-m0 -mthumb -g -gdwarf-2 -o "XMC2AD9833.elf" "@objects.rsp"  -lm
'Finished building target: XMC2AD9833.elf'

'Invoking: ARM-GCC Print Size'
"C:\Programs\Dave4\eclipse\ARM-GCC-49/bin/arm-none-eabi-size"  --format=berkeley "XMC2AD9833.elf"
   text	   data	    bss	    dec	    hex	filename
  11587	    188	   1124	  12899	   3263	XMC2AD9833.elf
'Finished building: XMC2AD9833.siz'

'Invoking: ARM-GCC Create Flash Image'
"C:\Programs\Dave4\eclipse\ARM-GCC-49/bin/arm-none-eabi-objcopy" -O ihex "XMC2AD9833.elf"  "XMC2AD9833.hex"
'Finished building: XMC2AD9833.hex'

'Invoking: ARM-GCC Create Listing'
"C:\Programs\Dave4\eclipse\ARM-GCC-49/bin/arm-none-eabi-objdump" -h -S "XMC2AD9833.elf" > "XMC2AD9833.lst"
'Finished building: XMC2AD9833.lst'

