Archive member included because of file (symbol)

c:/programs/dave4/eclipse/arm-gcc-49/bin/../lib/gcc/arm-none-eabi/4.9.3/armv6-m\libgcc.a(_udivsi3.o)
                              ./Startup/system_XMC1100.o (__aeabi_uidiv)
c:/programs/dave4/eclipse/arm-gcc-49/bin/../lib/gcc/arm-none-eabi/4.9.3/armv6-m\libgcc.a(_divsi3.o)
                              ./Libraries/XMCLib/src/xmc1_scu.o (__aeabi_idiv)
c:/programs/dave4/eclipse/arm-gcc-49/bin/../lib/gcc/arm-none-eabi/4.9.3/armv6-m\libgcc.a(_dvmd_tls.o)
                              c:/programs/dave4/eclipse/arm-gcc-49/bin/../lib/gcc/arm-none-eabi/4.9.3/armv6-m\libgcc.a(_udivsi3.o) (__aeabi_idiv0)
c:/programs/dave4/eclipse/arm-gcc-49/bin/../lib/gcc/arm-none-eabi/4.9.3/armv6-m\libgcc.a(_aeabi_uldivmod.o)
                              ./AD9833.o (__aeabi_uldivmod)
c:/programs/dave4/eclipse/arm-gcc-49/bin/../lib/gcc/arm-none-eabi/4.9.3/armv6-m\libgcc.a(bpabi.o)
                              c:/programs/dave4/eclipse/arm-gcc-49/bin/../lib/gcc/arm-none-eabi/4.9.3/armv6-m\libgcc.a(_aeabi_uldivmod.o) (__gnu_uldivmod_helper)
c:/programs/dave4/eclipse/arm-gcc-49/bin/../lib/gcc/arm-none-eabi/4.9.3/armv6-m\libgcc.a(_muldi3.o)
                              c:/programs/dave4/eclipse/arm-gcc-49/bin/../lib/gcc/arm-none-eabi/4.9.3/armv6-m\libgcc.a(bpabi.o) (__aeabi_lmul)
c:/programs/dave4/eclipse/arm-gcc-49/bin/../lib/gcc/arm-none-eabi/4.9.3/armv6-m\libgcc.a(_divdi3.o)
                              c:/programs/dave4/eclipse/arm-gcc-49/bin/../lib/gcc/arm-none-eabi/4.9.3/armv6-m\libgcc.a(bpabi.o) (__divdi3)
c:/programs/dave4/eclipse/arm-gcc-49/bin/../lib/gcc/arm-none-eabi/4.9.3/armv6-m\libgcc.a(_udivdi3.o)
                              c:/programs/dave4/eclipse/arm-gcc-49/bin/../lib/gcc/arm-none-eabi/4.9.3/armv6-m\libgcc.a(bpabi.o) (__udivdi3)
c:/programs/dave4/eclipse/arm-gcc-49/bin/../lib/gcc/arm-none-eabi/4.9.3/armv6-m\libgcc.a(_clzdi2.o)
                              c:/programs/dave4/eclipse/arm-gcc-49/bin/../lib/gcc/arm-none-eabi/4.9.3/armv6-m\libgcc.a(_divdi3.o) (__clzdi2)
c:/programs/dave4/eclipse/arm-gcc-49/bin/../lib/gcc/arm-none-eabi/4.9.3/armv6-m\libgcc.a(_clzsi2.o)
                              c:/programs/dave4/eclipse/arm-gcc-49/bin/../lib/gcc/arm-none-eabi/4.9.3/armv6-m\libgcc.a(_clzdi2.o) (__clzsi2)
c:/programs/dave4/eclipse/arm-gcc-49/bin/../lib/gcc/arm-none-eabi/4.9.3/../../../../arm-none-eabi/lib/armv6-m\libc_nano.a(lib_a-atoi.o)
                              ./main.o (atoi)
c:/programs/dave4/eclipse/arm-gcc-49/bin/../lib/gcc/arm-none-eabi/4.9.3/../../../../arm-none-eabi/lib/armv6-m\libc_nano.a(lib_a-errno.o)
                              ./Libraries/Newlib/syscalls.o (__errno)
c:/programs/dave4/eclipse/arm-gcc-49/bin/../lib/gcc/arm-none-eabi/4.9.3/../../../../arm-none-eabi/lib/armv6-m\libc_nano.a(lib_a-impure.o)
                              c:/programs/dave4/eclipse/arm-gcc-49/bin/../lib/gcc/arm-none-eabi/4.9.3/../../../../arm-none-eabi/lib/armv6-m\libc_nano.a(lib_a-errno.o) (_impure_ptr)
c:/programs/dave4/eclipse/arm-gcc-49/bin/../lib/gcc/arm-none-eabi/4.9.3/../../../../arm-none-eabi/lib/armv6-m\libc_nano.a(lib_a-init.o)
                              ./Startup/startup_XMC1100.o (__libc_init_array)
c:/programs/dave4/eclipse/arm-gcc-49/bin/../lib/gcc/arm-none-eabi/4.9.3/../../../../arm-none-eabi/lib/armv6-m\libc_nano.a(lib_a-memset.o)
                              ./main.o (memset)
c:/programs/dave4/eclipse/arm-gcc-49/bin/../lib/gcc/arm-none-eabi/4.9.3/../../../../arm-none-eabi/lib/armv6-m\libc_nano.a(lib_a-strtok.o)
                              ./main.o (strtok)
c:/programs/dave4/eclipse/arm-gcc-49/bin/../lib/gcc/arm-none-eabi/4.9.3/../../../../arm-none-eabi/lib/armv6-m\libc_nano.a(lib_a-strtok_r.o)
                              c:/programs/dave4/eclipse/arm-gcc-49/bin/../lib/gcc/arm-none-eabi/4.9.3/../../../../arm-none-eabi/lib/armv6-m\libc_nano.a(lib_a-strtok.o) (__strtok_r)
c:/programs/dave4/eclipse/arm-gcc-49/bin/../lib/gcc/arm-none-eabi/4.9.3/../../../../arm-none-eabi/lib/armv6-m\libc_nano.a(lib_a-strtol.o)
                              c:/programs/dave4/eclipse/arm-gcc-49/bin/../lib/gcc/arm-none-eabi/4.9.3/../../../../arm-none-eabi/lib/armv6-m\libc_nano.a(lib_a-atoi.o) (_strtol_r)
c:/programs/dave4/eclipse/arm-gcc-49/bin/../lib/gcc/arm-none-eabi/4.9.3/../../../../arm-none-eabi/lib/armv6-m\libc_nano.a(lib_a-ctype_.o)
                              c:/programs/dave4/eclipse/arm-gcc-49/bin/../lib/gcc/arm-none-eabi/4.9.3/../../../../arm-none-eabi/lib/armv6-m\libc_nano.a(lib_a-strtol.o) (__ctype_ptr__)
c:/programs/dave4/eclipse/arm-gcc-49/bin/../lib/gcc/arm-none-eabi/4.9.3/../../../../arm-none-eabi/lib/armv6-m\libc_nano.a(lib_a-malloc.o)
                              c:/programs/dave4/eclipse/arm-gcc-49/bin/../lib/gcc/arm-none-eabi/4.9.3/../../../../arm-none-eabi/lib/armv6-m\libc_nano.a(lib_a-strtok.o) (malloc)
c:/programs/dave4/eclipse/arm-gcc-49/bin/../lib/gcc/arm-none-eabi/4.9.3/../../../../arm-none-eabi/lib/armv6-m\libc_nano.a(lib_a-nano-freer.o)
                              c:/programs/dave4/eclipse/arm-gcc-49/bin/../lib/gcc/arm-none-eabi/4.9.3/../../../../arm-none-eabi/lib/armv6-m\libc_nano.a(lib_a-malloc.o) (_free_r)
c:/programs/dave4/eclipse/arm-gcc-49/bin/../lib/gcc/arm-none-eabi/4.9.3/../../../../arm-none-eabi/lib/armv6-m\libc_nano.a(lib_a-nano-mallocr.o)
                              c:/programs/dave4/eclipse/arm-gcc-49/bin/../lib/gcc/arm-none-eabi/4.9.3/../../../../arm-none-eabi/lib/armv6-m\libc_nano.a(lib_a-malloc.o) (_malloc_r)
c:/programs/dave4/eclipse/arm-gcc-49/bin/../lib/gcc/arm-none-eabi/4.9.3/../../../../arm-none-eabi/lib/armv6-m\libc_nano.a(lib_a-sbrkr.o)
                              c:/programs/dave4/eclipse/arm-gcc-49/bin/../lib/gcc/arm-none-eabi/4.9.3/../../../../arm-none-eabi/lib/armv6-m\libc_nano.a(lib_a-nano-mallocr.o) (_sbrk_r)
c:/programs/dave4/eclipse/arm-gcc-49/bin/../lib/gcc/arm-none-eabi/4.9.3/../../../../arm-none-eabi/lib/armv6-m\libc_nano.a(lib_a-reent.o)
                              c:/programs/dave4/eclipse/arm-gcc-49/bin/../lib/gcc/arm-none-eabi/4.9.3/../../../../arm-none-eabi/lib/armv6-m\libc_nano.a(lib_a-sbrkr.o) (errno)

Allocating common symbols
Common symbol       size              file

errno               0x4               c:/programs/dave4/eclipse/arm-gcc-49/bin/../lib/gcc/arm-none-eabi/4.9.3/../../../../arm-none-eabi/lib/armv6-m\libc_nano.a(lib_a-reent.o)
rec_data            0x19              ./main.o

Discarded input sections

 .text          0x00000000        0x0 ./Startup/startup_XMC1100.o
 .data          0x00000000        0x0 ./Startup/startup_XMC1100.o
 .bss           0x00000000        0x0 ./Startup/startup_XMC1100.o
 .text          0x00000000        0x0 ./Startup/system_XMC1100.o
 .data          0x00000000        0x0 ./Startup/system_XMC1100.o
 .bss           0x00000000        0x0 ./Startup/system_XMC1100.o
 .text.SystemCoreClockSetup
                0x00000000       0x2c ./Startup/system_XMC1100.o
 .comment       0x00000000       0x71 ./Startup/system_XMC1100.o
 .text          0x00000000        0x0 ./Libraries/XMCLib/src/xmc1_eru.o
 .data          0x00000000        0x0 ./Libraries/XMCLib/src/xmc1_eru.o
 .bss           0x00000000        0x0 ./Libraries/XMCLib/src/xmc1_eru.o
 .text.XMC_ERU_Enable
                0x00000000        0x2 ./Libraries/XMCLib/src/xmc1_eru.o
 .text.XMC_ERU_Disable
                0x00000000        0x2 ./Libraries/XMCLib/src/xmc1_eru.o
 .comment       0x00000000       0x71 ./Libraries/XMCLib/src/xmc1_eru.o
 .ARM.attributes
                0x00000000       0x31 ./Libraries/XMCLib/src/xmc1_eru.o
 .text          0x00000000        0x0 ./Libraries/XMCLib/src/xmc1_flash.o
 .data          0x00000000        0x0 ./Libraries/XMCLib/src/xmc1_flash.o
 .bss           0x00000000        0x0 ./Libraries/XMCLib/src/xmc1_flash.o
 .text.XMC_FLASH_ClearStatus
                0x00000000       0x14 ./Libraries/XMCLib/src/xmc1_flash.o
 .text.XMC_FLASH_GetStatus
                0x00000000        0xc ./Libraries/XMCLib/src/xmc1_flash.o
 .text.XMC_FLASH_EnableEvent
                0x00000000       0x10 ./Libraries/XMCLib/src/xmc1_flash.o
 .text.XMC_FLASH_DisableEvent
                0x00000000       0x10 ./Libraries/XMCLib/src/xmc1_flash.o
 .text.XMC_FLASH_ErasePage
                0x00000000        0xc ./Libraries/XMCLib/src/xmc1_flash.o
 .text.XMC_FLASH_ProgramVerifyPage
                0x00000000       0x12 ./Libraries/XMCLib/src/xmc1_flash.o
 .text.XMC_FLASH_WriteBlocks
                0x00000000       0x5c ./Libraries/XMCLib/src/xmc1_flash.o
 .text.XMC_FLASH_ErasePages
                0x00000000       0x2c ./Libraries/XMCLib/src/xmc1_flash.o
 .text.XMC_FLASH_VerifyBlocks
                0x00000000       0x4c ./Libraries/XMCLib/src/xmc1_flash.o
 .text.XMC_FLASH_ReadBlocks
                0x00000000       0x20 ./Libraries/XMCLib/src/xmc1_flash.o
 .text.XMC_FLASH_EraseSector
                0x00000000        0xa ./Libraries/XMCLib/src/xmc1_flash.o
 .text.XMC_FLASH_ProgramPage
                0x00000000        0x8 ./Libraries/XMCLib/src/xmc1_flash.o
 .comment       0x00000000       0x71 ./Libraries/XMCLib/src/xmc1_flash.o
 .ARM.attributes
                0x00000000       0x31 ./Libraries/XMCLib/src/xmc1_flash.o
 .text          0x00000000        0x0 ./Libraries/XMCLib/src/xmc1_gpio.o
 .data          0x00000000        0x0 ./Libraries/XMCLib/src/xmc1_gpio.o
 .bss           0x00000000        0x0 ./Libraries/XMCLib/src/xmc1_gpio.o
 .text.XMC_GPIO_SetInputHysteresis
                0x00000000       0x24 ./Libraries/XMCLib/src/xmc1_gpio.o
 .comment       0x00000000       0x71 ./Libraries/XMCLib/src/xmc1_gpio.o
 .text          0x00000000        0x0 ./Libraries/XMCLib/src/xmc1_rtc.o
 .data          0x00000000        0x0 ./Libraries/XMCLib/src/xmc1_rtc.o
 .bss           0x00000000        0x0 ./Libraries/XMCLib/src/xmc1_rtc.o
 .text.XMC_RTC_Enable
                0x00000000        0xc ./Libraries/XMCLib/src/xmc1_rtc.o
 .text.XMC_RTC_Disable
                0x00000000        0xc ./Libraries/XMCLib/src/xmc1_rtc.o
 .text.XMC_RTC_SetDebugMode
                0x00000000       0x14 ./Libraries/XMCLib/src/xmc1_rtc.o
 .text.XMC_RTC_EnableEvent
                0x00000000       0x10 ./Libraries/XMCLib/src/xmc1_rtc.o
 .text.XMC_RTC_DisableEvent
                0x00000000       0x10 ./Libraries/XMCLib/src/xmc1_rtc.o
 .text.XMC_RTC_ClearEvent
                0x00000000        0xc ./Libraries/XMCLib/src/xmc1_rtc.o
 .text.XMC_RTC_IsEnabled
                0x00000000       0x12 ./Libraries/XMCLib/src/xmc1_rtc.o
 .text.XMC_RTC_Init
                0x00000000       0x4c ./Libraries/XMCLib/src/xmc1_rtc.o
 .comment       0x00000000       0x71 ./Libraries/XMCLib/src/xmc1_rtc.o
 .ARM.attributes
                0x00000000       0x31 ./Libraries/XMCLib/src/xmc1_rtc.o
 .text          0x00000000        0x0 ./Libraries/XMCLib/src/xmc1_scu.o
 .data          0x00000000        0x0 ./Libraries/XMCLib/src/xmc1_scu.o
 .bss           0x00000000        0x0 ./Libraries/XMCLib/src/xmc1_scu.o
 .text.XMC_SCU_CalcTSEVAR
                0x00000000       0x22 ./Libraries/XMCLib/src/xmc1_scu.o
 .text.XMC_SCU_INTERRUPT_EnableEvent
                0x00000000       0x10 ./Libraries/XMCLib/src/xmc1_scu.o
 .text.XMC_SCU_INTERRUPT_DisableEvent
                0x00000000       0x10 ./Libraries/XMCLib/src/xmc1_scu.o
 .text.XMC_SCU_INTERRUPT_TriggerEvent
                0x00000000       0x10 ./Libraries/XMCLib/src/xmc1_scu.o
 .text.XMC_SCU_INTERUPT_GetEventStatus
                0x00000000        0xc ./Libraries/XMCLib/src/xmc1_scu.o
 .text.XMC_SCU_INTERRUPT_ClearEventStatus
                0x00000000       0x10 ./Libraries/XMCLib/src/xmc1_scu.o
 .text.XMC_SCU_LockProtectedBits
                0x00000000        0xc ./Libraries/XMCLib/src/xmc1_scu.o
 .text.XMC_SCU_SupplyMonitorInit
                0x00000000       0x48 ./Libraries/XMCLib/src/xmc1_scu.o
 .text.XMC_SCU_SetTempLowLimit
                0x00000000       0x1c ./Libraries/XMCLib/src/xmc1_scu.o
 .text.XMC_SCU_SetTempHighLimit
                0x00000000       0x1c ./Libraries/XMCLib/src/xmc1_scu.o
 .text.XMC_SCU_SetRawTempLimits
                0x00000000       0x10 ./Libraries/XMCLib/src/xmc1_scu.o
 .text.XMC_SCU_StartTempMeasurement
                0x00000000       0x10 ./Libraries/XMCLib/src/xmc1_scu.o
 .text.XMC_SCU_StopTempMeasurement
                0x00000000       0x10 ./Libraries/XMCLib/src/xmc1_scu.o
 .text.XMC_SCU_HighTemperature
                0x00000000       0x10 ./Libraries/XMCLib/src/xmc1_scu.o
 .text.XMC_SCU_LowTemperature
                0x00000000        0xc ./Libraries/XMCLib/src/xmc1_scu.o
 .text.XMC_SCU_GetTemperature
                0x00000000        0xc ./Libraries/XMCLib/src/xmc1_scu.o
 .text.XMC_SCU_CalcTemperature
                0x00000000        0xc ./Libraries/XMCLib/src/xmc1_scu.o
 .text.XMC_SCU_CLOCK_SetRtcClockSource
                0x00000000       0x28 ./Libraries/XMCLib/src/xmc1_scu.o
 .text.XMC_SCU_CLOCK_SetFastPeripheralClockSource
                0x00000000       0x28 ./Libraries/XMCLib/src/xmc1_scu.o
 .text.XMC_SCU_CLOCK_GatePeripheralClock
                0x00000000       0x20 ./Libraries/XMCLib/src/xmc1_scu.o
 .text.XMC_SCU_CLOCK_IsPeripheralClockGated
                0x00000000       0x14 ./Libraries/XMCLib/src/xmc1_scu.o
 .text.XMC_SCU_CLOCK_SetMCLKFrequency
                0x00000000       0x24 ./Libraries/XMCLib/src/xmc1_scu.o
 .text.XMC_SCU_CLOCK_GetFastPeripheralClockFrequency
                0x00000000       0x1c ./Libraries/XMCLib/src/xmc1_scu.o
 .text.XMC_SCU_CLOCK_CalibrateOscillatorOnTemperature
                0x00000000       0x4c ./Libraries/XMCLib/src/xmc1_scu.o
 .text.XMC_SCU_INTERRUPT_SetEventHandler
                0x00000000       0x2c ./Libraries/XMCLib/src/xmc1_scu.o
 .text.XMC_SCU_IRQHandler
                0x00000000       0x4c ./Libraries/XMCLib/src/xmc1_scu.o
 .bss.event_handler_list
                0x00000000       0x80 ./Libraries/XMCLib/src/xmc1_scu.o
 .rodata.event_masks
                0x00000000        0xc ./Libraries/XMCLib/src/xmc1_scu.o
 .comment       0x00000000       0x71 ./Libraries/XMCLib/src/xmc1_scu.o
 .text          0x00000000        0x0 ./Libraries/XMCLib/src/xmc_acmp.o
 .data          0x00000000        0x0 ./Libraries/XMCLib/src/xmc_acmp.o
 .bss           0x00000000        0x0 ./Libraries/XMCLib/src/xmc_acmp.o
 .comment       0x00000000       0x71 ./Libraries/XMCLib/src/xmc_acmp.o
 .ARM.attributes
                0x00000000       0x31 ./Libraries/XMCLib/src/xmc_acmp.o
 .text          0x00000000        0x0 ./Libraries/XMCLib/src/xmc_bccu.o
 .data          0x00000000        0x0 ./Libraries/XMCLib/src/xmc_bccu.o
 .bss           0x00000000        0x0 ./Libraries/XMCLib/src/xmc_bccu.o
 .comment       0x00000000       0x71 ./Libraries/XMCLib/src/xmc_bccu.o
 .ARM.attributes
                0x00000000       0x31 ./Libraries/XMCLib/src/xmc_bccu.o
 .text          0x00000000        0x0 ./Libraries/XMCLib/src/xmc_can.o
 .data          0x00000000        0x0 ./Libraries/XMCLib/src/xmc_can.o
 .bss           0x00000000        0x0 ./Libraries/XMCLib/src/xmc_can.o
 .comment       0x00000000       0x71 ./Libraries/XMCLib/src/xmc_can.o
 .ARM.attributes
                0x00000000       0x31 ./Libraries/XMCLib/src/xmc_can.o
 .text          0x00000000        0x0 ./Libraries/XMCLib/src/xmc_ccu4.o
 .data          0x00000000        0x0 ./Libraries/XMCLib/src/xmc_ccu4.o
 .bss           0x00000000        0x0 ./Libraries/XMCLib/src/xmc_ccu4.o
 .text.XMC_CCU4_EnableModule
                0x00000000       0x14 ./Libraries/XMCLib/src/xmc_ccu4.o
 .text.XMC_CCU4_DisableModule
                0x00000000       0x14 ./Libraries/XMCLib/src/xmc_ccu4.o
 .text.XMC_CCU4_Init
                0x00000000       0x34 ./Libraries/XMCLib/src/xmc_ccu4.o
 .text.XMC_CCU4_SetModuleClock
                0x00000000        0xe ./Libraries/XMCLib/src/xmc_ccu4.o
 .text.XMC_CCU4_SetMultiChannelShadowTransferMode
                0x00000000        0xe ./Libraries/XMCLib/src/xmc_ccu4.o
 .text.XMC_CCU4_SLICE_CompareInit
                0x00000000       0x2e ./Libraries/XMCLib/src/xmc_ccu4.o
 .text.XMC_CCU4_SLICE_CaptureInit
                0x00000000       0x20 ./Libraries/XMCLib/src/xmc_ccu4.o
 .text.XMC_CCU4_SLICE_StartConfig
                0x00000000       0x28 ./Libraries/XMCLib/src/xmc_ccu4.o
 .text.XMC_CCU4_SLICE_StopConfig
                0x00000000       0x20 ./Libraries/XMCLib/src/xmc_ccu4.o
 .text.XMC_CCU4_SLICE_LoadConfig
                0x00000000       0x14 ./Libraries/XMCLib/src/xmc_ccu4.o
 .text.XMC_CCU4_SLICE_ModulationConfig
                0x00000000       0x40 ./Libraries/XMCLib/src/xmc_ccu4.o
 .text.XMC_CCU4_SLICE_CountConfig
                0x00000000       0x14 ./Libraries/XMCLib/src/xmc_ccu4.o
 .text.XMC_CCU4_SLICE_GateConfig
                0x00000000       0x14 ./Libraries/XMCLib/src/xmc_ccu4.o
 .text.XMC_CCU4_SLICE_Capture0Config
                0x00000000        0xe ./Libraries/XMCLib/src/xmc_ccu4.o
 .text.XMC_CCU4_SLICE_Capture1Config
                0x00000000        0xe ./Libraries/XMCLib/src/xmc_ccu4.o
 .text.XMC_CCU4_SLICE_DirectionConfig
                0x00000000       0x14 ./Libraries/XMCLib/src/xmc_ccu4.o
 .text.XMC_CCU4_SLICE_StatusBitOverrideConfig
                0x00000000        0xc ./Libraries/XMCLib/src/xmc_ccu4.o
 .text.XMC_CCU4_SLICE_TrapConfig
                0x00000000       0x3c ./Libraries/XMCLib/src/xmc_ccu4.o
 .text.XMC_CCU4_SLICE_ConfigureStatusBitOverrideEvent
                0x00000000       0x74 ./Libraries/XMCLib/src/xmc_ccu4.o
 .text.XMC_CCU4_SLICE_ConfigureEvent
                0x00000000       0x56 ./Libraries/XMCLib/src/xmc_ccu4.o
 .text.XMC_CCU4_SLICE_SetInput
                0x00000000       0x18 ./Libraries/XMCLib/src/xmc_ccu4.o
 .text.XMC_CCU4_SLICE_SetTimerRepeatMode
                0x00000000       0x12 ./Libraries/XMCLib/src/xmc_ccu4.o
 .text.XMC_CCU4_SLICE_SetTimerCountingMode
                0x00000000       0x12 ./Libraries/XMCLib/src/xmc_ccu4.o
 .text.XMC_CCU4_SLICE_GetCaptureRegisterValue
                0x00000000        0xa ./Libraries/XMCLib/src/xmc_ccu4.o
 .text.XMC_CCU4_SLICE_GetLastCapturedTimerValue
                0x00000000       0x3e ./Libraries/XMCLib/src/xmc_ccu4.o
 .text.XMC_CCU4_SLICE_GetCapturedValueFromFifo
                0x00000000        0xe ./Libraries/XMCLib/src/xmc_ccu4.o
 .text.XMC_CCU4_SLICE_EnableDithering
                0x00000000       0x28 ./Libraries/XMCLib/src/xmc_ccu4.o
 .text.XMC_CCU4_SLICE_SetPrescaler
                0x00000000       0x14 ./Libraries/XMCLib/src/xmc_ccu4.o
 .text.XMC_CCU4_SLICE_SetInterruptNode
                0x00000000       0x30 ./Libraries/XMCLib/src/xmc_ccu4.o
 .text.XMC_CCU4_SLICE_SetPassiveLevel
                0x00000000        0xc ./Libraries/XMCLib/src/xmc_ccu4.o
 .rodata.CSWTCH.37
                0x00000000        0xa ./Libraries/XMCLib/src/xmc_ccu4.o
 .rodata.CSWTCH.38
                0x00000000       0x14 ./Libraries/XMCLib/src/xmc_ccu4.o
 .comment       0x00000000       0x71 ./Libraries/XMCLib/src/xmc_ccu4.o
 .ARM.attributes
                0x00000000       0x31 ./Libraries/XMCLib/src/xmc_ccu4.o
 .text          0x00000000        0x0 ./Libraries/XMCLib/src/xmc_ccu8.o
 .data          0x00000000        0x0 ./Libraries/XMCLib/src/xmc_ccu8.o
 .bss           0x00000000        0x0 ./Libraries/XMCLib/src/xmc_ccu8.o
 .comment       0x00000000       0x71 ./Libraries/XMCLib/src/xmc_ccu8.o
 .ARM.attributes
                0x00000000       0x31 ./Libraries/XMCLib/src/xmc_ccu8.o
 .text          0x00000000        0x0 ./Libraries/XMCLib/src/xmc_common.o
 .data          0x00000000        0x0 ./Libraries/XMCLib/src/xmc_common.o
 .bss           0x00000000        0x0 ./Libraries/XMCLib/src/xmc_common.o
 .text.XMC_LIST_Init
                0x00000000        0x6 ./Libraries/XMCLib/src/xmc_common.o
 .text.XMC_LIST_GetHead
                0x00000000        0x4 ./Libraries/XMCLib/src/xmc_common.o
 .text.XMC_LIST_GetTail
                0x00000000       0x12 ./Libraries/XMCLib/src/xmc_common.o
 .text.XMC_LIST_Add
                0x00000000       0x1a ./Libraries/XMCLib/src/xmc_common.o
 .text.XMC_LIST_Remove
                0x00000000       0x2e ./Libraries/XMCLib/src/xmc_common.o
 .text.XMC_LIST_Insert
                0x00000000       0x14 ./Libraries/XMCLib/src/xmc_common.o
 .text.XMC_PRIOARRAY_Init
                0x00000000       0x2c ./Libraries/XMCLib/src/xmc_common.o
 .text.XMC_PRIOARRAY_Add
                0x00000000       0x32 ./Libraries/XMCLib/src/xmc_common.o
 .text.XMC_PRIOARRAY_Remove
                0x00000000       0x1e ./Libraries/XMCLib/src/xmc_common.o
 .comment       0x00000000       0x71 ./Libraries/XMCLib/src/xmc_common.o
 .ARM.attributes
                0x00000000       0x31 ./Libraries/XMCLib/src/xmc_common.o
 .text          0x00000000        0x0 ./Libraries/XMCLib/src/xmc_eru.o
 .data          0x00000000        0x0 ./Libraries/XMCLib/src/xmc_eru.o
 .bss           0x00000000        0x0 ./Libraries/XMCLib/src/xmc_eru.o
 .text.XMC_ERU_ETL_Init
                0x00000000       0x28 ./Libraries/XMCLib/src/xmc_eru.o
 .text.XMC_ERU_OGU_Init
                0x00000000       0x16 ./Libraries/XMCLib/src/xmc_eru.o
 .text.XMC_ERU_ETL_SetInput
                0x00000000       0x1a ./Libraries/XMCLib/src/xmc_eru.o
 .text.XMC_ERU_ETL_SetSource
                0x00000000       0x1c ./Libraries/XMCLib/src/xmc_eru.o
 .text.XMC_ERU_ETL_SetEdgeDetection
                0x00000000       0x18 ./Libraries/XMCLib/src/xmc_eru.o
 .text.XMC_ERU_ETL_GetEdgeDetection
                0x00000000        0xc ./Libraries/XMCLib/src/xmc_eru.o
 .text.XMC_ERU_ETL_SetStatusFlagMode
                0x00000000       0x18 ./Libraries/XMCLib/src/xmc_eru.o
 .text.XMC_ERU_ETL_EnableOutputTrigger
                0x00000000       0x20 ./Libraries/XMCLib/src/xmc_eru.o
 .text.XMC_ERU_ETL_DisableOutputTrigger
                0x00000000        0xe ./Libraries/XMCLib/src/xmc_eru.o
 .text.XMC_ERU_OGU_EnablePatternDetection
                0x00000000       0x24 ./Libraries/XMCLib/src/xmc_eru.o
 .text.XMC_ERU_OGU_DisablePatternDetection
                0x00000000        0xe ./Libraries/XMCLib/src/xmc_eru.o
 .text.XMC_ERU_OGU_EnablePeripheralTrigger
                0x00000000       0x14 ./Libraries/XMCLib/src/xmc_eru.o
 .text.XMC_ERU_OGU_DisablePeripheralTrigger
                0x00000000        0xe ./Libraries/XMCLib/src/xmc_eru.o
 .text.XMC_ERU_OGU_SetServiceRequestMode
                0x00000000       0x18 ./Libraries/XMCLib/src/xmc_eru.o
 .comment       0x00000000       0x71 ./Libraries/XMCLib/src/xmc_eru.o
 .ARM.attributes
                0x00000000       0x31 ./Libraries/XMCLib/src/xmc_eru.o
 .text          0x00000000        0x0 ./Libraries/XMCLib/src/xmc_gpio.o
 .data          0x00000000        0x0 ./Libraries/XMCLib/src/xmc_gpio.o
 .bss           0x00000000        0x0 ./Libraries/XMCLib/src/xmc_gpio.o
 .text.XMC_GPIO_SetMode
                0x00000000       0x24 ./Libraries/XMCLib/src/xmc_gpio.o
 .comment       0x00000000       0x71 ./Libraries/XMCLib/src/xmc_gpio.o
 .text          0x00000000        0x0 ./Libraries/XMCLib/src/xmc_i2c.o
 .data          0x00000000        0x0 ./Libraries/XMCLib/src/xmc_i2c.o
 .bss           0x00000000        0x0 ./Libraries/XMCLib/src/xmc_i2c.o
 .text.XMC_I2C_CH_SetSlaveAddress
                0x00000000       0x24 ./Libraries/XMCLib/src/xmc_i2c.o
 .text.XMC_I2C_CH_GetSlaveAddress
                0x00000000       0x1c ./Libraries/XMCLib/src/xmc_i2c.o
 .text.XMC_I2C_CH_SetBaudrate
                0x00000000       0x44 ./Libraries/XMCLib/src/xmc_i2c.o
 .text.XMC_I2C_CH_Init
                0x00000000       0x34 ./Libraries/XMCLib/src/xmc_i2c.o
 .text.XMC_I2C_CH_MasterStart
                0x00000000       0x44 ./Libraries/XMCLib/src/xmc_i2c.o
 .text.XMC_I2C_CH_MasterRepeatedStart
                0x00000000       0x44 ./Libraries/XMCLib/src/xmc_i2c.o
 .text.XMC_I2C_CH_MasterStop
                0x00000000       0x3a ./Libraries/XMCLib/src/xmc_i2c.o
 .text.XMC_I2C_CH_MasterTransmit
                0x00000000       0x32 ./Libraries/XMCLib/src/xmc_i2c.o
 .text.XMC_I2C_CH_SlaveTransmit
                0x00000000       0x3c ./Libraries/XMCLib/src/xmc_i2c.o
 .text.XMC_I2C_CH_MasterReceiveAck
                0x00000000       0x3a ./Libraries/XMCLib/src/xmc_i2c.o
 .text.XMC_I2C_CH_MasterReceiveNack
                0x00000000       0x3a ./Libraries/XMCLib/src/xmc_i2c.o
 .text.XMC_I2C_CH_GetReceivedData
                0x00000000       0x18 ./Libraries/XMCLib/src/xmc_i2c.o
 .text.XMC_I2C_CH_Stop
                0x00000000       0x16 ./Libraries/XMCLib/src/xmc_i2c.o
 .text.XMC_I2C_CH_EnableEvent
                0x00000000       0x1c ./Libraries/XMCLib/src/xmc_i2c.o
 .text.XMC_I2C_CH_DisableEvent
                0x00000000       0x1c ./Libraries/XMCLib/src/xmc_i2c.o
 .comment       0x00000000       0x71 ./Libraries/XMCLib/src/xmc_i2c.o
 .ARM.attributes
                0x00000000       0x31 ./Libraries/XMCLib/src/xmc_i2c.o
 .text          0x00000000        0x0 ./Libraries/XMCLib/src/xmc_i2s.o
 .data          0x00000000        0x0 ./Libraries/XMCLib/src/xmc_i2s.o
 .bss           0x00000000        0x0 ./Libraries/XMCLib/src/xmc_i2s.o
 .text.XMC_I2S_CH_SetBaudrate
                0x00000000       0x30 ./Libraries/XMCLib/src/xmc_i2s.o
 .text.XMC_I2S_CH_Init
                0x00000000       0x68 ./Libraries/XMCLib/src/xmc_i2s.o
 .text.XMC_I2S_CH_SetSystemWordLength
                0x00000000       0x88 ./Libraries/XMCLib/src/xmc_i2s.o
 .text.XMC_I2S_CH_Transmit
                0x00000000       0x36 ./Libraries/XMCLib/src/xmc_i2s.o
 .text.XMC_I2S_CH_GetReceivedData
                0x00000000       0x18 ./Libraries/XMCLib/src/xmc_i2s.o
 .text.XMC_I2S_CH_Stop
                0x00000000       0x16 ./Libraries/XMCLib/src/xmc_i2s.o
 .text.XMC_I2S_CH_EnableEvent
                0x00000000       0x20 ./Libraries/XMCLib/src/xmc_i2s.o
 .text.XMC_I2S_CH_DisableEvent
                0x00000000       0x20 ./Libraries/XMCLib/src/xmc_i2s.o
 .comment       0x00000000       0x71 ./Libraries/XMCLib/src/xmc_i2s.o
 .ARM.attributes
                0x00000000       0x31 ./Libraries/XMCLib/src/xmc_i2s.o
 .text          0x00000000        0x0 ./Libraries/XMCLib/src/xmc_ledts.o
 .data          0x00000000        0x0 ./Libraries/XMCLib/src/xmc_ledts.o
 .bss           0x00000000        0x0 ./Libraries/XMCLib/src/xmc_ledts.o
 .comment       0x00000000       0x71 ./Libraries/XMCLib/src/xmc_ledts.o
 .ARM.attributes
                0x00000000       0x31 ./Libraries/XMCLib/src/xmc_ledts.o
 .text          0x00000000        0x0 ./Libraries/XMCLib/src/xmc_math.o
 .data          0x00000000        0x0 ./Libraries/XMCLib/src/xmc_math.o
 .bss           0x00000000        0x0 ./Libraries/XMCLib/src/xmc_math.o
 .comment       0x00000000       0x71 ./Libraries/XMCLib/src/xmc_math.o
 .ARM.attributes
                0x00000000       0x31 ./Libraries/XMCLib/src/xmc_math.o
 .text          0x00000000        0x0 ./Libraries/XMCLib/src/xmc_pau.o
 .data          0x00000000        0x0 ./Libraries/XMCLib/src/xmc_pau.o
 .bss           0x00000000        0x0 ./Libraries/XMCLib/src/xmc_pau.o
 .text.XMC_PAU_EnablePeripheralAccess
                0x00000000       0x18 ./Libraries/XMCLib/src/xmc_pau.o
 .text.XMC_PAU_DisablePeripheralAccess
                0x00000000       0x18 ./Libraries/XMCLib/src/xmc_pau.o
 .text.XMC_PAU_IsPeripheralAccessEnabled
                0x00000000       0x1a ./Libraries/XMCLib/src/xmc_pau.o
 .text.XMC_PAU_IsPeripheralAvailable
                0x00000000       0x1a ./Libraries/XMCLib/src/xmc_pau.o
 .comment       0x00000000       0x71 ./Libraries/XMCLib/src/xmc_pau.o
 .ARM.attributes
                0x00000000       0x31 ./Libraries/XMCLib/src/xmc_pau.o
 .text          0x00000000        0x0 ./Libraries/XMCLib/src/xmc_posif.o
 .data          0x00000000        0x0 ./Libraries/XMCLib/src/xmc_posif.o
 .bss           0x00000000        0x0 ./Libraries/XMCLib/src/xmc_posif.o
 .comment       0x00000000       0x71 ./Libraries/XMCLib/src/xmc_posif.o
 .ARM.attributes
                0x00000000       0x31 ./Libraries/XMCLib/src/xmc_posif.o
 .text          0x00000000        0x0 ./Libraries/XMCLib/src/xmc_prng.o
 .data          0x00000000        0x0 ./Libraries/XMCLib/src/xmc_prng.o
 .bss           0x00000000        0x0 ./Libraries/XMCLib/src/xmc_prng.o
 .text.XMC_PRNG_Init
                0x00000000       0x74 ./Libraries/XMCLib/src/xmc_prng.o
 .comment       0x00000000       0x71 ./Libraries/XMCLib/src/xmc_prng.o
 .ARM.attributes
                0x00000000       0x31 ./Libraries/XMCLib/src/xmc_prng.o
 .text          0x00000000        0x0 ./Libraries/XMCLib/src/xmc_rtc.o
 .data          0x00000000        0x0 ./Libraries/XMCLib/src/xmc_rtc.o
 .bss           0x00000000        0x0 ./Libraries/XMCLib/src/xmc_rtc.o
 .text.XMC_RTC_Start
                0x00000000       0x1c ./Libraries/XMCLib/src/xmc_rtc.o
 .text.XMC_RTC_Stop
                0x00000000       0x1c ./Libraries/XMCLib/src/xmc_rtc.o
 .text.XMC_RTC_SetPrescaler
                0x00000000       0x20 ./Libraries/XMCLib/src/xmc_rtc.o
 .text.XMC_RTC_SetTime
                0x00000000       0x20 ./Libraries/XMCLib/src/xmc_rtc.o
 .text.XMC_RTC_GetTime
                0x00000000       0x10 ./Libraries/XMCLib/src/xmc_rtc.o
 .text.XMC_RTC_GetTimeStdFormat
                0x00000000       0x54 ./Libraries/XMCLib/src/xmc_rtc.o
 .text.XMC_RTC_SetAlarm
                0x00000000       0x20 ./Libraries/XMCLib/src/xmc_rtc.o
 .text.XMC_RTC_GetAlarm
                0x00000000       0x10 ./Libraries/XMCLib/src/xmc_rtc.o
 .text.XMC_RTC_GetAlarmStdFormat
                0x00000000       0x50 ./Libraries/XMCLib/src/xmc_rtc.o
 .text.XMC_RTC_GetEventStatus
                0x00000000        0xc ./Libraries/XMCLib/src/xmc_rtc.o
 .comment       0x00000000       0x71 ./Libraries/XMCLib/src/xmc_rtc.o
 .ARM.attributes
                0x00000000       0x31 ./Libraries/XMCLib/src/xmc_rtc.o
 .text          0x00000000        0x0 ./Libraries/XMCLib/src/xmc_spi.o
 .data          0x00000000        0x0 ./Libraries/XMCLib/src/xmc_spi.o
 .bss           0x00000000        0x0 ./Libraries/XMCLib/src/xmc_spi.o
 .text.XMC_SPI_CH_SetBaudrate
                0x00000000       0x24 ./Libraries/XMCLib/src/xmc_spi.o
 .text.XMC_SPI_CH_GetReceivedData
                0x00000000       0x18 ./Libraries/XMCLib/src/xmc_spi.o
 .text.XMC_SPI_CH_SetInterwordDelay
                0x00000000       0xc0 ./Libraries/XMCLib/src/xmc_spi.o
 .text.XMC_SPI_CH_Stop
                0x00000000       0x16 ./Libraries/XMCLib/src/xmc_spi.o
 .text.XMC_SPI_CH_DisableEvent
                0x00000000       0x18 ./Libraries/XMCLib/src/xmc_spi.o
 .comment       0x00000000       0x71 ./Libraries/XMCLib/src/xmc_spi.o
 .text          0x00000000        0x0 ./Libraries/XMCLib/src/xmc_uart.o
 .data          0x00000000        0x0 ./Libraries/XMCLib/src/xmc_uart.o
 .bss           0x00000000        0x0 ./Libraries/XMCLib/src/xmc_uart.o
 .text.XMC_UART_CH_SetBaudrate
                0x00000000       0x2a ./Libraries/XMCLib/src/xmc_uart.o
 .text.XMC_UART_CH_Stop
                0x00000000       0x16 ./Libraries/XMCLib/src/xmc_uart.o
 .text.XMC_UART_CH_EnableEvent
                0x00000000       0x18 ./Libraries/XMCLib/src/xmc_uart.o
 .text.XMC_UART_CH_DisableEvent
                0x00000000       0x18 ./Libraries/XMCLib/src/xmc_uart.o
 .comment       0x00000000       0x71 ./Libraries/XMCLib/src/xmc_uart.o
 .text          0x00000000        0x0 ./Libraries/XMCLib/src/xmc_usic.o
 .data          0x00000000        0x0 ./Libraries/XMCLib/src/xmc_usic.o
 .bss           0x00000000        0x0 ./Libraries/XMCLib/src/xmc_usic.o
 .text.XMC_USIC_CH_Disable
                0x00000000        0xe ./Libraries/XMCLib/src/xmc_usic.o
 .text.XMC_USIC_CH_ConfigExternalInputSignalToBRG
                0x00000000       0x3c ./Libraries/XMCLib/src/xmc_usic.o
 .text.XMC_USIC_CH_TXFIFO_SetSizeTriggerLimit
                0x00000000       0x28 ./Libraries/XMCLib/src/xmc_usic.o
 .text.XMC_USIC_CH_RXFIFO_SetSizeTriggerLimit
                0x00000000       0x28 ./Libraries/XMCLib/src/xmc_usic.o
 .text.XMC_USIC_CH_TXFIFO_SetInterruptNodePointer
                0x00000000       0x14 ./Libraries/XMCLib/src/xmc_usic.o
 .text.XMC_USIC_CH_RXFIFO_SetInterruptNodePointer
                0x00000000       0x14 ./Libraries/XMCLib/src/xmc_usic.o
 .text.XMC_USIC_Enable
                0x00000000       0x14 ./Libraries/XMCLib/src/xmc_usic.o
 .text.XMC_USIC_Disable
                0x00000000       0x14 ./Libraries/XMCLib/src/xmc_usic.o
 .comment       0x00000000       0x71 ./Libraries/XMCLib/src/xmc_usic.o
 .text          0x00000000        0x0 ./Libraries/XMCLib/src/xmc_vadc.o
 .data          0x00000000        0x0 ./Libraries/XMCLib/src/xmc_vadc.o
 .bss           0x00000000        0x0 ./Libraries/XMCLib/src/xmc_vadc.o
 .text.XMC_VADC_GLOBAL_EnableModule
                0x00000000        0xa ./Libraries/XMCLib/src/xmc_vadc.o
 .text.XMC_VADC_GLOBAL_DisableModule
                0x00000000        0xa ./Libraries/XMCLib/src/xmc_vadc.o
 .text.XMC_VADC_GLOBAL_Init
                0x00000000       0x48 ./Libraries/XMCLib/src/xmc_vadc.o
 .text.XMC_VADC_GLOBAL_InputClassInit
                0x00000000       0x10 ./Libraries/XMCLib/src/xmc_vadc.o
 .text.XMC_VADC_GLOBAL_StartupCalibration
                0x00000000       0x1c ./Libraries/XMCLib/src/xmc_vadc.o
 .text.XMC_VADC_GLOBAL_SetCompareValue
                0x00000000       0x16 ./Libraries/XMCLib/src/xmc_vadc.o
 .text.XMC_VADC_GLOBAL_GetCompareResult
                0x00000000       0x12 ./Libraries/XMCLib/src/xmc_vadc.o
 .text.XMC_VADC_GLOBAL_SetResultEventInterruptNode
                0x00000000       0x20 ./Libraries/XMCLib/src/xmc_vadc.o
 .text.XMC_VADC_GLOBAL_BackgroundSetReqSrcEventInterruptNode
                0x00000000       0x18 ./Libraries/XMCLib/src/xmc_vadc.o
 .text.XMC_VADC_GLOBAL_BackgroundInit
                0x00000000       0x20 ./Libraries/XMCLib/src/xmc_vadc.o
 .text.XMC_VADC_GLOBAL_BackgroundSelectTrigger
                0x00000000       0x20 ./Libraries/XMCLib/src/xmc_vadc.o
 .text.XMC_VADC_GLOBAL_BackgroundSelectTriggerEdge
                0x00000000       0x20 ./Libraries/XMCLib/src/xmc_vadc.o
 .text.XMC_VADC_GLOBAL_BackgroundSelectGating
                0x00000000       0x20 ./Libraries/XMCLib/src/xmc_vadc.o
 .text.XMC_VADC_GLOBAL_BackgroundAbortSequence
                0x00000000       0x24 ./Libraries/XMCLib/src/xmc_vadc.o
 .text.XMC_VADC_GLOBAL_BackgroundGetNumChannelsPending
                0x00000000       0x36 ./Libraries/XMCLib/src/xmc_vadc.o
 .comment       0x00000000       0x71 ./Libraries/XMCLib/src/xmc_vadc.o
 .ARM.attributes
                0x00000000       0x31 ./Libraries/XMCLib/src/xmc_vadc.o
 .text          0x00000000        0x0 ./Libraries/XMCLib/src/xmc_wdt.o
 .data          0x00000000        0x0 ./Libraries/XMCLib/src/xmc_wdt.o
 .bss           0x00000000        0x0 ./Libraries/XMCLib/src/xmc_wdt.o
 .text.XMC_WDT_Enable
                0x00000000        0xc ./Libraries/XMCLib/src/xmc_wdt.o
 .text.XMC_WDT_Disable
                0x00000000        0xc ./Libraries/XMCLib/src/xmc_wdt.o
 .text.XMC_WDT_Init
                0x00000000       0x1c ./Libraries/XMCLib/src/xmc_wdt.o
 .comment       0x00000000       0x71 ./Libraries/XMCLib/src/xmc_wdt.o
 .ARM.attributes
                0x00000000       0x31 ./Libraries/XMCLib/src/xmc_wdt.o
 .text          0x00000000        0x0 ./Libraries/Newlib/syscalls.o
 .data          0x00000000        0x0 ./Libraries/Newlib/syscalls.o
 .bss           0x00000000        0x0 ./Libraries/Newlib/syscalls.o
 .bss.__dso_handle
                0x00000000        0x4 ./Libraries/Newlib/syscalls.o
 .comment       0x00000000       0x71 ./Libraries/Newlib/syscalls.o
 .text          0x00000000        0x0 ./Dave/Generated/UART/uart.o
 .data          0x00000000        0x0 ./Dave/Generated/UART/uart.o
 .bss           0x00000000        0x0 ./Dave/Generated/UART/uart.o
 .text.UART_GetAppVersion
                0x00000000        0xc ./Dave/Generated/UART/uart.o
 .text.UART_SetBaudrate
                0x00000000       0x88 ./Dave/Generated/UART/uart.o
 .rodata.uart_event_status_flags
                0x00000000       0x14 ./Dave/Generated/UART/uart.o
 .rodata.uart_event_conf_flags
                0x00000000       0x14 ./Dave/Generated/UART/uart.o
 .comment       0x00000000       0x71 ./Dave/Generated/UART/uart.o
 .text          0x00000000        0x0 ./Dave/Generated/UART/uart_conf.o
 .data          0x00000000        0x0 ./Dave/Generated/UART/uart_conf.o
 .bss           0x00000000        0x0 ./Dave/Generated/UART/uart_conf.o
 .comment       0x00000000       0x71 ./Dave/Generated/UART/uart_conf.o
 .text          0x00000000        0x0 ./Dave/Generated/SPI_CONFIG/spi_config.o
 .data          0x00000000        0x0 ./Dave/Generated/SPI_CONFIG/spi_config.o
 .bss           0x00000000        0x0 ./Dave/Generated/SPI_CONFIG/spi_config.o
 .text.SPI_CONFIG_GetAppVersion
                0x00000000        0xc ./Dave/Generated/SPI_CONFIG/spi_config.o
 .comment       0x00000000       0x71 ./Dave/Generated/SPI_CONFIG/spi_config.o
 .text          0x00000000        0x0 ./Dave/Generated/SPI_CONFIG/spi_config_conf.o
 .data          0x00000000        0x0 ./Dave/Generated/SPI_CONFIG/spi_config_conf.o
 .bss           0x00000000        0x0 ./Dave/Generated/SPI_CONFIG/spi_config_conf.o
 .comment       0x00000000       0x71 ./Dave/Generated/SPI_CONFIG/spi_config_conf.o
 .text          0x00000000        0x0 ./Dave/Generated/DIGITAL_IO/digital_io.o
 .data          0x00000000        0x0 ./Dave/Generated/DIGITAL_IO/digital_io.o
 .bss           0x00000000        0x0 ./Dave/Generated/DIGITAL_IO/digital_io.o
 .text.DIGITAL_IO_GetAppVersion
                0x00000000        0xc ./Dave/Generated/DIGITAL_IO/digital_io.o
 .comment       0x00000000       0x71 ./Dave/Generated/DIGITAL_IO/digital_io.o
 .text          0x00000000        0x0 ./Dave/Generated/DIGITAL_IO/digital_io_conf.o
 .data          0x00000000        0x0 ./Dave/Generated/DIGITAL_IO/digital_io_conf.o
 .bss           0x00000000        0x0 ./Dave/Generated/DIGITAL_IO/digital_io_conf.o
 .comment       0x00000000       0x71 ./Dave/Generated/DIGITAL_IO/digital_io_conf.o
 .text          0x00000000        0x0 ./Dave/Generated/CLOCK_XMC1/clock_xmc1.o
 .data          0x00000000        0x0 ./Dave/Generated/CLOCK_XMC1/clock_xmc1.o
 .bss           0x00000000        0x0 ./Dave/Generated/CLOCK_XMC1/clock_xmc1.o
 .text.CLOCK_XMC1_GetAppVersion
                0x00000000        0xc ./Dave/Generated/CLOCK_XMC1/clock_xmc1.o
 .text.CLOCK_XMC1_SetMCLKFrequency
                0x00000000        0x8 ./Dave/Generated/CLOCK_XMC1/clock_xmc1.o
 .comment       0x00000000       0x71 ./Dave/Generated/CLOCK_XMC1/clock_xmc1.o
 .text          0x00000000        0x0 ./Dave/Generated/CLOCK_XMC1/clock_xmc1_conf.o
 .data          0x00000000        0x0 ./Dave/Generated/CLOCK_XMC1/clock_xmc1_conf.o
 .bss           0x00000000        0x0 ./Dave/Generated/CLOCK_XMC1/clock_xmc1_conf.o
 .comment       0x00000000       0x71 ./Dave/Generated/CLOCK_XMC1/clock_xmc1_conf.o
 .text          0x00000000        0x0 ./Dave/Generated/DAVE.o
 .data          0x00000000        0x0 ./Dave/Generated/DAVE.o
 .bss           0x00000000        0x0 ./Dave/Generated/DAVE.o
 .comment       0x00000000       0x71 ./Dave/Generated/DAVE.o
 .text          0x00000000        0x0 ./AD9833.o
 .data          0x00000000        0x0 ./AD9833.o
 .bss           0x00000000        0x0 ./AD9833.o
 .comment       0x00000000       0x71 ./AD9833.o
 .text          0x00000000        0x0 ./MCP41010.o
 .data          0x00000000        0x0 ./MCP41010.o
 .bss           0x00000000        0x0 ./MCP41010.o
 .comment       0x00000000       0x71 ./MCP41010.o
 .text          0x00000000        0x0 ./main.o
 .data          0x00000000        0x0 ./main.o
 .bss           0x00000000        0x0 ./main.o
 .comment       0x00000000       0x71 ./main.o
 .data          0x00000000        0x0 c:/programs/dave4/eclipse/arm-gcc-49/bin/../lib/gcc/arm-none-eabi/4.9.3/armv6-m\libgcc.a(_udivsi3.o)
 .bss           0x00000000        0x0 c:/programs/dave4/eclipse/arm-gcc-49/bin/../lib/gcc/arm-none-eabi/4.9.3/armv6-m\libgcc.a(_udivsi3.o)
 .text          0x00000000      0x1e0 c:/programs/dave4/eclipse/arm-gcc-49/bin/../lib/gcc/arm-none-eabi/4.9.3/armv6-m\libgcc.a(_divsi3.o)
 .data          0x00000000        0x0 c:/programs/dave4/eclipse/arm-gcc-49/bin/../lib/gcc/arm-none-eabi/4.9.3/armv6-m\libgcc.a(_divsi3.o)
 .bss           0x00000000        0x0 c:/programs/dave4/eclipse/arm-gcc-49/bin/../lib/gcc/arm-none-eabi/4.9.3/armv6-m\libgcc.a(_divsi3.o)
 .debug_frame   0x00000000       0x20 c:/programs/dave4/eclipse/arm-gcc-49/bin/../lib/gcc/arm-none-eabi/4.9.3/armv6-m\libgcc.a(_divsi3.o)
 .ARM.attributes
                0x00000000       0x1e c:/programs/dave4/eclipse/arm-gcc-49/bin/../lib/gcc/arm-none-eabi/4.9.3/armv6-m\libgcc.a(_divsi3.o)
 .data          0x00000000        0x0 c:/programs/dave4/eclipse/arm-gcc-49/bin/../lib/gcc/arm-none-eabi/4.9.3/armv6-m\libgcc.a(_dvmd_tls.o)
 .bss           0x00000000        0x0 c:/programs/dave4/eclipse/arm-gcc-49/bin/../lib/gcc/arm-none-eabi/4.9.3/armv6-m\libgcc.a(_dvmd_tls.o)
 .data          0x00000000        0x0 c:/programs/dave4/eclipse/arm-gcc-49/bin/../lib/gcc/arm-none-eabi/4.9.3/armv6-m\libgcc.a(_aeabi_uldivmod.o)
 .bss           0x00000000        0x0 c:/programs/dave4/eclipse/arm-gcc-49/bin/../lib/gcc/arm-none-eabi/4.9.3/armv6-m\libgcc.a(_aeabi_uldivmod.o)
 .data          0x00000000        0x0 c:/programs/dave4/eclipse/arm-gcc-49/bin/../lib/gcc/arm-none-eabi/4.9.3/armv6-m\libgcc.a(bpabi.o)
 .bss           0x00000000        0x0 c:/programs/dave4/eclipse/arm-gcc-49/bin/../lib/gcc/arm-none-eabi/4.9.3/armv6-m\libgcc.a(bpabi.o)
 .data          0x00000000        0x0 c:/programs/dave4/eclipse/arm-gcc-49/bin/../lib/gcc/arm-none-eabi/4.9.3/armv6-m\libgcc.a(_muldi3.o)
 .bss           0x00000000        0x0 c:/programs/dave4/eclipse/arm-gcc-49/bin/../lib/gcc/arm-none-eabi/4.9.3/armv6-m\libgcc.a(_muldi3.o)
 .data          0x00000000        0x0 c:/programs/dave4/eclipse/arm-gcc-49/bin/../lib/gcc/arm-none-eabi/4.9.3/armv6-m\libgcc.a(_divdi3.o)
 .bss           0x00000000        0x0 c:/programs/dave4/eclipse/arm-gcc-49/bin/../lib/gcc/arm-none-eabi/4.9.3/armv6-m\libgcc.a(_divdi3.o)
 .ARM.extab     0x00000000        0x0 c:/programs/dave4/eclipse/arm-gcc-49/bin/../lib/gcc/arm-none-eabi/4.9.3/armv6-m\libgcc.a(_divdi3.o)
 .data          0x00000000        0x0 c:/programs/dave4/eclipse/arm-gcc-49/bin/../lib/gcc/arm-none-eabi/4.9.3/armv6-m\libgcc.a(_udivdi3.o)
 .bss           0x00000000        0x0 c:/programs/dave4/eclipse/arm-gcc-49/bin/../lib/gcc/arm-none-eabi/4.9.3/armv6-m\libgcc.a(_udivdi3.o)
 .ARM.extab     0x00000000        0x0 c:/programs/dave4/eclipse/arm-gcc-49/bin/../lib/gcc/arm-none-eabi/4.9.3/armv6-m\libgcc.a(_udivdi3.o)
 .data          0x00000000        0x0 c:/programs/dave4/eclipse/arm-gcc-49/bin/../lib/gcc/arm-none-eabi/4.9.3/armv6-m\libgcc.a(_clzdi2.o)
 .bss           0x00000000        0x0 c:/programs/dave4/eclipse/arm-gcc-49/bin/../lib/gcc/arm-none-eabi/4.9.3/armv6-m\libgcc.a(_clzdi2.o)
 .data          0x00000000        0x0 c:/programs/dave4/eclipse/arm-gcc-49/bin/../lib/gcc/arm-none-eabi/4.9.3/armv6-m\libgcc.a(_clzsi2.o)
 .bss           0x00000000        0x0 c:/programs/dave4/eclipse/arm-gcc-49/bin/../lib/gcc/arm-none-eabi/4.9.3/armv6-m\libgcc.a(_clzsi2.o)
 .text          0x00000000        0x0 c:/programs/dave4/eclipse/arm-gcc-49/bin/../lib/gcc/arm-none-eabi/4.9.3/../../../../arm-none-eabi/lib/armv6-m\libc_nano.a(lib_a-atoi.o)
 .data          0x00000000        0x0 c:/programs/dave4/eclipse/arm-gcc-49/bin/../lib/gcc/arm-none-eabi/4.9.3/../../../../arm-none-eabi/lib/armv6-m\libc_nano.a(lib_a-atoi.o)
 .bss           0x00000000        0x0 c:/programs/dave4/eclipse/arm-gcc-49/bin/../lib/gcc/arm-none-eabi/4.9.3/../../../../arm-none-eabi/lib/armv6-m\libc_nano.a(lib_a-atoi.o)
 .text._atoi_r  0x00000000        0xc c:/programs/dave4/eclipse/arm-gcc-49/bin/../lib/gcc/arm-none-eabi/4.9.3/../../../../arm-none-eabi/lib/armv6-m\libc_nano.a(lib_a-atoi.o)
 .text          0x00000000        0x0 c:/programs/dave4/eclipse/arm-gcc-49/bin/../lib/gcc/arm-none-eabi/4.9.3/../../../../arm-none-eabi/lib/armv6-m\libc_nano.a(lib_a-errno.o)
 .data          0x00000000        0x0 c:/programs/dave4/eclipse/arm-gcc-49/bin/../lib/gcc/arm-none-eabi/4.9.3/../../../../arm-none-eabi/lib/armv6-m\libc_nano.a(lib_a-errno.o)
 .bss           0x00000000        0x0 c:/programs/dave4/eclipse/arm-gcc-49/bin/../lib/gcc/arm-none-eabi/4.9.3/../../../../arm-none-eabi/lib/armv6-m\libc_nano.a(lib_a-errno.o)
 .text          0x00000000        0x0 c:/programs/dave4/eclipse/arm-gcc-49/bin/../lib/gcc/arm-none-eabi/4.9.3/../../../../arm-none-eabi/lib/armv6-m\libc_nano.a(lib_a-impure.o)
 .data          0x00000000        0x0 c:/programs/dave4/eclipse/arm-gcc-49/bin/../lib/gcc/arm-none-eabi/4.9.3/../../../../arm-none-eabi/lib/armv6-m\libc_nano.a(lib_a-impure.o)
 .bss           0x00000000        0x0 c:/programs/dave4/eclipse/arm-gcc-49/bin/../lib/gcc/arm-none-eabi/4.9.3/../../../../arm-none-eabi/lib/armv6-m\libc_nano.a(lib_a-impure.o)
 .rodata._global_impure_ptr
                0x00000000        0x4 c:/programs/dave4/eclipse/arm-gcc-49/bin/../lib/gcc/arm-none-eabi/4.9.3/../../../../arm-none-eabi/lib/armv6-m\libc_nano.a(lib_a-impure.o)
 .text          0x00000000        0x0 c:/programs/dave4/eclipse/arm-gcc-49/bin/../lib/gcc/arm-none-eabi/4.9.3/../../../../arm-none-eabi/lib/armv6-m\libc_nano.a(lib_a-init.o)
 .data          0x00000000        0x0 c:/programs/dave4/eclipse/arm-gcc-49/bin/../lib/gcc/arm-none-eabi/4.9.3/../../../../arm-none-eabi/lib/armv6-m\libc_nano.a(lib_a-init.o)
 .bss           0x00000000        0x0 c:/programs/dave4/eclipse/arm-gcc-49/bin/../lib/gcc/arm-none-eabi/4.9.3/../../../../arm-none-eabi/lib/armv6-m\libc_nano.a(lib_a-init.o)
 .text          0x00000000        0x0 c:/programs/dave4/eclipse/arm-gcc-49/bin/../lib/gcc/arm-none-eabi/4.9.3/../../../../arm-none-eabi/lib/armv6-m\libc_nano.a(lib_a-memset.o)
 .data          0x00000000        0x0 c:/programs/dave4/eclipse/arm-gcc-49/bin/../lib/gcc/arm-none-eabi/4.9.3/../../../../arm-none-eabi/lib/armv6-m\libc_nano.a(lib_a-memset.o)
 .bss           0x00000000        0x0 c:/programs/dave4/eclipse/arm-gcc-49/bin/../lib/gcc/arm-none-eabi/4.9.3/../../../../arm-none-eabi/lib/armv6-m\libc_nano.a(lib_a-memset.o)
 .text          0x00000000        0x0 c:/programs/dave4/eclipse/arm-gcc-49/bin/../lib/gcc/arm-none-eabi/4.9.3/../../../../arm-none-eabi/lib/armv6-m\libc_nano.a(lib_a-strtok.o)
 .data          0x00000000        0x0 c:/programs/dave4/eclipse/arm-gcc-49/bin/../lib/gcc/arm-none-eabi/4.9.3/../../../../arm-none-eabi/lib/armv6-m\libc_nano.a(lib_a-strtok.o)
 .bss           0x00000000        0x0 c:/programs/dave4/eclipse/arm-gcc-49/bin/../lib/gcc/arm-none-eabi/4.9.3/../../../../arm-none-eabi/lib/armv6-m\libc_nano.a(lib_a-strtok.o)
 .text          0x00000000        0x0 c:/programs/dave4/eclipse/arm-gcc-49/bin/../lib/gcc/arm-none-eabi/4.9.3/../../../../arm-none-eabi/lib/armv6-m\libc_nano.a(lib_a-strtok_r.o)
 .data          0x00000000        0x0 c:/programs/dave4/eclipse/arm-gcc-49/bin/../lib/gcc/arm-none-eabi/4.9.3/../../../../arm-none-eabi/lib/armv6-m\libc_nano.a(lib_a-strtok_r.o)
 .bss           0x00000000        0x0 c:/programs/dave4/eclipse/arm-gcc-49/bin/../lib/gcc/arm-none-eabi/4.9.3/../../../../arm-none-eabi/lib/armv6-m\libc_nano.a(lib_a-strtok_r.o)
 .text.strtok_r
                0x00000000        0xa c:/programs/dave4/eclipse/arm-gcc-49/bin/../lib/gcc/arm-none-eabi/4.9.3/../../../../arm-none-eabi/lib/armv6-m\libc_nano.a(lib_a-strtok_r.o)
 .text          0x00000000        0x0 c:/programs/dave4/eclipse/arm-gcc-49/bin/../lib/gcc/arm-none-eabi/4.9.3/../../../../arm-none-eabi/lib/armv6-m\libc_nano.a(lib_a-strtol.o)
 .data          0x00000000        0x0 c:/programs/dave4/eclipse/arm-gcc-49/bin/../lib/gcc/arm-none-eabi/4.9.3/../../../../arm-none-eabi/lib/armv6-m\libc_nano.a(lib_a-strtol.o)
 .bss           0x00000000        0x0 c:/programs/dave4/eclipse/arm-gcc-49/bin/../lib/gcc/arm-none-eabi/4.9.3/../../../../arm-none-eabi/lib/armv6-m\libc_nano.a(lib_a-strtol.o)
 .text          0x00000000        0x0 c:/programs/dave4/eclipse/arm-gcc-49/bin/../lib/gcc/arm-none-eabi/4.9.3/../../../../arm-none-eabi/lib/armv6-m\libc_nano.a(lib_a-ctype_.o)
 .data          0x00000000        0x0 c:/programs/dave4/eclipse/arm-gcc-49/bin/../lib/gcc/arm-none-eabi/4.9.3/../../../../arm-none-eabi/lib/armv6-m\libc_nano.a(lib_a-ctype_.o)
 .bss           0x00000000        0x0 c:/programs/dave4/eclipse/arm-gcc-49/bin/../lib/gcc/arm-none-eabi/4.9.3/../../../../arm-none-eabi/lib/armv6-m\libc_nano.a(lib_a-ctype_.o)
 .text          0x00000000        0x0 c:/programs/dave4/eclipse/arm-gcc-49/bin/../lib/gcc/arm-none-eabi/4.9.3/../../../../arm-none-eabi/lib/armv6-m\libc_nano.a(lib_a-malloc.o)
 .data          0x00000000        0x0 c:/programs/dave4/eclipse/arm-gcc-49/bin/../lib/gcc/arm-none-eabi/4.9.3/../../../../arm-none-eabi/lib/armv6-m\libc_nano.a(lib_a-malloc.o)
 .bss           0x00000000        0x0 c:/programs/dave4/eclipse/arm-gcc-49/bin/../lib/gcc/arm-none-eabi/4.9.3/../../../../arm-none-eabi/lib/armv6-m\libc_nano.a(lib_a-malloc.o)
 .text.free     0x00000000       0x14 c:/programs/dave4/eclipse/arm-gcc-49/bin/../lib/gcc/arm-none-eabi/4.9.3/../../../../arm-none-eabi/lib/armv6-m\libc_nano.a(lib_a-malloc.o)
 .text          0x00000000        0x0 c:/programs/dave4/eclipse/arm-gcc-49/bin/../lib/gcc/arm-none-eabi/4.9.3/../../../../arm-none-eabi/lib/armv6-m\libc_nano.a(lib_a-nano-freer.o)
 .data          0x00000000        0x0 c:/programs/dave4/eclipse/arm-gcc-49/bin/../lib/gcc/arm-none-eabi/4.9.3/../../../../arm-none-eabi/lib/armv6-m\libc_nano.a(lib_a-nano-freer.o)
 .bss           0x00000000        0x0 c:/programs/dave4/eclipse/arm-gcc-49/bin/../lib/gcc/arm-none-eabi/4.9.3/../../../../arm-none-eabi/lib/armv6-m\libc_nano.a(lib_a-nano-freer.o)
 .text._free_r  0x00000000       0x8c c:/programs/dave4/eclipse/arm-gcc-49/bin/../lib/gcc/arm-none-eabi/4.9.3/../../../../arm-none-eabi/lib/armv6-m\libc_nano.a(lib_a-nano-freer.o)
 .debug_frame   0x00000000       0x2c c:/programs/dave4/eclipse/arm-gcc-49/bin/../lib/gcc/arm-none-eabi/4.9.3/../../../../arm-none-eabi/lib/armv6-m\libc_nano.a(lib_a-nano-freer.o)
 .ARM.attributes
                0x00000000       0x2c c:/programs/dave4/eclipse/arm-gcc-49/bin/../lib/gcc/arm-none-eabi/4.9.3/../../../../arm-none-eabi/lib/armv6-m\libc_nano.a(lib_a-nano-freer.o)
 .text          0x00000000        0x0 c:/programs/dave4/eclipse/arm-gcc-49/bin/../lib/gcc/arm-none-eabi/4.9.3/../../../../arm-none-eabi/lib/armv6-m\libc_nano.a(lib_a-nano-mallocr.o)
 .data          0x00000000        0x0 c:/programs/dave4/eclipse/arm-gcc-49/bin/../lib/gcc/arm-none-eabi/4.9.3/../../../../arm-none-eabi/lib/armv6-m\libc_nano.a(lib_a-nano-mallocr.o)
 .bss           0x00000000        0x0 c:/programs/dave4/eclipse/arm-gcc-49/bin/../lib/gcc/arm-none-eabi/4.9.3/../../../../arm-none-eabi/lib/armv6-m\libc_nano.a(lib_a-nano-mallocr.o)
 .text          0x00000000        0x0 c:/programs/dave4/eclipse/arm-gcc-49/bin/../lib/gcc/arm-none-eabi/4.9.3/../../../../arm-none-eabi/lib/armv6-m\libc_nano.a(lib_a-sbrkr.o)
 .data          0x00000000        0x0 c:/programs/dave4/eclipse/arm-gcc-49/bin/../lib/gcc/arm-none-eabi/4.9.3/../../../../arm-none-eabi/lib/armv6-m\libc_nano.a(lib_a-sbrkr.o)
 .bss           0x00000000        0x0 c:/programs/dave4/eclipse/arm-gcc-49/bin/../lib/gcc/arm-none-eabi/4.9.3/../../../../arm-none-eabi/lib/armv6-m\libc_nano.a(lib_a-sbrkr.o)
 .text          0x00000000        0x0 c:/programs/dave4/eclipse/arm-gcc-49/bin/../lib/gcc/arm-none-eabi/4.9.3/../../../../arm-none-eabi/lib/armv6-m\libc_nano.a(lib_a-reent.o)
 .data          0x00000000        0x0 c:/programs/dave4/eclipse/arm-gcc-49/bin/../lib/gcc/arm-none-eabi/4.9.3/../../../../arm-none-eabi/lib/armv6-m\libc_nano.a(lib_a-reent.o)
 .bss           0x00000000        0x0 c:/programs/dave4/eclipse/arm-gcc-49/bin/../lib/gcc/arm-none-eabi/4.9.3/../../../../arm-none-eabi/lib/armv6-m\libc_nano.a(lib_a-reent.o)
 .text.cleanup_glue
                0x00000000       0x1a c:/programs/dave4/eclipse/arm-gcc-49/bin/../lib/gcc/arm-none-eabi/4.9.3/../../../../arm-none-eabi/lib/armv6-m\libc_nano.a(lib_a-reent.o)
 .text._reclaim_reent
                0x00000000       0xcc c:/programs/dave4/eclipse/arm-gcc-49/bin/../lib/gcc/arm-none-eabi/4.9.3/../../../../arm-none-eabi/lib/armv6-m\libc_nano.a(lib_a-reent.o)

Memory Configuration

Name             Origin             Length             Attributes
FLASH            0x10001000         0x00010000         xr
SRAM             0x20000000         0x00004000         !xr
*default*        0x00000000         0xffffffff

Linker script and memory map

LOAD ./Startup/startup_XMC1100.o
LOAD ./Startup/system_XMC1100.o
LOAD ./Libraries/XMCLib/src/xmc1_eru.o
LOAD ./Libraries/XMCLib/src/xmc1_flash.o
LOAD ./Libraries/XMCLib/src/xmc1_gpio.o
LOAD ./Libraries/XMCLib/src/xmc1_rtc.o
LOAD ./Libraries/XMCLib/src/xmc1_scu.o
LOAD ./Libraries/XMCLib/src/xmc_acmp.o
LOAD ./Libraries/XMCLib/src/xmc_bccu.o
LOAD ./Libraries/XMCLib/src/xmc_can.o
LOAD ./Libraries/XMCLib/src/xmc_ccu4.o
LOAD ./Libraries/XMCLib/src/xmc_ccu8.o
LOAD ./Libraries/XMCLib/src/xmc_common.o
LOAD ./Libraries/XMCLib/src/xmc_eru.o
LOAD ./Libraries/XMCLib/src/xmc_gpio.o
LOAD ./Libraries/XMCLib/src/xmc_i2c.o
LOAD ./Libraries/XMCLib/src/xmc_i2s.o
LOAD ./Libraries/XMCLib/src/xmc_ledts.o
LOAD ./Libraries/XMCLib/src/xmc_math.o
LOAD ./Libraries/XMCLib/src/xmc_pau.o
LOAD ./Libraries/XMCLib/src/xmc_posif.o
LOAD ./Libraries/XMCLib/src/xmc_prng.o
LOAD ./Libraries/XMCLib/src/xmc_rtc.o
LOAD ./Libraries/XMCLib/src/xmc_spi.o
LOAD ./Libraries/XMCLib/src/xmc_uart.o
LOAD ./Libraries/XMCLib/src/xmc_usic.o
LOAD ./Libraries/XMCLib/src/xmc_vadc.o
LOAD ./Libraries/XMCLib/src/xmc_wdt.o
LOAD ./Libraries/Newlib/syscalls.o
LOAD ./Dave/Generated/UART/uart.o
LOAD ./Dave/Generated/UART/uart_conf.o
LOAD ./Dave/Generated/SPI_CONFIG/spi_config.o
LOAD ./Dave/Generated/SPI_CONFIG/spi_config_conf.o
LOAD ./Dave/Generated/DIGITAL_IO/digital_io.o
LOAD ./Dave/Generated/DIGITAL_IO/digital_io_conf.o
LOAD ./Dave/Generated/CLOCK_XMC1/clock_xmc1.o
LOAD ./Dave/Generated/CLOCK_XMC1/clock_xmc1_conf.o
LOAD ./Dave/Generated/DAVE.o
LOAD ./AD9833.o
LOAD ./MCP41010.o
LOAD ./main.o
LOAD c:/programs/dave4/eclipse/arm-gcc-49/bin/../lib/gcc/arm-none-eabi/4.9.3/../../../../arm-none-eabi/lib/armv6-m\libm.a
START GROUP
LOAD c:/programs/dave4/eclipse/arm-gcc-49/bin/../lib/gcc/arm-none-eabi/4.9.3/armv6-m\libgcc.a
LOAD c:/programs/dave4/eclipse/arm-gcc-49/bin/../lib/gcc/arm-none-eabi/4.9.3/../../../../arm-none-eabi/lib/armv6-m\libc_nano.a
END GROUP
START GROUP
LOAD c:/programs/dave4/eclipse/arm-gcc-49/bin/../lib/gcc/arm-none-eabi/4.9.3/armv6-m\libgcc.a
LOAD c:/programs/dave4/eclipse/arm-gcc-49/bin/../lib/gcc/arm-none-eabi/4.9.3/../../../../arm-none-eabi/lib/armv6-m\libc_nano.a
LOAD c:/programs/dave4/eclipse/arm-gcc-49/bin/../lib/gcc/arm-none-eabi/4.9.3/../../../../arm-none-eabi/lib/armv6-m\libnosys.a
END GROUP
START GROUP
LOAD c:/programs/dave4/eclipse/arm-gcc-49/bin/../lib/gcc/arm-none-eabi/4.9.3/armv6-m\libgcc.a
LOAD c:/programs/dave4/eclipse/arm-gcc-49/bin/../lib/gcc/arm-none-eabi/4.9.3/../../../../arm-none-eabi/lib/armv6-m\libc_nano.a
LOAD c:/programs/dave4/eclipse/arm-gcc-49/bin/../lib/gcc/arm-none-eabi/4.9.3/../../../../arm-none-eabi/lib/armv6-m\libnosys.a
END GROUP
                0x00000400                stack_size = DEFINED (stack_size)?stack_size:0x400
                0x00000004                no_init_size = 0x4

.text           0x10001000     0x1773
                0x10001000                sText = .
 *(.reset)
 .reset         0x10001000       0x9c ./Startup/startup_XMC1100.o
                0x10001000                __Vectors
                0x10001018                Reset_Handler
                0x10001098                USIC0_5_IRQHandler
                0x10001098                HardFault_Handler
                0x10001098                SysTick_Handler
                0x10001098                PendSV_Handler
                0x10001098                VADC0_C0_0_IRQHandler
                0x10001098                SCU_0_IRQHandler
                0x10001098                ERU0_0_IRQHandler
                0x10001098                USIC0_0_IRQHandler
                0x10001098                ERU0_2_IRQHandler
                0x10001098                ERU0_3_IRQHandler
                0x10001098                CCU40_2_IRQHandler
                0x10001098                CCU40_0_IRQHandler
                0x10001098                VADC0_C0_1_IRQHandler
                0x10001098                SVC_Handler
                0x10001098                USIC0_3_IRQHandler
                0x10001098                CCU40_1_IRQHandler
                0x10001098                SCU_2_IRQHandler
                0x10001098                USIC0_1_IRQHandler
                0x10001098                CCU40_3_IRQHandler
                0x10001098                USIC0_4_IRQHandler
                0x10001098                SCU_1_IRQHandler
                0x10001098                ERU0_1_IRQHandler
                0x10001098                USIC0_2_IRQHandler
                0x10001098                Default_handler
 *(.text .text.* .gnu.linkonce.t.*)
 .text.SystemCoreSetup
                0x1000109c       0x24 ./Startup/system_XMC1100.o
                0x1000109c                SystemCoreSetup
 .text.SystemCoreClockUpdate
                0x100010c0       0x4c ./Startup/system_XMC1100.o
                0x100010c0                SystemCoreClockUpdate
 .text.SystemInit
                0x1000110c        0xc ./Startup/system_XMC1100.o
                0x1000110c                SystemInit
 .text.XMC_GPIO_Init
                0x10001118       0x74 ./Libraries/XMCLib/src/xmc1_gpio.o
                0x10001118                XMC_GPIO_Init
 .text.XMC_SCU_UnlockProtectedBits
                0x1000118c       0x14 ./Libraries/XMCLib/src/xmc1_scu.o
                0x1000118c                XMC_SCU_UnlockProtectedBits
 .text.XMC_SCU_CLOCK_UngatePeripheralClock
                0x100011a0       0x28 ./Libraries/XMCLib/src/xmc1_scu.o
                0x100011a0                XMC_SCU_CLOCK_UngatePeripheralClock
 .text.XMC_SCU_CLOCK_ScaleMCLKFrequency
                0x100011c8       0xa0 ./Libraries/XMCLib/src/xmc1_scu.o
                0x100011c8                XMC_SCU_CLOCK_ScaleMCLKFrequency
 .text.XMC_SCU_CLOCK_Init
                0x10001268       0x38 ./Libraries/XMCLib/src/xmc1_scu.o
                0x10001268                XMC_SCU_CLOCK_Init
 .text.XMC_SCU_CLOCK_GetPeripheralClockFrequency
                0x100012a0        0xc ./Libraries/XMCLib/src/xmc1_scu.o
                0x100012a0                XMC_SCU_CLOCK_GetPeripheralClockFrequency
 .text.XMC_GPIO_SetHardwareControl
                0x100012ac       0x1a ./Libraries/XMCLib/src/xmc_gpio.o
                0x100012ac                XMC_GPIO_SetHardwareControl
 *fill*         0x100012c6        0x2 
 .text.XMC_SPI_CH_Init
                0x100012c8       0x44 ./Libraries/XMCLib/src/xmc_spi.o
                0x100012c8                XMC_SPI_CH_Init
 .text.XMC_SPI_CH_EnableSlaveSelect
                0x1000130c       0x14 ./Libraries/XMCLib/src/xmc_spi.o
                0x1000130c                XMC_SPI_CH_EnableSlaveSelect
 .text.XMC_SPI_CH_DisableSlaveSelect
                0x10001320       0x18 ./Libraries/XMCLib/src/xmc_spi.o
                0x10001320                XMC_SPI_CH_DisableSlaveSelect
 .text.XMC_SPI_CH_Transmit
                0x10001338       0x42 ./Libraries/XMCLib/src/xmc_spi.o
                0x10001338                XMC_SPI_CH_Transmit
 .text.XMC_SPI_CH_EnableEvent
                0x1000137a       0x18 ./Libraries/XMCLib/src/xmc_spi.o
                0x1000137a                XMC_SPI_CH_EnableEvent
 .text.XMC_UART_CH_Init
                0x10001392       0x6e ./Libraries/XMCLib/src/xmc_uart.o
                0x10001392                XMC_UART_CH_Init
 .text.XMC_UART_CH_Transmit
                0x10001400       0x2e ./Libraries/XMCLib/src/xmc_uart.o
                0x10001400                XMC_UART_CH_Transmit
 .text.XMC_UART_CH_GetReceivedData
                0x1000142e       0x18 ./Libraries/XMCLib/src/xmc_uart.o
                0x1000142e                XMC_UART_CH_GetReceivedData
 *fill*         0x10001446        0x2 
 .text.XMC_USIC_CH_Enable
                0x10001448       0x30 ./Libraries/XMCLib/src/xmc_usic.o
                0x10001448                XMC_USIC_CH_Enable
 .text.XMC_USIC_CH_SetBaudrate
                0x10001478       0x98 ./Libraries/XMCLib/src/xmc_usic.o
                0x10001478                XMC_USIC_CH_SetBaudrate
 .text.XMC_USIC_CH_TXFIFO_Configure
                0x10001510       0x28 ./Libraries/XMCLib/src/xmc_usic.o
                0x10001510                XMC_USIC_CH_TXFIFO_Configure
 .text.XMC_USIC_CH_RXFIFO_Configure
                0x10001538       0x30 ./Libraries/XMCLib/src/xmc_usic.o
                0x10001538                XMC_USIC_CH_RXFIFO_Configure
 .text.XMC_USIC_CH_SetInterruptNodePointer
                0x10001568       0x12 ./Libraries/XMCLib/src/xmc_usic.o
                0x10001568                XMC_USIC_CH_SetInterruptNodePointer
 *fill*         0x1000157a        0x2 
 .text._sbrk    0x1000157c       0x40 ./Libraries/Newlib/syscalls.o
                0x1000157c                _sbrk
 .text._init    0x100015bc        0x2 ./Libraries/Newlib/syscalls.o
                0x100015bc                _init
 .text.UART_Init
                0x100015be        0xa ./Dave/Generated/UART/uart.o
                0x100015be                UART_Init
 .text.UART_Transmit
                0x100015c8       0x7e ./Dave/Generated/UART/uart.o
                0x100015c8                UART_Transmit
 .text.UART_Receive
                0x10001646       0x7c ./Dave/Generated/UART/uart.o
                0x10001646                UART_Receive
 *fill*         0x100016c2        0x2 
 .text.UART_0_init
                0x100016c4       0x80 ./Dave/Generated/UART/uart_conf.o
                0x100016c4                UART_0_init
 .text.SPI_CONFIG_Init
                0x10001744        0xc ./Dave/Generated/SPI_CONFIG/spi_config.o
                0x10001744                SPI_CONFIG_Init
 .text.SPI_CONFIG_0_lInit
                0x10001750       0xd0 ./Dave/Generated/SPI_CONFIG/spi_config_conf.o
                0x10001750                SPI_CONFIG_0_lInit
 .text.DIGITAL_IO_Init
                0x10001820       0x1c ./Dave/Generated/DIGITAL_IO/digital_io.o
                0x10001820                DIGITAL_IO_Init
 .text.CLOCK_XMC1_Init
                0x1000183c        0xe ./Dave/Generated/CLOCK_XMC1/clock_xmc1.o
                0x1000183c                CLOCK_XMC1_Init
 *fill*         0x1000184a        0x2 
 .text.SystemCoreClockSetup
                0x1000184c       0x1c ./Dave/Generated/CLOCK_XMC1/clock_xmc1_conf.o
                0x1000184c                SystemCoreClockSetup
 .text.DAVE_Init
                0x10001868       0x80 ./Dave/Generated/DAVE.o
                0x10001868                DAVE_Init
 .text.AD9833_WaitEndSPI
                0x100018e8       0x10 ./AD9833.o
 .text.AD9833_StartSPI
                0x100018f8       0x1c ./AD9833.o
                0x100018f8                AD9833_StartSPI
 .text.AD9833_Reset
                0x10001914       0x20 ./AD9833.o
                0x10001914                AD9833_Reset
 .text.AD9833_SetFreq
                0x10001934       0x60 ./AD9833.o
                0x10001934                AD9833_SetFreq
 .text.AD9833_SetPhase
                0x10001994       0x30 ./AD9833.o
                0x10001994                AD9833_SetPhase
 .text.AD9833_SelFreqPhase
                0x100019c4       0x54 ./AD9833.o
                0x100019c4                AD9833_SelFreqPhase
 .text.MCP41010_StartSPI
                0x10001a18       0x38 ./MCP41010.o
                0x10001a18                MCP41010_StartSPI
 .text.MCP41010_set
                0x10001a50       0x3c ./MCP41010.o
                0x10001a50                MCP41010_set
 .text.startup.main
                0x10001a8c      0x1d8 ./main.o
                0x10001a8c                main
 .text          0x10001c64      0x120 c:/programs/dave4/eclipse/arm-gcc-49/bin/../lib/gcc/arm-none-eabi/4.9.3/armv6-m\libgcc.a(_udivsi3.o)
                0x10001c64                __aeabi_uidiv
                0x10001c64                __udivsi3
                0x10001d70                __aeabi_uidivmod
 .text          0x10001d84        0x4 c:/programs/dave4/eclipse/arm-gcc-49/bin/../lib/gcc/arm-none-eabi/4.9.3/armv6-m\libgcc.a(_dvmd_tls.o)
                0x10001d84                __aeabi_idiv0
                0x10001d84                __aeabi_ldiv0
 .text          0x10001d88       0x40 c:/programs/dave4/eclipse/arm-gcc-49/bin/../lib/gcc/arm-none-eabi/4.9.3/armv6-m\libgcc.a(_aeabi_uldivmod.o)
                0x10001d88                __aeabi_uldivmod
 .text          0x10001dc8       0x6c c:/programs/dave4/eclipse/arm-gcc-49/bin/../lib/gcc/arm-none-eabi/4.9.3/armv6-m\libgcc.a(bpabi.o)
                0x10001dc8                __gnu_ldivmod_helper
                0x10001e00                __gnu_uldivmod_helper
 .text          0x10001e34       0x54 c:/programs/dave4/eclipse/arm-gcc-49/bin/../lib/gcc/arm-none-eabi/4.9.3/armv6-m\libgcc.a(_muldi3.o)
                0x10001e34                __muldi3
                0x10001e34                __aeabi_lmul
 .text          0x10001e88      0x1f0 c:/programs/dave4/eclipse/arm-gcc-49/bin/../lib/gcc/arm-none-eabi/4.9.3/armv6-m\libgcc.a(_divdi3.o)
                0x10001e88                __divdi3
 .text          0x10002078      0x158 c:/programs/dave4/eclipse/arm-gcc-49/bin/../lib/gcc/arm-none-eabi/4.9.3/armv6-m\libgcc.a(_udivdi3.o)
                0x10002078                __udivdi3
 .text          0x100021d0       0x18 c:/programs/dave4/eclipse/arm-gcc-49/bin/../lib/gcc/arm-none-eabi/4.9.3/armv6-m\libgcc.a(_clzdi2.o)
                0x100021d0                __clzdi2
 .text          0x100021e8       0x3c c:/programs/dave4/eclipse/arm-gcc-49/bin/../lib/gcc/arm-none-eabi/4.9.3/armv6-m\libgcc.a(_clzsi2.o)
                0x100021e8                __clzsi2
 .text.atoi     0x10002224        0xc c:/programs/dave4/eclipse/arm-gcc-49/bin/../lib/gcc/arm-none-eabi/4.9.3/../../../../arm-none-eabi/lib/armv6-m\libc_nano.a(lib_a-atoi.o)
                0x10002224                atoi
 .text.__errno  0x10002230        0xc c:/programs/dave4/eclipse/arm-gcc-49/bin/../lib/gcc/arm-none-eabi/4.9.3/../../../../arm-none-eabi/lib/armv6-m\libc_nano.a(lib_a-errno.o)
                0x10002230                __errno
 .text.__libc_init_array
                0x1000223c       0x4c c:/programs/dave4/eclipse/arm-gcc-49/bin/../lib/gcc/arm-none-eabi/4.9.3/../../../../arm-none-eabi/lib/armv6-m\libc_nano.a(lib_a-init.o)
                0x1000223c                __libc_init_array
 .text.memset   0x10002288       0x10 c:/programs/dave4/eclipse/arm-gcc-49/bin/../lib/gcc/arm-none-eabi/4.9.3/../../../../arm-none-eabi/lib/armv6-m\libc_nano.a(lib_a-memset.o)
                0x10002288                memset
 .text.strtok   0x10002298       0x64 c:/programs/dave4/eclipse/arm-gcc-49/bin/../lib/gcc/arm-none-eabi/4.9.3/../../../../arm-none-eabi/lib/armv6-m\libc_nano.a(lib_a-strtok.o)
                0x10002298                strtok
 .text.__strtok_r
                0x100022fc       0x5e c:/programs/dave4/eclipse/arm-gcc-49/bin/../lib/gcc/arm-none-eabi/4.9.3/../../../../arm-none-eabi/lib/armv6-m\libc_nano.a(lib_a-strtok_r.o)
                0x100022fc                __strtok_r
 *fill*         0x1000235a        0x2 
 .text._strtol_r
                0x1000235c      0x120 c:/programs/dave4/eclipse/arm-gcc-49/bin/../lib/gcc/arm-none-eabi/4.9.3/../../../../arm-none-eabi/lib/armv6-m\libc_nano.a(lib_a-strtol.o)
                0x1000235c                _strtol_r
 .text.strtol   0x1000247c       0x1c c:/programs/dave4/eclipse/arm-gcc-49/bin/../lib/gcc/arm-none-eabi/4.9.3/../../../../arm-none-eabi/lib/armv6-m\libc_nano.a(lib_a-strtol.o)
                0x1000247c                strtol
 .text.malloc   0x10002498       0x14 c:/programs/dave4/eclipse/arm-gcc-49/bin/../lib/gcc/arm-none-eabi/4.9.3/../../../../arm-none-eabi/lib/armv6-m\libc_nano.a(lib_a-malloc.o)
                0x10002498                malloc
 .text._malloc_r
                0x100024ac       0xb0 c:/programs/dave4/eclipse/arm-gcc-49/bin/../lib/gcc/arm-none-eabi/4.9.3/../../../../arm-none-eabi/lib/armv6-m\libc_nano.a(lib_a-nano-mallocr.o)
                0x100024ac                _malloc_r
 .text._sbrk_r  0x1000255c       0x24 c:/programs/dave4/eclipse/arm-gcc-49/bin/../lib/gcc/arm-none-eabi/4.9.3/../../../../arm-none-eabi/lib/armv6-m\libc_nano.a(lib_a-sbrkr.o)
                0x1000255c                _sbrk_r
 *(.init)
 *(.fini)
 *crtbegin.o(.ctors)
 *crtbegin?.o(.ctors)
 *(EXCLUDE_FILE(*crtend.o *crtend?.o) .ctors)
 *(SORT(.ctors.*))
 *(.ctors)
 *crtbegin.o(.dtors)
 *crtbegin?.o(.dtors)
 *(EXCLUDE_FILE(*crtend.o *crtend?.o) .dtors)
 *(SORT(.dtors.*))
 *(.dtors)
 *(.rodata .rodata.*)
 .rodata.UART_0_config
                0x10002580       0x28 ./Dave/Generated/UART/uart_conf.o
                0x10002580                UART_0_config
 .rodata.UART_0_rx_pin_config
                0x100025a8        0x8 ./Dave/Generated/UART/uart_conf.o
                0x100025a8                UART_0_rx_pin_config
 .rodata.UART_0_tx_pin
                0x100025b0        0xc ./Dave/Generated/UART/uart_conf.o
                0x100025b0                UART_0_tx_pin
 .rodata.UART_0_tx_pin_config
                0x100025bc        0x8 ./Dave/Generated/UART/uart_conf.o
                0x100025bc                UART_0_tx_pin_config
 .rodata.UART_0_channel_config
                0x100025c4        0xc ./Dave/Generated/UART/uart_conf.o
                0x100025c4                UART_0_channel_config
 .rodata.SPI_CONFIG_0_slave_select_list
                0x100025d0       0x20 ./Dave/Generated/SPI_CONFIG/spi_config_conf.o
                0x100025d0                SPI_CONFIG_0_slave_select_list
 .rodata.SPI_CONFIG_0_config
                0x100025f0       0x14 ./Dave/Generated/SPI_CONFIG/spi_config_conf.o
                0x100025f0                SPI_CONFIG_0_config
 .rodata.DIGITAL_IO_MOSI
                0x10002604       0x10 ./Dave/Generated/DIGITAL_IO/digital_io_conf.o
                0x10002604                DIGITAL_IO_MOSI
 .rodata.DIGITAL_IO_SCLK
                0x10002614       0x10 ./Dave/Generated/DIGITAL_IO/digital_io_conf.o
                0x10002614                DIGITAL_IO_SCLK
 .rodata.DIGITAL_IO_SSL1
                0x10002624       0x10 ./Dave/Generated/DIGITAL_IO/digital_io_conf.o
                0x10002624                DIGITAL_IO_SSL1
 .rodata.DIGITAL_IO_SSL2
                0x10002634       0x10 ./Dave/Generated/DIGITAL_IO/digital_io_conf.o
                0x10002634                DIGITAL_IO_SSL2
 .rodata.DIGITAL_IO_LED1
                0x10002644       0x10 ./Dave/Generated/DIGITAL_IO/digital_io_conf.o
                0x10002644                DIGITAL_IO_LED1
 .rodata.DIGITAL_IO_LED2
                0x10002654       0x10 ./Dave/Generated/DIGITAL_IO/digital_io_conf.o
                0x10002654                DIGITAL_IO_LED2
 .rodata        0x10002664        0xc ./Dave/Generated/CLOCK_XMC1/clock_xmc1_conf.o
 .rodata.str1.1
                0x10002670        0x2 c:/programs/dave4/eclipse/arm-gcc-49/bin/../lib/gcc/arm-none-eabi/4.9.3/../../../../arm-none-eabi/lib/armv6-m\libc_nano.a(lib_a-impure.o)
 .rodata._ctype_
                0x10002672      0x101 c:/programs/dave4/eclipse/arm-gcc-49/bin/../lib/gcc/arm-none-eabi/4.9.3/../../../../arm-none-eabi/lib/armv6-m\libc_nano.a(lib_a-ctype_.o)
                0x10002672                _ctype_
 *(.gnu.linkonce.r*)

.glue_7         0x10002774        0x0
 .glue_7        0x00000000        0x0 linker stubs

.glue_7t        0x10002774        0x0
 .glue_7t       0x00000000        0x0 linker stubs

.vfp11_veneer   0x10002774        0x0
 .vfp11_veneer  0x00000000        0x0 linker stubs

.v4_bx          0x10002774        0x0
 .v4_bx         0x00000000        0x0 linker stubs

.iplt           0x10002774        0x0
 .iplt          0x00000000        0x0 ./Startup/startup_XMC1100.o

.eh_frame_hdr
 *(.eh_frame_hdr)

.eh_frame
 *(.eh_frame)

.ARM.extab
 *(.ARM.extab* .gnu.linkonce.armextab.*)
                0x10002774                . = ALIGN (0x4)
                0x10002774                __exidx_start = .

.ARM.exidx      0x10002774        0x8
 *(.ARM.exidx* .gnu.linkonce.armexidx.*)
 .ARM.exidx     0x10002774        0x8 c:/programs/dave4/eclipse/arm-gcc-49/bin/../lib/gcc/arm-none-eabi/4.9.3/armv6-m\libgcc.a(_divdi3.o)
 .ARM.exidx     0x1000277c        0x0 c:/programs/dave4/eclipse/arm-gcc-49/bin/../lib/gcc/arm-none-eabi/4.9.3/armv6-m\libgcc.a(_udivdi3.o)
                                  0x8 (size before relaxing)
                0x1000277c                __exidx_end = .
                0x1000277c                . = ALIGN (0x4)
                0x1000277c                eROData = .

.VENEER_Code    0x2000000c      0x110 load address 0x1000277c
                0x2000000c                . = ALIGN (0x4)
                0x2000000c                VeneerStart = .
 *(.XmcVeneerCode)
 .XmcVeneerCode
                0x2000000c      0x110 ./Startup/startup_XMC1100.o
                0x2000000c                HardFault_Veneer
                0x2000002c                SVC_Veneer
                0x20000038                PendSV_Veneer
                0x2000003c                SysTick_Veneer
                0x20000040                SCU_0_Veneer
                0x20000044                SCU_1_Veneer
                0x20000048                SCU_2_Veneer
                0x2000004c                SCU_3_Veneer
                0x20000050                SCU_4_Veneer
                0x20000054                SCU_5_Veneer
                0x20000058                SCU_6_Veneer
                0x20000064                USIC0_0_Veneer
                0x20000068                USIC0_1_Veneer
                0x2000006c                USIC0_2_Veneer
                0x20000070                USIC0_3_Veneer
                0x20000074                USIC0_4_Veneer
                0x20000078                USIC0_5_Veneer
                0x2000007c                VADC0_C0_0_Veneer
                0x20000080                VADC0_C0_1_Veneer
                0x20000094                CCU40_0_Veneer
                0x20000098                CCU40_1_Veneer
                0x2000009c                CCU40_2_Veneer
                0x200000a0                CCU40_3_Veneer
                0x2000011c                . = ALIGN (0x4)
                0x2000011c                VeneerEnd = .
                0x00000110                VeneerSize = (ABSOLUTE (VeneerEnd) - ABSOLUTE (VeneerStart))

.rel.dyn        0x2000011c        0x0 load address 0x1000288c
 .rel.iplt      0x00000000        0x0 ./Startup/startup_XMC1100.o

Stack           0x2000011c      0x404 load address 0x00000000
                0x20000120                . = ALIGN (0x8)
 *fill*         0x2000011c        0x4 
                0x20000520                . = (. + stack_size)
 *fill*         0x20000120      0x400 
                0x20000520                __initial_sp = .
                0x1000288c                DataLoadAddr = (eROData + VeneerSize)

.data           0x20000520       0xc0 load address 0x1000288c
                0x20000520                . = ALIGN (0x4)
                0x20000520                __data_start = .
 *(vtable)
 *(.data)
 *(.data*)
 .data.UART_0   0x20000520        0xc ./Dave/Generated/UART/uart_conf.o
                0x20000520                UART_0
 .data.SPI_CONFIG_0_channel_config
                0x2000052c        0x8 ./Dave/Generated/SPI_CONFIG/spi_config_conf.o
                0x2000052c                SPI_CONFIG_0_channel_config
 .data.SPI_CONFIG_0
                0x20000534        0x8 ./Dave/Generated/SPI_CONFIG/spi_config_conf.o
                0x20000534                SPI_CONFIG_0
 .data.welcome_str
                0x2000053c       0x18 ./main.o
                0x2000053c                welcome_str
 .data.separators
                0x20000554        0x2 ./main.o
                0x20000554                separators
 .data.err_msg_buff_ovflw
                0x20000556       0x1f ./main.o
                0x20000556                err_msg_buff_ovflw
 *fill*         0x20000575        0x3 
 .data.impure_data
                0x20000578       0x60 c:/programs/dave4/eclipse/arm-gcc-49/bin/../lib/gcc/arm-none-eabi/4.9.3/../../../../arm-none-eabi/lib/armv6-m\libc_nano.a(lib_a-impure.o)
 .data._impure_ptr
                0x200005d8        0x4 c:/programs/dave4/eclipse/arm-gcc-49/bin/../lib/gcc/arm-none-eabi/4.9.3/../../../../arm-none-eabi/lib/armv6-m\libc_nano.a(lib_a-impure.o)
                0x200005d8                _impure_ptr
 .data.__ctype_ptr__
                0x200005dc        0x4 c:/programs/dave4/eclipse/arm-gcc-49/bin/../lib/gcc/arm-none-eabi/4.9.3/../../../../arm-none-eabi/lib/armv6-m\libc_nano.a(lib_a-ctype_.o)
                0x200005dc                __ctype_ptr__
 *(*.data)
 *(.gnu.linkonce.d*)
                0x200005e0                . = ALIGN (0x4)
                0x200005e0                PROVIDE (__preinit_array_start, .)
 *(.preinit_array)
                0x200005e0                PROVIDE (__preinit_array_end, .)
                0x200005e0                . = ALIGN (0x4)
                0x200005e0                PROVIDE (__init_array_start, .)
 *(SORT(.init_array.*))
 *(.init_array)
                0x200005e0                PROVIDE (__init_array_end, .)
                0x200005e0                . = ALIGN (0x4)
                0x200005e0                PROVIDE (__fini_array_start, .)
 *(SORT(.fini_array.*))
 *(.fini_array)
                0x200005e0                PROVIDE (__fini_array_end, .)
                0x200005e0                . = ALIGN (0x4)
                0x200005e0                __data_end = .
                0x000000c0                __data_size = (__data_end - __data_start)

.igot.plt       0x200005e0        0x0 load address 0x1000294c
 .igot.plt      0x00000000        0x0 ./Startup/startup_XMC1100.o

.ram_code       0x200005e0        0x0 load address 0x1000294c
                0x200005e0                . = ALIGN (0x4)
                0x200005e0                __ram_code_start = .
 *(.ram_code)
                0x200005e0                . = ALIGN (0x4)
                0x200005e0                __ram_code_end = .
                0x1000294c                __ram_code_load = LOADADDR (.ram_code)
                0x00000000                __ram_code_size = (__ram_code_end - __ram_code_start)

.bss            0x200005e0       0x58 load address 0x1000294c
                0x200005e0                . = ALIGN (0x4)
                0x200005e0                __bss_start = .
 *(.bss)
 *(.bss*)
 .bss.IDIV.4704
                0x200005e0        0x4 ./Startup/system_XMC1100.o
 .bss.FDIV.4705
                0x200005e4        0x4 ./Startup/system_XMC1100.o
 .bss.heap_ptr.4327
                0x200005e8        0x4 ./Libraries/Newlib/syscalls.o
 .bss.UART_0_runtime
                0x200005ec       0x1c ./Dave/Generated/UART/uart_conf.o
                0x200005ec                UART_0_runtime
 .bss.CLOCK_XMC1_0
                0x20000608        0x1 ./Dave/Generated/CLOCK_XMC1/clock_xmc1_conf.o
                0x20000608                CLOCK_XMC1_0
 .bss.rec_data_idx
                0x20000609        0x1 ./main.o
                0x20000609                rec_data_idx
 *fill*         0x2000060a        0x2 
 .bss.__malloc_sbrk_start
                0x2000060c        0x4 c:/programs/dave4/eclipse/arm-gcc-49/bin/../lib/gcc/arm-none-eabi/4.9.3/../../../../arm-none-eabi/lib/armv6-m\libc_nano.a(lib_a-nano-mallocr.o)
                0x2000060c                __malloc_sbrk_start
 .bss.__malloc_free_list
                0x20000610        0x4 c:/programs/dave4/eclipse/arm-gcc-49/bin/../lib/gcc/arm-none-eabi/4.9.3/../../../../arm-none-eabi/lib/armv6-m\libc_nano.a(lib_a-nano-mallocr.o)
                0x20000610                __malloc_free_list
 *(COMMON)
 COMMON         0x20000614       0x19 ./main.o
                0x20000614                rec_data
 *fill*         0x2000062d        0x3 
 COMMON         0x20000630        0x4 c:/programs/dave4/eclipse/arm-gcc-49/bin/../lib/gcc/arm-none-eabi/4.9.3/../../../../arm-none-eabi/lib/armv6-m\libc_nano.a(lib_a-reent.o)
                0x20000630                errno
 *(.gnu.linkonce.b*)
                0x20000634                . = ALIGN (0x4)
                0x20000634                __bss_end = .
                0x20000638                . = ALIGN (0x8)
 *fill*         0x20000634        0x4 
                0x20000638                Heap_Bank1_Start = .
                0x00000054                __bss_size = (__bss_end - __bss_start)

.no_init        0x20003ffc        0x4 load address 0x10006368
                0x20003ffc                Heap_Bank1_End = .
 *(.no_init)
 .no_init       0x20003ffc        0x4 ./Startup/system_XMC1100.o
                0x20003ffc                SystemCoreClock
                0x000039c4                Heap_Bank1_Size = (Heap_Bank1_End - Heap_Bank1_Start)
                0x00000001                ASSERT ((Heap_Bank1_Start <= Heap_Bank1_End), region SRAM overflowed no_init section)

/DISCARD/
 *(.comment)

.stab
 *(.stab)

.stabstr
 *(.stabstr)

.debug
 *(.debug)

.line
 *(.line)

.debug_srcinfo
 *(.debug_srcinfo)

.debug_sfnames
 *(.debug_sfnames)

.debug_aranges
 *(.debug_aranges)

.debug_pubnames
 *(.debug_pubnames)

.debug_pubtypes
 *(.debug_pubtypes)

.debug_info
 *(.debug_info .gnu.linkonce.wi.*)

.debug_abbrev
 *(.debug_abbrev)

.debug_line
 *(.debug_line)

.debug_frame    0x00000000      0x36c
 *(.debug_frame)
 .debug_frame   0x00000000       0x20 c:/programs/dave4/eclipse/arm-gcc-49/bin/../lib/gcc/arm-none-eabi/4.9.3/armv6-m\libgcc.a(_udivsi3.o)
 .debug_frame   0x00000020       0x50 c:/programs/dave4/eclipse/arm-gcc-49/bin/../lib/gcc/arm-none-eabi/4.9.3/armv6-m\libgcc.a(bpabi.o)
 .debug_frame   0x00000070       0x34 c:/programs/dave4/eclipse/arm-gcc-49/bin/../lib/gcc/arm-none-eabi/4.9.3/armv6-m\libgcc.a(_muldi3.o)
 .debug_frame   0x000000a4       0x3c c:/programs/dave4/eclipse/arm-gcc-49/bin/../lib/gcc/arm-none-eabi/4.9.3/armv6-m\libgcc.a(_divdi3.o)
 .debug_frame   0x000000e0       0x3c c:/programs/dave4/eclipse/arm-gcc-49/bin/../lib/gcc/arm-none-eabi/4.9.3/armv6-m\libgcc.a(_udivdi3.o)
 .debug_frame   0x0000011c       0x40 c:/programs/dave4/eclipse/arm-gcc-49/bin/../lib/gcc/arm-none-eabi/4.9.3/../../../../arm-none-eabi/lib/armv6-m\libc_nano.a(lib_a-atoi.o)
 .debug_frame   0x0000015c       0x20 c:/programs/dave4/eclipse/arm-gcc-49/bin/../lib/gcc/arm-none-eabi/4.9.3/../../../../arm-none-eabi/lib/armv6-m\libc_nano.a(lib_a-errno.o)
 .debug_frame   0x0000017c       0x2c c:/programs/dave4/eclipse/arm-gcc-49/bin/../lib/gcc/arm-none-eabi/4.9.3/../../../../arm-none-eabi/lib/armv6-m\libc_nano.a(lib_a-init.o)
 .debug_frame   0x000001a8       0x20 c:/programs/dave4/eclipse/arm-gcc-49/bin/../lib/gcc/arm-none-eabi/4.9.3/../../../../arm-none-eabi/lib/armv6-m\libc_nano.a(lib_a-memset.o)
 .debug_frame   0x000001c8       0x30 c:/programs/dave4/eclipse/arm-gcc-49/bin/../lib/gcc/arm-none-eabi/4.9.3/../../../../arm-none-eabi/lib/armv6-m\libc_nano.a(lib_a-strtok.o)
 .debug_frame   0x000001f8       0x48 c:/programs/dave4/eclipse/arm-gcc-49/bin/../lib/gcc/arm-none-eabi/4.9.3/../../../../arm-none-eabi/lib/armv6-m\libc_nano.a(lib_a-strtok_r.o)
 .debug_frame   0x00000240       0x4c c:/programs/dave4/eclipse/arm-gcc-49/bin/../lib/gcc/arm-none-eabi/4.9.3/../../../../arm-none-eabi/lib/armv6-m\libc_nano.a(lib_a-strtol.o)
 .debug_frame   0x0000028c       0x40 c:/programs/dave4/eclipse/arm-gcc-49/bin/../lib/gcc/arm-none-eabi/4.9.3/../../../../arm-none-eabi/lib/armv6-m\libc_nano.a(lib_a-malloc.o)
 .debug_frame   0x000002cc       0x2c c:/programs/dave4/eclipse/arm-gcc-49/bin/../lib/gcc/arm-none-eabi/4.9.3/../../../../arm-none-eabi/lib/armv6-m\libc_nano.a(lib_a-nano-mallocr.o)
 .debug_frame   0x000002f8       0x2c c:/programs/dave4/eclipse/arm-gcc-49/bin/../lib/gcc/arm-none-eabi/4.9.3/../../../../arm-none-eabi/lib/armv6-m\libc_nano.a(lib_a-sbrkr.o)
 .debug_frame   0x00000324       0x48 c:/programs/dave4/eclipse/arm-gcc-49/bin/../lib/gcc/arm-none-eabi/4.9.3/../../../../arm-none-eabi/lib/armv6-m\libc_nano.a(lib_a-reent.o)

.debug_str
 *(.debug_str)

.debug_loc
 *(.debug_loc)

.debug_macinfo
 *(.debug_macinfo)

.debug_ranges
 *(.debug_ranges)

.debug_weaknames
 *(.debug_weaknames)

.debug_funcnames
 *(.debug_funcnames)

.debug_typenames
 *(.debug_typenames)

.debug_varnames
 *(.debug_varnames)

.build_attributes
                0x00000000      0x777
 *(.ARM.attributes)
 .ARM.attributes
                0x00000000       0x21 ./Startup/startup_XMC1100.o
 .ARM.attributes
                0x00000021       0x31 ./Startup/system_XMC1100.o
 .ARM.attributes
                0x00000052       0x31 ./Libraries/XMCLib/src/xmc1_gpio.o
 .ARM.attributes
                0x00000083       0x31 ./Libraries/XMCLib/src/xmc1_scu.o
 .ARM.attributes
                0x000000b4       0x31 ./Libraries/XMCLib/src/xmc_gpio.o
 .ARM.attributes
                0x000000e5       0x31 ./Libraries/XMCLib/src/xmc_spi.o
 .ARM.attributes
                0x00000116       0x31 ./Libraries/XMCLib/src/xmc_uart.o
 .ARM.attributes
                0x00000147       0x31 ./Libraries/XMCLib/src/xmc_usic.o
 .ARM.attributes
                0x00000178       0x31 ./Libraries/Newlib/syscalls.o
 .ARM.attributes
                0x000001a9       0x31 ./Dave/Generated/UART/uart.o
 .ARM.attributes
                0x000001da       0x31 ./Dave/Generated/UART/uart_conf.o
 .ARM.attributes
                0x0000020b       0x31 ./Dave/Generated/SPI_CONFIG/spi_config.o
 .ARM.attributes
                0x0000023c       0x31 ./Dave/Generated/SPI_CONFIG/spi_config_conf.o
 .ARM.attributes
                0x0000026d       0x31 ./Dave/Generated/DIGITAL_IO/digital_io.o
 .ARM.attributes
                0x0000029e       0x31 ./Dave/Generated/DIGITAL_IO/digital_io_conf.o
 .ARM.attributes
                0x000002cf       0x31 ./Dave/Generated/CLOCK_XMC1/clock_xmc1.o
 .ARM.attributes
                0x00000300       0x31 ./Dave/Generated/CLOCK_XMC1/clock_xmc1_conf.o
 .ARM.attributes
                0x00000331       0x31 ./Dave/Generated/DAVE.o
 .ARM.attributes
                0x00000362       0x31 ./AD9833.o
 .ARM.attributes
                0x00000393       0x31 ./MCP41010.o
 .ARM.attributes
                0x000003c4       0x31 ./main.o
 .ARM.attributes
                0x000003f5       0x1e c:/programs/dave4/eclipse/arm-gcc-49/bin/../lib/gcc/arm-none-eabi/4.9.3/armv6-m\libgcc.a(_udivsi3.o)
 .ARM.attributes
                0x00000413       0x1e c:/programs/dave4/eclipse/arm-gcc-49/bin/../lib/gcc/arm-none-eabi/4.9.3/armv6-m\libgcc.a(_dvmd_tls.o)
 .ARM.attributes
                0x00000431       0x1e c:/programs/dave4/eclipse/arm-gcc-49/bin/../lib/gcc/arm-none-eabi/4.9.3/armv6-m\libgcc.a(_aeabi_uldivmod.o)
 .ARM.attributes
                0x0000044f       0x2c c:/programs/dave4/eclipse/arm-gcc-49/bin/../lib/gcc/arm-none-eabi/4.9.3/armv6-m\libgcc.a(bpabi.o)
 .ARM.attributes
                0x0000047b       0x2c c:/programs/dave4/eclipse/arm-gcc-49/bin/../lib/gcc/arm-none-eabi/4.9.3/armv6-m\libgcc.a(_muldi3.o)
 .ARM.attributes
                0x000004a7       0x2c c:/programs/dave4/eclipse/arm-gcc-49/bin/../lib/gcc/arm-none-eabi/4.9.3/armv6-m\libgcc.a(_divdi3.o)
 .ARM.attributes
                0x000004d3       0x2c c:/programs/dave4/eclipse/arm-gcc-49/bin/../lib/gcc/arm-none-eabi/4.9.3/armv6-m\libgcc.a(_udivdi3.o)
 .ARM.attributes
                0x000004ff       0x1e c:/programs/dave4/eclipse/arm-gcc-49/bin/../lib/gcc/arm-none-eabi/4.9.3/armv6-m\libgcc.a(_clzdi2.o)
 .ARM.attributes
                0x0000051d       0x1e c:/programs/dave4/eclipse/arm-gcc-49/bin/../lib/gcc/arm-none-eabi/4.9.3/armv6-m\libgcc.a(_clzsi2.o)
 .ARM.attributes
                0x0000053b       0x2c c:/programs/dave4/eclipse/arm-gcc-49/bin/../lib/gcc/arm-none-eabi/4.9.3/../../../../arm-none-eabi/lib/armv6-m\libc_nano.a(lib_a-atoi.o)
 .ARM.attributes
                0x00000567       0x2c c:/programs/dave4/eclipse/arm-gcc-49/bin/../lib/gcc/arm-none-eabi/4.9.3/../../../../arm-none-eabi/lib/armv6-m\libc_nano.a(lib_a-errno.o)
 .ARM.attributes
                0x00000593       0x2c c:/programs/dave4/eclipse/arm-gcc-49/bin/../lib/gcc/arm-none-eabi/4.9.3/../../../../arm-none-eabi/lib/armv6-m\libc_nano.a(lib_a-impure.o)
 .ARM.attributes
                0x000005bf       0x2c c:/programs/dave4/eclipse/arm-gcc-49/bin/../lib/gcc/arm-none-eabi/4.9.3/../../../../arm-none-eabi/lib/armv6-m\libc_nano.a(lib_a-init.o)
 .ARM.attributes
                0x000005eb       0x2c c:/programs/dave4/eclipse/arm-gcc-49/bin/../lib/gcc/arm-none-eabi/4.9.3/../../../../arm-none-eabi/lib/armv6-m\libc_nano.a(lib_a-memset.o)
 .ARM.attributes
                0x00000617       0x2c c:/programs/dave4/eclipse/arm-gcc-49/bin/../lib/gcc/arm-none-eabi/4.9.3/../../../../arm-none-eabi/lib/armv6-m\libc_nano.a(lib_a-strtok.o)
 .ARM.attributes
                0x00000643       0x2c c:/programs/dave4/eclipse/arm-gcc-49/bin/../lib/gcc/arm-none-eabi/4.9.3/../../../../arm-none-eabi/lib/armv6-m\libc_nano.a(lib_a-strtok_r.o)
 .ARM.attributes
                0x0000066f       0x2c c:/programs/dave4/eclipse/arm-gcc-49/bin/../lib/gcc/arm-none-eabi/4.9.3/../../../../arm-none-eabi/lib/armv6-m\libc_nano.a(lib_a-strtol.o)
 .ARM.attributes
                0x0000069b       0x2c c:/programs/dave4/eclipse/arm-gcc-49/bin/../lib/gcc/arm-none-eabi/4.9.3/../../../../arm-none-eabi/lib/armv6-m\libc_nano.a(lib_a-ctype_.o)
 .ARM.attributes
                0x000006c7       0x2c c:/programs/dave4/eclipse/arm-gcc-49/bin/../lib/gcc/arm-none-eabi/4.9.3/../../../../arm-none-eabi/lib/armv6-m\libc_nano.a(lib_a-malloc.o)
 .ARM.attributes
                0x000006f3       0x2c c:/programs/dave4/eclipse/arm-gcc-49/bin/../lib/gcc/arm-none-eabi/4.9.3/../../../../arm-none-eabi/lib/armv6-m\libc_nano.a(lib_a-nano-mallocr.o)
 .ARM.attributes
                0x0000071f       0x2c c:/programs/dave4/eclipse/arm-gcc-49/bin/../lib/gcc/arm-none-eabi/4.9.3/../../../../arm-none-eabi/lib/armv6-m\libc_nano.a(lib_a-sbrkr.o)
 .ARM.attributes
                0x0000074b       0x2c c:/programs/dave4/eclipse/arm-gcc-49/bin/../lib/gcc/arm-none-eabi/4.9.3/../../../../arm-none-eabi/lib/armv6-m\libc_nano.a(lib_a-reent.o)
OUTPUT(XMC2AD9833.elf elf32-littlearm)
